Archive member included to satisfy reference by file (symbol)

c:/tools/gcc-arm-none-eabi-10.3-2021.10/bin/../lib/gcc/arm-none-eabi/10.3.1/../../../../arm-none-eabi/lib/thumb/v7e-m+fp/hard\libc_nano.a(lib_a-exit.o)
                              c:/tools/gcc-arm-none-eabi-10.3-2021.10/bin/../lib/gcc/arm-none-eabi/10.3.1/../../../../arm-none-eabi/lib/thumb/v7e-m+fp/hard/crt0.o (exit)
c:/tools/gcc-arm-none-eabi-10.3-2021.10/bin/../lib/gcc/arm-none-eabi/10.3.1/../../../../arm-none-eabi/lib/thumb/v7e-m+fp/hard\libc_nano.a(lib_a-impure.o)
                              c:/tools/gcc-arm-none-eabi-10.3-2021.10/bin/../lib/gcc/arm-none-eabi/10.3.1/../../../../arm-none-eabi/lib/thumb/v7e-m+fp/hard\libc_nano.a(lib_a-exit.o) (_global_impure_ptr)
c:/tools/gcc-arm-none-eabi-10.3-2021.10/bin/../lib/gcc/arm-none-eabi/10.3.1/../../../../arm-none-eabi/lib/thumb/v7e-m+fp/hard\libc_nano.a(lib_a-init.o)
                              c:/tools/gcc-arm-none-eabi-10.3-2021.10/bin/../lib/gcc/arm-none-eabi/10.3.1/../../../../arm-none-eabi/lib/thumb/v7e-m+fp/hard/crt0.o (__libc_init_array)
c:/tools/gcc-arm-none-eabi-10.3-2021.10/bin/../lib/gcc/arm-none-eabi/10.3.1/../../../../arm-none-eabi/lib/thumb/v7e-m+fp/hard\libc_nano.a(lib_a-memset.o)
                              c:/tools/gcc-arm-none-eabi-10.3-2021.10/bin/../lib/gcc/arm-none-eabi/10.3.1/../../../../arm-none-eabi/lib/thumb/v7e-m+fp/hard/crt0.o (memset)
c:/tools/gcc-arm-none-eabi-10.3-2021.10/bin/../lib/gcc/arm-none-eabi/10.3.1/../../../../arm-none-eabi/lib/thumb/v7e-m+fp/hard\libnosys.a(_exit.o)
                              c:/tools/gcc-arm-none-eabi-10.3-2021.10/bin/../lib/gcc/arm-none-eabi/10.3.1/../../../../arm-none-eabi/lib/thumb/v7e-m+fp/hard\libc_nano.a(lib_a-exit.o) (_exit)
c:/tools/gcc-arm-none-eabi-10.3-2021.10/bin/../lib/gcc/arm-none-eabi/10.3.1/thumb/v7e-m+fp/hard\libgcc.a(_arm_muldf3.o)
                              build/main.o (__aeabi_dmul)
c:/tools/gcc-arm-none-eabi-10.3-2021.10/bin/../lib/gcc/arm-none-eabi/10.3.1/thumb/v7e-m+fp/hard\libgcc.a(_arm_addsubdf3.o)
                              build/main.o (__aeabi_dsub)
c:/tools/gcc-arm-none-eabi-10.3-2021.10/bin/../lib/gcc/arm-none-eabi/10.3.1/thumb/v7e-m+fp/hard\libgcc.a(_arm_muldivdf3.o)
                              build/main.o (__aeabi_ddiv)
c:/tools/gcc-arm-none-eabi-10.3-2021.10/bin/../lib/gcc/arm-none-eabi/10.3.1/thumb/v7e-m+fp/hard\libgcc.a(_arm_cmpdf2.o)
                              build/main.o (__aeabi_dcmple)
c:/tools/gcc-arm-none-eabi-10.3-2021.10/bin/../lib/gcc/arm-none-eabi/10.3.1/thumb/v7e-m+fp/hard\libgcc.a(_arm_fixdfsi.o)
                              build/main.o (__aeabi_d2iz)

Discarded input sections

 .text          0x00000000        0x0 c:/tools/gcc-arm-none-eabi-10.3-2021.10/bin/../lib/gcc/arm-none-eabi/10.3.1/thumb/v7e-m+fp/hard/crti.o
 .data          0x00000000        0x0 c:/tools/gcc-arm-none-eabi-10.3-2021.10/bin/../lib/gcc/arm-none-eabi/10.3.1/thumb/v7e-m+fp/hard/crti.o
 .bss           0x00000000        0x0 c:/tools/gcc-arm-none-eabi-10.3-2021.10/bin/../lib/gcc/arm-none-eabi/10.3.1/thumb/v7e-m+fp/hard/crti.o
 .data          0x00000000        0x4 c:/tools/gcc-arm-none-eabi-10.3-2021.10/bin/../lib/gcc/arm-none-eabi/10.3.1/thumb/v7e-m+fp/hard/crtbegin.o
 .rodata        0x00000000       0x24 c:/tools/gcc-arm-none-eabi-10.3-2021.10/bin/../lib/gcc/arm-none-eabi/10.3.1/thumb/v7e-m+fp/hard/crtbegin.o
 .text          0x00000000       0x7c c:/tools/gcc-arm-none-eabi-10.3-2021.10/bin/../lib/gcc/arm-none-eabi/10.3.1/../../../../arm-none-eabi/lib/thumb/v7e-m+fp/hard/crt0.o
 .data          0x00000000        0x0 c:/tools/gcc-arm-none-eabi-10.3-2021.10/bin/../lib/gcc/arm-none-eabi/10.3.1/../../../../arm-none-eabi/lib/thumb/v7e-m+fp/hard/crt0.o
 .bss           0x00000000        0x0 c:/tools/gcc-arm-none-eabi-10.3-2021.10/bin/../lib/gcc/arm-none-eabi/10.3.1/../../../../arm-none-eabi/lib/thumb/v7e-m+fp/hard/crt0.o
 .ARM.extab     0x00000000        0x0 c:/tools/gcc-arm-none-eabi-10.3-2021.10/bin/../lib/gcc/arm-none-eabi/10.3.1/../../../../arm-none-eabi/lib/thumb/v7e-m+fp/hard/crt0.o
 .ARM.exidx     0x00000000       0x10 c:/tools/gcc-arm-none-eabi-10.3-2021.10/bin/../lib/gcc/arm-none-eabi/10.3.1/../../../../arm-none-eabi/lib/thumb/v7e-m+fp/hard/crt0.o
 .ARM.attributes
                0x00000000       0x1c c:/tools/gcc-arm-none-eabi-10.3-2021.10/bin/../lib/gcc/arm-none-eabi/10.3.1/../../../../arm-none-eabi/lib/thumb/v7e-m+fp/hard/crt0.o
 .text          0x00000000        0x0 build/main.o
 .data          0x00000000        0x0 build/main.o
 .bss           0x00000000        0x0 build/main.o
 .text._write   0x00000000       0x18 build/main.o
 .bss.DGainCLB  0x00000000        0x8 build/main.o
 .bss.ErrFlg    0x00000000        0x4 build/main.o
 .bss.IGainCLB  0x00000000        0x8 build/main.o
 .bss.MotorL_Rev
                0x00000000        0x4 build/main.o
 .bss.MotorR_Rev
                0x00000000        0x4 build/main.o
 .bss.PGainCLB  0x00000000        0x8 build/main.o
[...]
Memory Configuration

Name             Origin             Length             Attributes
RAM              0x20000000         0x00003000         xrw
CCMRAM           0x10000000         0x00001000         xrw
FLASH            0x08000000         0x00010000         xr
*default*        0x00000000         0xffffffff

Linker script and memory map

LOAD c:/tools/gcc-arm-none-eabi-10.3-2021.10/bin/../lib/gcc/arm-none-eabi/10.3.1/thumb/v7e-m+fp/hard/crti.o
LOAD c:/tools/gcc-arm-none-eabi-10.3-2021.10/bin/../lib/gcc/arm-none-eabi/10.3.1/thumb/v7e-m+fp/hard/crtbegin.o
LOAD c:/tools/gcc-arm-none-eabi-10.3-2021.10/bin/../lib/gcc/arm-none-eabi/10.3.1/../../../../arm-none-eabi/lib/thumb/v7e-m+fp/hard/crt0.o
LOAD build/main.o
LOAD build/gpio.o
LOAD build/adc.o
LOAD build/tim.o
LOAD build/usart.o
LOAD build/stm32f3xx_it.o
LOAD build/stm32f3xx_hal_msp.o
LOAD build/stm32f3xx_hal_adc.o
LOAD build/stm32f3xx_hal_adc_ex.o
LOAD build/stm32f3xx_hal.o
LOAD build/stm32f3xx_hal_rcc.o
LOAD build/stm32f3xx_hal_rcc_ex.o
LOAD build/stm32f3xx_hal_gpio.o
LOAD build/stm32f3xx_hal_dma.o
LOAD build/stm32f3xx_hal_cortex.o
LOAD build/stm32f3xx_hal_pwr.o
LOAD build/stm32f3xx_hal_pwr_ex.o
LOAD build/stm32f3xx_hal_flash.o
LOAD build/stm32f3xx_hal_flash_ex.o
LOAD build/stm32f3xx_hal_i2c.o
LOAD build/stm32f3xx_hal_i2c_ex.o
LOAD build/stm32f3xx_hal_exti.o
LOAD build/stm32f3xx_hal_tim.o
LOAD build/stm32f3xx_hal_tim_ex.o
LOAD build/stm32f3xx_hal_uart.o
LOAD build/stm32f3xx_hal_uart_ex.o
LOAD build/system_stm32f3xx.o
LOAD build/dma.o
LOAD build/startup_stm32f303x8.o
LOAD c:/tools/gcc-arm-none-eabi-10.3-2021.10/bin/../lib/gcc/arm-none-eabi/10.3.1/../../../../arm-none-eabi/lib/thumb/v7e-m+fp/hard\libc_nano.a
LOAD c:/tools/gcc-arm-none-eabi-10.3-2021.10/bin/../lib/gcc/arm-none-eabi/10.3.1/../../../../arm-none-eabi/lib/thumb/v7e-m+fp/hard\libm.a
LOAD c:/tools/gcc-arm-none-eabi-10.3-2021.10/bin/../lib/gcc/arm-none-eabi/10.3.1/../../../../arm-none-eabi/lib/thumb/v7e-m+fp/hard\libnosys.a
START GROUP
LOAD c:/tools/gcc-arm-none-eabi-10.3-2021.10/bin/../lib/gcc/arm-none-eabi/10.3.1/thumb/v7e-m+fp/hard\libgcc.a
LOAD c:/tools/gcc-arm-none-eabi-10.3-2021.10/bin/../lib/gcc/arm-none-eabi/10.3.1/../../../../arm-none-eabi/lib/thumb/v7e-m+fp/hard\libc_nano.a
END GROUP
START GROUP
LOAD c:/tools/gcc-arm-none-eabi-10.3-2021.10/bin/../lib/gcc/arm-none-eabi/10.3.1/thumb/v7e-m+fp/hard\libgcc.a
LOAD c:/tools/gcc-arm-none-eabi-10.3-2021.10/bin/../lib/gcc/arm-none-eabi/10.3.1/../../../../arm-none-eabi/lib/thumb/v7e-m+fp/hard\libc_nano.a
END GROUP
LOAD c:/tools/gcc-arm-none-eabi-10.3-2021.10/bin/../lib/gcc/arm-none-eabi/10.3.1/thumb/v7e-m+fp/hard/crtend.o
LOAD c:/tools/gcc-arm-none-eabi-10.3-2021.10/bin/../lib/gcc/arm-none-eabi/10.3.1/thumb/v7e-m+fp/hard/crtn.o
                0x20003000                _estack = (ORIGIN (RAM) + LENGTH (RAM))
                0x00000200                _Min_Heap_Size = 0x200
                0x00000400                _Min_Stack_Size = 0x400

.isr_vector     0x08000000      0x188
                0x08000000                . = ALIGN (0x4)
 *(.isr_vector)
 .isr_vector    0x08000000      0x188 build/startup_stm32f303x8.o
                0x08000000                g_pfnVectors
                0x08000188                . = ALIGN (0x4)

.text           0x08000188     0x3ee8
                0x08000188                . = ALIGN (0x4)
 *(.text)
 .text          0x08000188       0x40 c:/tools/gcc-arm-none-eabi-10.3-2021.10/bin/../lib/gcc/arm-none-eabi/10.3.1/thumb/v7e-m+fp/hard/crtbegin.o
 .text          0x080001c8      0x378 c:/tools/gcc-arm-none-eabi-10.3-2021.10/bin/../lib/gcc/arm-none-eabi/10.3.1/thumb/v7e-m+fp/hard\libgcc.a(_arm_addsubdf3.o)
                0x080001c8                __aeabi_drsub
                0x080001d0                __aeabi_dsub
                0x080001d0                __subdf3
                0x080001d4                __aeabi_dadd
                0x080001d4                __adddf3
                0x0800044c                __floatunsidf
                0x0800044c                __aeabi_ui2d
                0x0800046c                __floatsidf
                0x0800046c                __aeabi_i2d
                0x08000490                __aeabi_f2d
                0x08000490                __extendsfdf2
                0x080004d4                __floatundidf
                0x080004d4                __aeabi_ul2d
                0x080004e4                __floatdidf
                0x080004e4                __aeabi_l2d
 .text          0x08000540      0x424 c:/tools/gcc-arm-none-eabi-10.3-2021.10/bin/../lib/gcc/arm-none-eabi/10.3.1/thumb/v7e-m+fp/hard\libgcc.a(_arm_muldivdf3.o)
                0x08000540                __aeabi_dmul
                0x08000540                __muldf3
                0x08000794                __divdf3
                0x08000794                __aeabi_ddiv
 .text          0x08000964      0x110 c:/tools/gcc-arm-none-eabi-10.3-2021.10/bin/../lib/gcc/arm-none-eabi/10.3.1/thumb/v7e-m+fp/hard\libgcc.a(_arm_cmpdf2.o)
                0x08000964                __gtdf2
                0x08000964                __gedf2
                0x0800096c                __ltdf2
                0x0800096c                __ledf2
                0x08000974                __nedf2
                0x08000974                __eqdf2
                0x08000974                __cmpdf2
                0x080009f0                __aeabi_cdrcmple
                0x08000a00                __aeabi_cdcmpeq
                0x08000a00                __aeabi_cdcmple
                0x08000a10                __aeabi_dcmpeq
                0x08000a24                __aeabi_dcmplt
                0x08000a38                __aeabi_dcmple
                0x08000a4c                __aeabi_dcmpge
                0x08000a60                __aeabi_dcmpgt
 .text          0x08000a74       0x50 c:/tools/gcc-arm-none-eabi-10.3-2021.10/bin/../lib/gcc/arm-none-eabi/10.3.1/thumb/v7e-m+fp/hard\libgcc.a(_arm_fixdfsi.o)
                0x08000a74                __aeabi_d2iz
                0x08000a74                __fixdfsi
 *(.text*)
 .text.SensUp   0x08000ac4       0x78 build/main.o
                0x08000ac4                SensUp
 .text.Side_SensUp
                0x08000b3c       0xa0 build/main.o
                0x08000b3c                Side_SensUp
 .text.sensGet  0x08000bdc       0x6c build/main.o
                0x08000bdc                sensGet
 .text.LineTrace
                0x08000c48      0x1ec build/main.o
                0x08000c48                LineTrace
 .text.stop     0x08000e34       0x88 build/main.o
                0x08000e34                stop
 .text.HAL_TIM_PeriodElapsedCallback
                0x08000ebc       0x34 build/main.o
                0x08000ebc                HAL_TIM_PeriodElapsedCallback
 .text.Error_Handler
                0x08000ef0        0x4 build/main.o
                0x08000ef0                Error_Handler
 .text.SystemClock_Config
                0x08000ef4       0x82 build/main.o
                0x08000ef4                SystemClock_Config
 *fill*         0x08000f76        0x2 
 .text.main     0x08000f78      0x1b8 build/main.o
                0x08000f78                main
 .text.MX_GPIO_Init
                0x08001130       0xa8 build/gpio.o
                0x08001130                MX_GPIO_Init
 .text.MX_ADC1_Init
                0x080011d8       0xac build/adc.o
                0x080011d8                MX_ADC1_Init
 .text.MX_ADC2_Init
                0x08001284       0xa8 build/adc.o
                0x08001284                MX_ADC2_Init
 .text.HAL_ADC_MspInit
                0x0800132c      0x13c build/adc.o
                0x0800132c                HAL_ADC_MspInit
 .text.MX_TIM2_Init
                0x08001468       0x6c build/tim.o
                0x08001468                MX_TIM2_Init
 .text.MX_TIM3_Init
                0x080014d4       0x70 build/tim.o
                0x080014d4                MX_TIM3_Init
 .text.HAL_TIM_Base_MspInit
                0x08001544       0x90 build/tim.o
                0x08001544                HAL_TIM_Base_MspInit
 .text.HAL_TIM_MspPostInit
                0x080015d4       0x54 build/tim.o
                0x080015d4                HAL_TIM_MspPostInit
 .text.MX_TIM1_Init
                0x08001628      0x10c build/tim.o
                0x08001628                MX_TIM1_Init
 .text.MX_USART2_UART_Init
                0x08001734       0x38 build/usart.o
                0x08001734                MX_USART2_UART_Init
 .text.HAL_UART_MspInit
                0x0800176c       0x68 build/usart.o
                0x0800176c                HAL_UART_MspInit
 .text.NMI_Handler
                0x080017d4        0x2 build/stm32f3xx_it.o
                0x080017d4                NMI_Handler
 .text.HardFault_Handler
                0x080017d6        0x2 build/stm32f3xx_it.o
                0x080017d6                HardFault_Handler
 .text.MemManage_Handler
                0x080017d8        0x2 build/stm32f3xx_it.o
                0x080017d8                MemManage_Handler
 .text.BusFault_Handler
                0x080017da        0x2 build/stm32f3xx_it.o
                0x080017da                BusFault_Handler
 .text.UsageFault_Handler
                0x080017dc        0x2 build/stm32f3xx_it.o
                0x080017dc                UsageFault_Handler
 .text.SVC_Handler
                0x080017de        0x2 build/stm32f3xx_it.o
                0x080017de                SVC_Handler
 .text.DebugMon_Handler
                0x080017e0        0x2 build/stm32f3xx_it.o
                0x080017e0                DebugMon_Handler
 .text.PendSV_Handler
                0x080017e2        0x2 build/stm32f3xx_it.o
                0x080017e2                PendSV_Handler
 .text.SysTick_Handler
                0x080017e4        0x8 build/stm32f3xx_it.o
                0x080017e4                SysTick_Handler
 .text.TIM2_IRQHandler
                0x080017ec       0x10 build/stm32f3xx_it.o
                0x080017ec                TIM2_IRQHandler
 .text.TIM3_IRQHandler
                0x080017fc       0x10 build/stm32f3xx_it.o
                0x080017fc                TIM3_IRQHandler
 .text.HAL_MspInit
                0x0800180c       0x30 build/stm32f3xx_hal_msp.o
                0x0800180c                HAL_MspInit
 .text.HAL_ADC_ConvCpltCallback
                0x0800183c        0x2 build/stm32f3xx_hal_adc.o
                0x0800183c                HAL_ADC_ConvCpltCallback
 .text.HAL_ADC_ConvHalfCpltCallback
                0x0800183e        0x2 build/stm32f3xx_hal_adc.o
                0x0800183e                HAL_ADC_ConvHalfCpltCallback
 .text.HAL_ADC_ErrorCallback
                0x08001840        0x2 build/stm32f3xx_hal_adc.o
                0x08001840                HAL_ADC_ErrorCallback
 .text.ADC_Disable
                0x08001842       0x88 build/stm32f3xx_hal_adc_ex.o
 *fill*         0x080018ca        0x2 
 .text.ADC_Enable
                0x080018cc       0x80 build/stm32f3xx_hal_adc_ex.o
 .text.ADC_DMAError
                0x0800194c       0x1a build/stm32f3xx_hal_adc_ex.o
 .text.ADC_DMAHalfConvCplt
                0x08001966        0xa build/stm32f3xx_hal_adc_ex.o
 .text.ADC_DMAConvCplt
                0x08001970       0x4a build/stm32f3xx_hal_adc_ex.o
 *fill*         0x080019ba        0x2 
 .text.HAL_ADC_Init
                0x080019bc      0x214 build/stm32f3xx_hal_adc_ex.o
                0x080019bc                HAL_ADC_Init
 .text.HAL_ADC_Start_DMA
                0x08001bd0      0x134 build/stm32f3xx_hal_adc_ex.o
                0x08001bd0                HAL_ADC_Start_DMA
 .text.HAL_ADC_ConfigChannel
                0x08001d04      0x384 build/stm32f3xx_hal_adc_ex.o
                0x08001d04                HAL_ADC_ConfigChannel
 .text.HAL_ADCEx_MultiModeConfigChannel
                0x08002088      0x118 build/stm32f3xx_hal_adc_ex.o
                0x08002088                HAL_ADCEx_MultiModeConfigChannel
 .text.HAL_InitTick
                0x080021a0       0x4c build/stm32f3xx_hal.o
                0x080021a0                HAL_InitTick
 .text.HAL_Init
                0x080021ec       0x24 build/stm32f3xx_hal.o
                0x080021ec                HAL_Init
 .text.HAL_IncTick
                0x08002210       0x18 build/stm32f3xx_hal.o
                0x08002210                HAL_IncTick
 .text.HAL_GetTick
                0x08002228        0xc build/stm32f3xx_hal.o
                0x08002228                HAL_GetTick
 .text.HAL_Delay
                0x08002234       0x28 build/stm32f3xx_hal.o
                0x08002234                HAL_Delay
 .text.HAL_RCC_OscConfig
                0x0800225c      0x634 build/stm32f3xx_hal_rcc.o
                0x0800225c                HAL_RCC_OscConfig
 .text.HAL_RCC_GetSysClockFreq
                0x08002890       0x70 build/stm32f3xx_hal_rcc.o
                0x08002890                HAL_RCC_GetSysClockFreq
 .text.HAL_RCC_ClockConfig
                0x08002900      0x1a8 build/stm32f3xx_hal_rcc.o
                0x08002900                HAL_RCC_ClockConfig
 .text.HAL_RCC_GetHCLKFreq
                0x08002aa8        0xc build/stm32f3xx_hal_rcc.o
                0x08002aa8                HAL_RCC_GetHCLKFreq
 .text.HAL_RCC_GetPCLK1Freq
                0x08002ab4       0x2c build/stm32f3xx_hal_rcc.o
                0x08002ab4                HAL_RCC_GetPCLK1Freq
 .text.HAL_RCC_GetPCLK2Freq
                0x08002ae0       0x2c build/stm32f3xx_hal_rcc.o
                0x08002ae0                HAL_RCC_GetPCLK2Freq
 .text.HAL_RCCEx_PeriphCLKConfig
                0x08002b0c      0x18c build/stm32f3xx_hal_rcc_ex.o
                0x08002b0c                HAL_RCCEx_PeriphCLKConfig
 .text.HAL_GPIO_Init
                0x08002c98      0x1bc build/stm32f3xx_hal_gpio.o
                0x08002c98                HAL_GPIO_Init
 .text.HAL_GPIO_ReadPin
                0x08002e54        0xe build/stm32f3xx_hal_gpio.o
                0x08002e54                HAL_GPIO_ReadPin
 .text.HAL_GPIO_WritePin
                0x08002e62        0xa build/stm32f3xx_hal_gpio.o
                0x08002e62                HAL_GPIO_WritePin
 .text.HAL_GPIO_TogglePin
                0x08002e6c       0x12 build/stm32f3xx_hal_gpio.o
                0x08002e6c                HAL_GPIO_TogglePin
 .text.DMA_SetConfig
                0x08002e7e       0x2c build/stm32f3xx_hal_dma.o
 *fill*         0x08002eaa        0x2 
 .text.DMA_CalcBaseAndBitshift
                0x08002eac       0x24 build/stm32f3xx_hal_dma.o
 .text.HAL_DMA_Init
                0x08002ed0       0x50 build/stm32f3xx_hal_dma.o
                0x08002ed0                HAL_DMA_Init
 .text.HAL_DMA_Start_IT
                0x08002f20       0x74 build/stm32f3xx_hal_dma.o
                0x08002f20                HAL_DMA_Start_IT
 .text.HAL_NVIC_SetPriorityGrouping
                0x08002f94       0x24 build/stm32f3xx_hal_cortex.o
                0x08002f94                HAL_NVIC_SetPriorityGrouping
 .text.HAL_NVIC_SetPriority
                0x08002fb8       0x70 build/stm32f3xx_hal_cortex.o
                0x08002fb8                HAL_NVIC_SetPriority
 .text.HAL_NVIC_EnableIRQ
                0x08003028       0x1c build/stm32f3xx_hal_cortex.o
                0x08003028                HAL_NVIC_EnableIRQ
 .text.HAL_SYSTICK_Config
                0x08003044       0x28 build/stm32f3xx_hal_cortex.o
                0x08003044                HAL_SYSTICK_Config
 .text.TIM_OC1_SetConfig
                0x0800306c       0x90 build/stm32f3xx_hal_tim.o
 .text.TIM_OC3_SetConfig
                0x080030fc       0x7c build/stm32f3xx_hal_tim.o
 .text.TIM_OC4_SetConfig
                0x08003178       0x64 build/stm32f3xx_hal_tim.o
 .text.TIM_OC5_SetConfig
                0x080031dc       0x60 build/stm32f3xx_hal_tim.o
 .text.TIM_OC6_SetConfig
                0x0800323c       0x64 build/stm32f3xx_hal_tim.o
 .text.TIM_TI1_ConfigInputStage
                0x080032a0       0x26 build/stm32f3xx_hal_tim.o
 .text.TIM_TI2_ConfigInputStage
                0x080032c6       0x28 build/stm32f3xx_hal_tim.o
 .text.TIM_ITRx_SetConfig
                0x080032ee       0x10 build/stm32f3xx_hal_tim.o
 *fill*         0x080032fe        0x2 
 .text.HAL_TIM_Base_Start_IT
                0x08003300       0x74 build/stm32f3xx_hal_tim.o
                0x08003300                HAL_TIM_Base_Start_IT
 .text.HAL_TIM_PWM_MspInit
                0x08003374        0x2 build/stm32f3xx_hal_tim.o
                0x08003374                HAL_TIM_PWM_MspInit
 .text.HAL_TIM_OC_DelayElapsedCallback
                0x08003376        0x2 build/stm32f3xx_hal_tim.o
                0x08003376                HAL_TIM_OC_DelayElapsedCallback
 .text.HAL_TIM_IC_CaptureCallback
                0x08003378        0x2 build/stm32f3xx_hal_tim.o
                0x08003378                HAL_TIM_IC_CaptureCallback
 .text.HAL_TIM_PWM_PulseFinishedCallback
                0x0800337a        0x2 build/stm32f3xx_hal_tim.o
                0x0800337a                HAL_TIM_PWM_PulseFinishedCallback
 .text.HAL_TIM_TriggerCallback
                0x0800337c        0x2 build/stm32f3xx_hal_tim.o
                0x0800337c                HAL_TIM_TriggerCallback
 .text.HAL_TIM_IRQHandler
                0x0800337e      0x19a build/stm32f3xx_hal_tim.o
                0x0800337e                HAL_TIM_IRQHandler
 .text.TIM_Base_SetConfig
                0x08003518       0x90 build/stm32f3xx_hal_tim.o
                0x08003518                TIM_Base_SetConfig
 .text.HAL_TIM_Base_Init
                0x080035a8       0x60 build/stm32f3xx_hal_tim.o
                0x080035a8                HAL_TIM_Base_Init
 .text.HAL_TIM_PWM_Init
                0x08003608       0x60 build/stm32f3xx_hal_tim.o
                0x08003608                HAL_TIM_PWM_Init
 .text.TIM_OC2_SetConfig
                0x08003668       0x80 build/stm32f3xx_hal_tim.o
                0x08003668                TIM_OC2_SetConfig
 .text.HAL_TIM_PWM_ConfigChannel
                0x080036e8      0x13a build/stm32f3xx_hal_tim.o
                0x080036e8                HAL_TIM_PWM_ConfigChannel
 .text.TIM_ETR_SetConfig
                0x08003822       0x1a build/stm32f3xx_hal_tim.o
                0x08003822                TIM_ETR_SetConfig
 .text.HAL_TIM_ConfigClockSource
                0x0800383c      0x100 build/stm32f3xx_hal_tim.o
                0x0800383c                HAL_TIM_ConfigClockSource
 .text.TIM_CCxChannelCmd
                0x0800393c       0x1e build/stm32f3xx_hal_tim.o
                0x0800393c                TIM_CCxChannelCmd
 *fill*         0x0800395a        0x2 
 .text.HAL_TIM_PWM_Start
                0x0800395c      0x140 build/stm32f3xx_hal_tim.o
                0x0800395c                HAL_TIM_PWM_Start
 .text.HAL_TIMEx_MasterConfigSynchronization
                0x08003a9c       0x78 build/stm32f3xx_hal_tim_ex.o
                0x08003a9c                HAL_TIMEx_MasterConfigSynchronization
 .text.HAL_TIMEx_ConfigBreakDeadTime
                0x08003b14       0x88 build/stm32f3xx_hal_tim_ex.o
                0x08003b14                HAL_TIMEx_ConfigBreakDeadTime
 .text.HAL_TIMEx_CommutCallback
                0x08003b9c        0x2 build/stm32f3xx_hal_tim_ex.o
                0x08003b9c                HAL_TIMEx_CommutCallback
 .text.HAL_TIMEx_BreakCallback
                0x08003b9e        0x2 build/stm32f3xx_hal_tim_ex.o
                0x08003b9e                HAL_TIMEx_BreakCallback
 .text.HAL_TIMEx_Break2Callback
                0x08003ba0        0x2 build/stm32f3xx_hal_tim_ex.o
                0x08003ba0                HAL_TIMEx_Break2Callback
 *fill*         0x08003ba2        0x2 
 .text.UART_SetConfig
                0x08003ba4      0x164 build/stm32f3xx_hal_uart.o
                0x08003ba4                UART_SetConfig
 .text.UART_AdvFeatureConfig
                0x08003d08       0xca build/stm32f3xx_hal_uart.o
                0x08003d08                UART_AdvFeatureConfig
 .text.UART_WaitOnFlagUntilTimeout
                0x08003dd2       0xd4 build/stm32f3xx_hal_uart.o
                0x08003dd2                UART_WaitOnFlagUntilTimeout
 .text.UART_CheckIdleState
                0x08003ea6       0x70 build/stm32f3xx_hal_uart.o
                0x08003ea6                UART_CheckIdleState
 .text.HAL_UART_Init
                0x08003f16       0x62 build/stm32f3xx_hal_uart.o
                0x08003f16                HAL_UART_Init
 .text.SystemInit
                0x08003f78       0x14 build/system_stm32f3xx.o
                0x08003f78                SystemInit
 .text.MX_DMA_Init
                0x08003f8c       0x20 build/dma.o
                0x08003f8c                MX_DMA_Init
 .text.Reset_Handler
                0x08003fac       0x50 build/startup_stm32f303x8.o
                0x08003fac                Reset_Handler
 .text.Default_Handler
                0x08003ffc        0x2 build/startup_stm32f303x8.o
                0x08003ffc                RTC_Alarm_IRQHandler
                0x08003ffc                TIM1_CC_IRQHandler
                0x08003ffc                PVD_IRQHandler
                0x08003ffc                TAMP_STAMP_IRQHandler
                0x08003ffc                EXTI3_IRQHandler
                0x08003ffc                EXTI0_IRQHandler
                0x08003ffc                FPU_IRQHandler
                0x08003ffc                CAN_TX_IRQHandler
                0x08003ffc                TIM1_UP_TIM16_IRQHandler
                0x08003ffc                ADC1_2_IRQHandler
                0x08003ffc                SPI1_IRQHandler
                0x08003ffc                CAN_SCE_IRQHandler
                0x08003ffc                DMA1_Channel4_IRQHandler
                0x08003ffc                USART3_IRQHandler
                0x08003ffc                DMA1_Channel7_IRQHandler
                0x08003ffc                TIM7_DAC2_IRQHandler
                0x08003ffc                CAN_RX1_IRQHandler
                0x08003ffc                I2C1_EV_IRQHandler
                0x08003ffc                DMA1_Channel6_IRQHandler
                0x08003ffc                RCC_IRQHandler
                0x08003ffc                DMA1_Channel1_IRQHandler
                0x08003ffc                Default_Handler
                0x08003ffc                EXTI15_10_IRQHandler
                0x08003ffc                COMP2_IRQHandler
                0x08003ffc                TIM6_DAC1_IRQHandler
                0x08003ffc                EXTI9_5_IRQHandler
                0x08003ffc                RTC_WKUP_IRQHandler
                0x08003ffc                DMA1_Channel5_IRQHandler
                0x08003ffc                EXTI4_IRQHandler
                0x08003ffc                TIM1_TRG_COM_TIM17_IRQHandler
                0x08003ffc                DMA1_Channel3_IRQHandler
                0x08003ffc                WWDG_IRQHandler
                0x08003ffc                EXTI1_IRQHandler
                0x08003ffc                COMP4_6_IRQHandler
                0x08003ffc                USART2_IRQHandler
                0x08003ffc                DMA1_Channel2_IRQHandler
                0x08003ffc                FLASH_IRQHandler
                0x08003ffc                USART1_IRQHandler
                0x08003ffc                CAN_RX0_IRQHandler
                0x08003ffc                I2C1_ER_IRQHandler
                0x08003ffc                EXTI2_TSC_IRQHandler
                0x08003ffc                TIM1_BRK_TIM15_IRQHandler
 *fill*         0x08003ffe        0x2 
 .text.__libc_init_array
                0x08004000       0x48 c:/tools/gcc-arm-none-eabi-10.3-2021.10/bin/../lib/gcc/arm-none-eabi/10.3.1/../../../../arm-none-eabi/lib/thumb/v7e-m+fp/hard\libc_nano.a(lib_a-init.o)
                0x08004000                __libc_init_array
 .text.memset   0x08004048       0x10 c:/tools/gcc-arm-none-eabi-10.3-2021.10/bin/../lib/gcc/arm-none-eabi/10.3.1/../../../../arm-none-eabi/lib/thumb/v7e-m+fp/hard\libc_nano.a(lib_a-memset.o)
                0x08004048                memset
 *(.glue_7)
 .glue_7        0x08004058        0x0 linker stubs
 *(.glue_7t)
 .glue_7t       0x08004058        0x0 linker stubs
 *(.eh_frame)
 .eh_frame      0x08004058        0x0 c:/tools/gcc-arm-none-eabi-10.3-2021.10/bin/../lib/gcc/arm-none-eabi/10.3.1/thumb/v7e-m+fp/hard/crtbegin.o
 *(.init)
 .init          0x08004058        0x4 c:/tools/gcc-arm-none-eabi-10.3-2021.10/bin/../lib/gcc/arm-none-eabi/10.3.1/thumb/v7e-m+fp/hard/crti.o
                0x08004058                _init
 .init          0x0800405c        0x8 c:/tools/gcc-arm-none-eabi-10.3-2021.10/bin/../lib/gcc/arm-none-eabi/10.3.1/thumb/v7e-m+fp/hard/crtn.o
 *(.fini)
 .fini          0x08004064        0x4 c:/tools/gcc-arm-none-eabi-10.3-2021.10/bin/../lib/gcc/arm-none-eabi/10.3.1/thumb/v7e-m+fp/hard/crti.o
                0x08004064                _fini
 .fini          0x08004068        0x8 c:/tools/gcc-arm-none-eabi-10.3-2021.10/bin/../lib/gcc/arm-none-eabi/10.3.1/thumb/v7e-m+fp/hard/crtn.o
                0x08004070                . = ALIGN (0x4)
                0x08004070                _etext = .

.vfp11_veneer   0x08004070        0x0
 .vfp11_veneer  0x08004070        0x0 linker stubs

.v4_bx          0x08004070        0x0
 .v4_bx         0x08004070        0x0 linker stubs

.iplt           0x08004070        0x0
 .iplt          0x08004070        0x0 c:/tools/gcc-arm-none-eabi-10.3-2021.10/bin/../lib/gcc/arm-none-eabi/10.3.1/thumb/v7e-m+fp/hard/crtbegin.o

.rodata         0x08004070       0x38
                0x08004070                . = ALIGN (0x4)
 *(.rodata)
 *(.rodata*)
 .rodata.aPLLMULFactorTable
                0x08004070       0x10 build/stm32f3xx_hal_rcc.o
                0x08004070                aPLLMULFactorTable
 .rodata.aPredivFactorTable
                0x08004080       0x10 build/stm32f3xx_hal_rcc.o
                0x08004080                aPredivFactorTable
 .rodata.AHBPrescTable
                0x08004090       0x10 build/system_stm32f3xx.o
                0x08004090                AHBPrescTable
 .rodata.APBPrescTable
                0x080040a0        0x8 build/system_stm32f3xx.o
                0x080040a0                APBPrescTable
                0x080040a8                . = ALIGN (0x4)

.rel.dyn        0x080040a8        0x0
 .rel.iplt      0x080040a8        0x0 c:/tools/gcc-arm-none-eabi-10.3-2021.10/bin/../lib/gcc/arm-none-eabi/10.3.1/thumb/v7e-m+fp/hard/crtbegin.o

.ARM.extab
 *(.ARM.extab* .gnu.linkonce.armextab.*)

.ARM            0x080040a8        0x0
                0x080040a8                __exidx_start = .
 *(.ARM.exidx*)
                0x080040a8                __exidx_end = .

.preinit_array  0x080040a8        0x0
                0x080040a8                PROVIDE (__preinit_array_start = .)
 *(.preinit_array*)
                0x080040a8                PROVIDE (__preinit_array_end = .)

.init_array     0x080040a8        0x4
                0x080040a8                PROVIDE (__init_array_start = .)
 *(SORT_BY_NAME(.init_array.*))
 *(.init_array*)
 .init_array    0x080040a8        0x4 c:/tools/gcc-arm-none-eabi-10.3-2021.10/bin/../lib/gcc/arm-none-eabi/10.3.1/thumb/v7e-m+fp/hard/crtbegin.o
                0x080040ac                PROVIDE (__init_array_end = .)

.fini_array     0x080040ac        0x4
                [!provide]                PROVIDE (__fini_array_start = .)
 *(SORT_BY_NAME(.fini_array.*))
 *(.fini_array*)
 .fini_array    0x080040ac        0x4 c:/tools/gcc-arm-none-eabi-10.3-2021.10/bin/../lib/gcc/arm-none-eabi/10.3.1/thumb/v7e-m+fp/hard/crtbegin.o
                [!provide]                PROVIDE (__fini_array_end = .)
                0x080040b0                _sidata = LOADADDR (.data)

.data           0x20000000       0x18 load address 0x080040b0
                0x20000000                . = ALIGN (0x4)
                0x20000000                _sdata = .
 *(.data)
 *(.data*)
 .data.CommSpeed
                0x20000000        0x4 build/main.o
                0x20000000                CommSpeed
 .data.button_state
                0x20000004        0x1 build/main.o
                0x20000004                button_state
 *fill*         0x20000005        0x3 
 .data.ledval   0x20000008        0x4 build/main.o
                0x20000008                ledval
 .data.uwTickFreq
                0x2000000c        0x1 build/stm32f3xx_hal.o
                0x2000000c                uwTickFreq
 *fill*         0x2000000d        0x3 
 .data.uwTickPrio
                0x20000010        0x4 build/stm32f3xx_hal.o
                0x20000010                uwTickPrio
 .data.SystemCoreClock
                0x20000014        0x4 build/system_stm32f3xx.o
                0x20000014                SystemCoreClock
                0x20000018                . = ALIGN (0x4)
                0x20000018                _edata = .
                0x080040c8                _siccmram = LOADADDR (.ccmram)

.igot.plt       0x20000018        0x0 load address 0x080040c8
 .igot.plt      0x20000018        0x0 c:/tools/gcc-arm-none-eabi-10.3-2021.10/bin/../lib/gcc/arm-none-eabi/10.3.1/thumb/v7e-m+fp/hard/crtbegin.o

.ccmram         0x10000000        0x0 load address 0x080040c8
                0x10000000                . = ALIGN (0x4)
                0x10000000                _sccmram = .
 *(.ccmram)
 *(.ccmram*)
                0x10000000                . = ALIGN (0x4)
                0x10000000                _eccmram = .
                0x10000000                . = ALIGN (0x4)

.bss            0x20000018      0x3b8
                0x20000018                _sbss = .
                0x20000018                __bss_start__ = _sbss
 *(.bss)
 .bss           0x20000018       0x1c c:/tools/gcc-arm-none-eabi-10.3-2021.10/bin/../lib/gcc/arm-none-eabi/10.3.1/thumb/v7e-m+fp/hard/crtbegin.o
 *(.bss*)
 .bss.Curve_Sens
                0x20000034       0x24 build/main.o
                0x20000034                Curve_Sens
 .bss.Curve_Sensor
                0x20000058        0x4 build/main.o
                0x20000058                Curve_Sensor
 .bss.Flag      0x2000005c        0x4 build/main.o
                0x2000005c                Flag
 .bss.FlagL     0x20000060        0x4 build/main.o
                0x20000060                FlagL
 .bss.FlagR     0x20000064        0x4 build/main.o
                0x20000064                FlagR
 .bss.MotorL    0x20000068        0x4 build/main.o
                0x20000068                MotorL
 .bss.MotorR    0x2000006c        0x4 build/main.o
                0x2000006c                MotorR
 .bss.SensL     0x20000070       0x24 build/main.o
                0x20000070                SensL
 .bss.SensR     0x20000094       0x24 build/main.o
                0x20000094                SensR
 .bss.SensValBuf
                0x200000b8        0x4 build/main.o
                0x200000b8                SensValBuf
 *fill*         0x200000bc        0x4 
 .bss.SensVal_I
                0x200000c0        0x8 build/main.o
                0x200000c0                SensVal_I
 .bss.SensVal_IBuf
                0x200000c8        0x8 build/main.o
                0x200000c8                SensVal_IBuf
 .bss.SensorL   0x200000d0        0x4 build/main.o
                0x200000d0                SensorL
 .bss.SensorR   0x200000d4        0x4 build/main.o
                0x200000d4                SensorR
 .bss.Side_SensL
                0x200000d8       0x24 build/main.o
                0x200000d8                Side_SensL
 .bss.Side_SensR
                0x200000fc       0x24 build/main.o
                0x200000fc                Side_SensR
 .bss.Side_SensorL
                0x20000120        0x4 build/main.o
                0x20000120                Side_SensorL
 .bss.Side_SensorR
                0x20000124        0x4 build/main.o
                0x20000124                Side_SensorR
 .bss.Stime     0x20000128        0x1 build/main.o
                0x20000128                Stime
 *fill*         0x20000129        0x3 
 .bss.analog1   0x2000012c        0x4 build/main.o
                0x2000012c                analog1
 .bss.analog2   0x20000130        0x6 build/main.o
                0x20000130                analog2
 .bss.stopFlg   0x20000136        0x1 build/main.o
                0x20000136                stopFlg
 .bss.turnFlg   0x20000137        0x1 build/main.o
                0x20000137                turnFlg
 .bss.HAL_RCC_ADC12_CLK_ENABLED
                0x20000138        0x4 build/adc.o
 .bss.hadc1     0x2000013c       0x50 build/adc.o
                0x2000013c                hadc1
 .bss.hadc2     0x2000018c       0x50 build/adc.o
                0x2000018c                hadc2
 .bss.hdma_adc1
                0x200001dc       0x44 build/adc.o
                0x200001dc                hdma_adc1
 .bss.hdma_adc2
                0x20000220       0x44 build/adc.o
                0x20000220                hdma_adc2
 .bss.htim1     0x20000264       0x4c build/tim.o
                0x20000264                htim1
 .bss.htim2     0x200002b0       0x4c build/tim.o
                0x200002b0                htim2
 .bss.htim3     0x200002fc       0x4c build/tim.o
                0x200002fc                htim3
 .bss.huart2    0x20000348       0x84 build/usart.o
                0x20000348                huart2
 .bss.uwTick    0x200003cc        0x4 build/stm32f3xx_hal.o
                0x200003cc                uwTick
 *(COMMON)
                0x200003d0                . = ALIGN (0x4)
                0x200003d0                _ebss = .
                0x200003d0                __bss_end__ = _ebss

._user_heap_stack
                0x200003d0      0x600
                0x200003d0                . = ALIGN (0x8)
                [!provide]                PROVIDE (end = .)
                [!provide]                PROVIDE (_end = .)
                0x200005d0                . = (. + _Min_Heap_Size)
 *fill*         0x200003d0      0x200 
                0x200009d0                . = (. + _Min_Stack_Size)
 *fill*         0x200005d0      0x400 
                0x200009d0                . = ALIGN (0x8)

/DISCARD/
 libc.a(*)
 libm.a(*)
 libgcc.a(*)

.ARM.attributes
                0x00000000       0x30
 *(.ARM.attributes)
 .ARM.attributes
                0x00000000       0x1e c:/tools/gcc-arm-none-eabi-10.3-2021.10/bin/../lib/gcc/arm-none-eabi/10.3.1/thumb/v7e-m+fp/hard/crti.o
 .ARM.attributes
                0x0000001e       0x34 c:/tools/gcc-arm-none-eabi-10.3-2021.10/bin/../lib/gcc/arm-none-eabi/10.3.1/thumb/v7e-m+fp/hard/crtbegin.o
 .ARM.attributes
                0x00000052       0x34 build/main.o
 .ARM.attributes
                0x00000086       0x34 build/gpio.o
 .ARM.attributes
                0x000000ba       0x34 build/adc.o
 .ARM.attributes
                0x000000ee       0x34 build/tim.o
 .ARM.attributes
                0x00000122       0x34 build/usart.o
 .ARM.attributes
                0x00000156       0x34 build/stm32f3xx_it.o
 .ARM.attributes
                0x0000018a       0x34 build/stm32f3xx_hal_msp.o
 .ARM.attributes
                0x000001be       0x34 build/stm32f3xx_hal_adc.o
 .ARM.attributes
                0x000001f2       0x34 build/stm32f3xx_hal_adc_ex.o
 .ARM.attributes
                0x00000226       0x34 build/stm32f3xx_hal.o
 .ARM.attributes
                0x0000025a       0x34 build/stm32f3xx_hal_rcc.o
 .ARM.attributes
                0x0000028e       0x34 build/stm32f3xx_hal_rcc_ex.o
 .ARM.attributes
                0x000002c2       0x34 build/stm32f3xx_hal_gpio.o
 .ARM.attributes
                0x000002f6       0x34 build/stm32f3xx_hal_dma.o
 .ARM.attributes
                0x0000032a       0x34 build/stm32f3xx_hal_cortex.o
 .ARM.attributes
                0x0000035e       0x34 build/stm32f3xx_hal_tim.o
 .ARM.attributes
                0x00000392       0x34 build/stm32f3xx_hal_tim_ex.o
 .ARM.attributes
                0x000003c6       0x34 build/stm32f3xx_hal_uart.o
 .ARM.attributes
                0x000003fa       0x34 build/system_stm32f3xx.o
 .ARM.attributes
                0x0000042e       0x34 build/dma.o
 .ARM.attributes
                0x00000462       0x21 build/startup_stm32f303x8.o
 .ARM.attributes
                0x00000483       0x34 c:/tools/gcc-arm-none-eabi-10.3-2021.10/bin/../lib/gcc/arm-none-eabi/10.3.1/../../../../arm-none-eabi/lib/thumb/v7e-m+fp/hard\libc_nano.a(lib_a-init.o)
 .ARM.attributes
                0x000004b7       0x34 c:/tools/gcc-arm-none-eabi-10.3-2021.10/bin/../lib/gcc/arm-none-eabi/10.3.1/../../../../arm-none-eabi/lib/thumb/v7e-m+fp/hard\libc_nano.a(lib_a-memset.o)
 .ARM.attributes
                0x000004eb       0x1e c:/tools/gcc-arm-none-eabi-10.3-2021.10/bin/../lib/gcc/arm-none-eabi/10.3.1/thumb/v7e-m+fp/hard\libgcc.a(_arm_addsubdf3.o)
 .ARM.attributes
                0x00000509       0x1e c:/tools/gcc-arm-none-eabi-10.3-2021.10/bin/../lib/gcc/arm-none-eabi/10.3.1/thumb/v7e-m+fp/hard\libgcc.a(_arm_muldivdf3.o)
 .ARM.attributes
                0x00000527       0x1e c:/tools/gcc-arm-none-eabi-10.3-2021.10/bin/../lib/gcc/arm-none-eabi/10.3.1/thumb/v7e-m+fp/hard\libgcc.a(_arm_cmpdf2.o)
 .ARM.attributes
                0x00000545       0x1e c:/tools/gcc-arm-none-eabi-10.3-2021.10/bin/../lib/gcc/arm-none-eabi/10.3.1/thumb/v7e-m+fp/hard\libgcc.a(_arm_fixdfsi.o)
 .ARM.attributes
                0x00000563       0x1e c:/tools/gcc-arm-none-eabi-10.3-2021.10/bin/../lib/gcc/arm-none-eabi/10.3.1/thumb/v7e-m+fp/hard/crtn.o
OUTPUT(build/robotorace_2.elf elf32-littlearm)
LOAD linker stubs
LOAD c:/tools/gcc-arm-none-eabi-10.3-2021.10/bin/../lib/gcc/arm-none-eabi/10.3.1/../../../../arm-none-eabi/lib/thumb/v7e-m+fp/hard\libc.a
LOAD c:/tools/gcc-arm-none-eabi-10.3-2021.10/bin/../lib/gcc/arm-none-eabi/10.3.1/../../../../arm-none-eabi/lib/thumb/v7e-m+fp/hard\libm.a
LOAD c:/tools/gcc-arm-none-eabi-10.3-2021.10/bin/../lib/gcc/arm-none-eabi/10.3.1/thumb/v7e-m+fp/hard\libgcc.a

.debug_info     0x00000000    0x17e09
 .debug_info    0x00000000     0x1d4a build/main.o
 .debug_info    0x00001d4a      0x409 build/gpio.o
 .debug_info    0x00002153      0xe43 build/adc.o
 .debug_info    0x00002f96     0x11ff build/tim.o
 .debug_info    0x00004195      0xa7a build/usart.o
 .debug_info    0x00004c0f      0x82d build/stm32f3xx_it.o
 .debug_info    0x0000543c      0x1c9 build/stm32f3xx_hal_msp.o
 .debug_info    0x00005605      0xd01 build/stm32f3xx_hal_adc.o
 .debug_info    0x00006306     0x1f8e build/stm32f3xx_hal_adc_ex.o
 .debug_info    0x00008294      0x8a8 build/stm32f3xx_hal.o
 .debug_info    0x00008b3c     0x16de build/stm32f3xx_hal_rcc.o
 .debug_info    0x0000a21a      0x697 build/stm32f3xx_hal_rcc_ex.o
 .debug_info    0x0000a8b1      0x824 build/stm32f3xx_hal_gpio.o
 .debug_info    0x0000b0d5      0x8f7 build/stm32f3xx_hal_dma.o
 .debug_info    0x0000b9cc      0xe2e build/stm32f3xx_hal_cortex.o
 .debug_info    0x0000c7fa     0x4194 build/stm32f3xx_hal_tim.o
 .debug_info    0x0001098e     0x1d1c build/stm32f3xx_hal_tim_ex.o
 .debug_info    0x000126aa     0x5114 build/stm32f3xx_hal_uart.o
 .debug_info    0x000177be      0x47d build/system_stm32f3xx.o
 .debug_info    0x00017c3b      0x1ac build/dma.o
 .debug_info    0x00017de7       0x22 build/startup_stm32f303x8.o

.debug_abbrev   0x00000000     0x2b0a
 .debug_abbrev  0x00000000      0x344 build/main.o
 .debug_abbrev  0x00000344      0x151 build/gpio.o
 .debug_abbrev  0x00000495      0x20f build/adc.o
 .debug_abbrev  0x000006a4      0x235 build/tim.o
 .debug_abbrev  0x000008d9      0x1d7 build/usart.o
 .debug_abbrev  0x00000ab0      0x17c build/stm32f3xx_it.o
 .debug_abbrev  0x00000c2c       0xc1 build/stm32f3xx_hal_msp.o
 .debug_abbrev  0x00000ced      0x18d build/stm32f3xx_hal_adc.o
 .debug_abbrev  0x00000e7a      0x31e build/stm32f3xx_hal_adc_ex.o
 .debug_abbrev  0x00001198      0x20a build/stm32f3xx_hal.o
 .debug_abbrev  0x000013a2      0x323 build/stm32f3xx_hal_rcc.o
 .debug_abbrev  0x000016c5      0x278 build/stm32f3xx_hal_rcc_ex.o
 .debug_abbrev  0x0000193d      0x222 build/stm32f3xx_hal_gpio.o
 .debug_abbrev  0x00001b5f      0x24d build/stm32f3xx_hal_dma.o
 .debug_abbrev  0x00001dac      0x359 build/stm32f3xx_hal_cortex.o
 .debug_abbrev  0x00002105      0x282 build/stm32f3xx_hal_tim.o
 .debug_abbrev  0x00002387      0x298 build/stm32f3xx_hal_tim_ex.o
 .debug_abbrev  0x0000261f      0x308 build/stm32f3xx_hal_uart.o
 .debug_abbrev  0x00002927      0x11b build/system_stm32f3xx.o
 .debug_abbrev  0x00002a42       0xb6 build/dma.o
 .debug_abbrev  0x00002af8       0x12 build/startup_stm32f303x8.o

.debug_loc      0x00000000    0x136be
 .debug_loc     0x00000000      0x304 build/main.o
 .debug_loc     0x00000304       0x38 build/gpio.o
 .debug_loc     0x0000033c      0x1cc build/adc.o
 .debug_loc     0x00000508      0x276 build/tim.o
 .debug_loc     0x0000077e      0x108 build/usart.o
 .debug_loc     0x00000886       0x60 build/stm32f3xx_it.o
 .debug_loc     0x000008e6       0x2c build/stm32f3xx_hal_msp.o
 .debug_loc     0x00000912      0x22b build/stm32f3xx_hal_adc.o
 .debug_loc     0x00000b3d     0x24de build/stm32f3xx_hal_adc_ex.o
 .debug_loc     0x0000301b      0x1e1 build/stm32f3xx_hal.o
 .debug_loc     0x000031fc      0xf59 build/stm32f3xx_hal_rcc.o
 .debug_loc     0x00004155      0x6cd build/stm32f3xx_hal_rcc_ex.o
 .debug_loc     0x00004822      0x46f build/stm32f3xx_hal_gpio.o
 .debug_loc     0x00004c91      0x928 build/stm32f3xx_hal_dma.o
 .debug_loc     0x000055b9      0x77f build/stm32f3xx_hal_cortex.o
 .debug_loc     0x00005d38     0x6170 build/stm32f3xx_hal_tim.o
 .debug_loc     0x0000bea8     0x25c4 build/stm32f3xx_hal_tim_ex.o
 .debug_loc     0x0000e46c     0x5103 build/stm32f3xx_hal_uart.o
 .debug_loc     0x0001356f      0x123 build/system_stm32f3xx.o
 .debug_loc     0x00013692       0x2c build/dma.o

.debug_aranges  0x00000000      0xef8
 .debug_aranges
                0x00000000       0x68 build/main.o
 .debug_aranges
                0x00000068       0x20 build/gpio.o
 .debug_aranges
                0x00000088       0x38 build/adc.o
 .debug_aranges
                0x000000c0       0x48 build/tim.o
 .debug_aranges
                0x00000108       0x30 build/usart.o
 .debug_aranges
                0x00000138       0x70 build/stm32f3xx_it.o
 .debug_aranges
                0x000001a8       0x20 build/stm32f3xx_hal_msp.o
 .debug_aranges
                0x000001c8       0xc8 build/stm32f3xx_hal_adc.o
 .debug_aranges
                0x00000290      0x168 build/stm32f3xx_hal_adc_ex.o
 .debug_aranges
                0x000003f8       0xe0 build/stm32f3xx_hal.o
 .debug_aranges
                0x000004d8       0x88 build/stm32f3xx_hal_rcc.o
 .debug_aranges
                0x00000560       0x38 build/stm32f3xx_hal_rcc_ex.o
 .debug_aranges
                0x00000598       0x58 build/stm32f3xx_hal_gpio.o
 .debug_aranges
                0x000005f0       0x88 build/stm32f3xx_hal_dma.o
 .debug_aranges
                0x00000678       0x90 build/stm32f3xx_hal_cortex.o
 .debug_aranges
                0x00000708      0x3e0 build/stm32f3xx_hal_tim.o
 .debug_aranges
                0x00000ae8      0x178 build/stm32f3xx_hal_tim_ex.o
 .debug_aranges
                0x00000c60      0x228 build/stm32f3xx_hal_uart.o
 .debug_aranges
                0x00000e88       0x28 build/system_stm32f3xx.o
 .debug_aranges
                0x00000eb0       0x20 build/dma.o
 .debug_aranges
                0x00000ed0       0x28 build/startup_stm32f303x8.o

.debug_ranges   0x00000000      0xe48
 .debug_ranges  0x00000000       0x58 build/main.o
 .debug_ranges  0x00000058       0x10 build/gpio.o
 .debug_ranges  0x00000068       0x28 build/adc.o
 .debug_ranges  0x00000090       0x38 build/tim.o
 .debug_ranges  0x000000c8       0x20 build/usart.o
 .debug_ranges  0x000000e8       0x60 build/stm32f3xx_it.o
 .debug_ranges  0x00000148       0x10 build/stm32f3xx_hal_msp.o
 .debug_ranges  0x00000158       0xb8 build/stm32f3xx_hal_adc.o
 .debug_ranges  0x00000210      0x158 build/stm32f3xx_hal_adc_ex.o
 .debug_ranges  0x00000368       0xd0 build/stm32f3xx_hal.o
 .debug_ranges  0x00000438       0x98 build/stm32f3xx_hal_rcc.o
 .debug_ranges  0x000004d0       0x28 build/stm32f3xx_hal_rcc_ex.o
 .debug_ranges  0x000004f8       0x48 build/stm32f3xx_hal_gpio.o
 .debug_ranges  0x00000540       0x78 build/stm32f3xx_hal_dma.o
 .debug_ranges  0x000005b8       0xe0 build/stm32f3xx_hal_cortex.o
 .debug_ranges  0x00000698      0x3d0 build/stm32f3xx_hal_tim.o
 .debug_ranges  0x00000a68      0x168 build/stm32f3xx_hal_tim_ex.o
 .debug_ranges  0x00000bd0      0x230 build/stm32f3xx_hal_uart.o
 .debug_ranges  0x00000e00       0x18 build/system_stm32f3xx.o
 .debug_ranges  0x00000e18       0x10 build/dma.o
 .debug_ranges  0x00000e28       0x20 build/startup_stm32f303x8.o

.debug_line     0x00000000    0x13b69
 .debug_line    0x00000000      0x89f build/main.o
 .debug_line    0x0000089f      0x1db build/gpio.o
 .debug_line    0x00000a7a      0x6cf build/adc.o
 .debug_line    0x00001149      0x5a4 build/tim.o
 .debug_line    0x000016ed      0x2bf build/usart.o
 .debug_line    0x000019ac      0x2d2 build/stm32f3xx_it.o
 .debug_line    0x00001c7e      0x144 build/stm32f3xx_hal_msp.o
 .debug_line    0x00001dc2      0x41a build/stm32f3xx_hal_adc.o
 .debug_line    0x000021dc     0x2467 build/stm32f3xx_hal_adc_ex.o
 .debug_line    0x00004643      0x502 build/stm32f3xx_hal.o
 .debug_line    0x00004b45     0x119d build/stm32f3xx_hal_rcc.o
 .debug_line    0x00005ce2      0x6cc build/stm32f3xx_hal_rcc_ex.o
 .debug_line    0x000063ae      0x646 build/stm32f3xx_hal_gpio.o
 .debug_line    0x000069f4      0x9b2 build/stm32f3xx_hal_dma.o
 .debug_line    0x000073a6      0x603 build/stm32f3xx_hal_cortex.o
 .debug_line    0x000079a9     0x5091 build/stm32f3xx_hal_tim.o
 .debug_line    0x0000ca3a     0x1d10 build/stm32f3xx_hal_tim_ex.o
 .debug_line    0x0000e74a     0x5054 build/stm32f3xx_hal_uart.o
 .debug_line    0x0001379e      0x225 build/system_stm32f3xx.o
 .debug_line    0x000139c3      0x130 build/dma.o
 .debug_line    0x00013af3       0x76 build/startup_stm32f303x8.o

.debug_str      0x00000000     0x477b
 .debug_str     0x00000000      0xfa2 build/main.o
                               0x10ee (size before relaxing)
 .debug_str     0x00000fa2       0xbf build/gpio.o
                                0x29f (size before relaxing)
 .debug_str     0x00001061      0x136 build/adc.o
                                0x84e (size before relaxing)
 .debug_str     0x00001197      0x5e7 build/tim.o
                                0xde7 (size before relaxing)
 .debug_str     0x0000177e       0x4e build/usart.o
                                0x6fa (size before relaxing)
 .debug_str     0x000017cc       0xe7 build/stm32f3xx_it.o
                                0x754 (size before relaxing)
 .debug_str     0x000018b3       0x29 build/stm32f3xx_hal_msp.o
                                0x1ee (size before relaxing)
 .debug_str     0x000018dc      0x209 build/stm32f3xx_hal_adc.o
                                0x8a3 (size before relaxing)
 .debug_str     0x00001ae5      0x609 build/stm32f3xx_hal_adc_ex.o
                                0xee9 (size before relaxing)
 .debug_str     0x000020ee      0x2de build/stm32f3xx_hal.o
                                0x83e (size before relaxing)
 .debug_str     0x000023cc      0x206 build/stm32f3xx_hal_rcc.o
                                0x65e (size before relaxing)
 .debug_str     0x000025d2       0xc5 build/stm32f3xx_hal_rcc_ex.o
                                0x455 (size before relaxing)
 .debug_str     0x00002697      0x133 build/stm32f3xx_hal_gpio.o
                                0x483 (size before relaxing)
 .debug_str     0x000027ca      0x20a build/stm32f3xx_hal_dma.o
                                0x5fe (size before relaxing)
 .debug_str     0x000029d4      0x373 build/stm32f3xx_hal_cortex.o
                                0x8cb (size before relaxing)
 .debug_str     0x00002d47      0xda2 build/stm32f3xx_hal_tim.o
                               0x16a7 (size before relaxing)
 .debug_str     0x00003ae9      0x490 build/stm32f3xx_hal_tim_ex.o
                                0xee2 (size before relaxing)
 .debug_str     0x00003f79      0x77d build/stm32f3xx_hal_uart.o
                                0xeb9 (size before relaxing)
 .debug_str     0x000046f6       0x52 build/system_stm32f3xx.o
                                0x2b6 (size before relaxing)
 .debug_str     0x00004748        0xf build/dma.o
                                0x1e0 (size before relaxing)
 .debug_str     0x00004757       0x24 build/startup_stm32f303x8.o
                                 0x46 (size before relaxing)

.comment        0x00000000       0x49
 .comment       0x00000000       0x49 build/main.o
                                 0x4a (size before relaxing)
 .comment       0x00000049       0x4a build/gpio.o
 .comment       0x00000049       0x4a build/adc.o
 .comment       0x00000049       0x4a build/tim.o
 .comment       0x00000049       0x4a build/usart.o
 .comment       0x00000049       0x4a build/stm32f3xx_it.o
 .comment       0x00000049       0x4a build/stm32f3xx_hal_msp.o
 .comment       0x00000049       0x4a build/stm32f3xx_hal_adc.o
 .comment       0x00000049       0x4a build/stm32f3xx_hal_adc_ex.o
 .comment       0x00000049       0x4a build/stm32f3xx_hal.o
 .comment       0x00000049       0x4a build/stm32f3xx_hal_rcc.o
 .comment       0x00000049       0x4a build/stm32f3xx_hal_rcc_ex.o
 .comment       0x00000049       0x4a build/stm32f3xx_hal_gpio.o
 .comment       0x00000049       0x4a build/stm32f3xx_hal_dma.o
 .comment       0x00000049       0x4a build/stm32f3xx_hal_cortex.o
 .comment       0x00000049       0x4a build/stm32f3xx_hal_tim.o
 .comment       0x00000049       0x4a build/stm32f3xx_hal_tim_ex.o
 .comment       0x00000049       0x4a build/stm32f3xx_hal_uart.o
 .comment       0x00000049       0x4a build/system_stm32f3xx.o
 .comment       0x00000049       0x4a build/dma.o

.debug_frame    0x00000000     0x295c
 .debug_frame   0x00000000      0x114 build/main.o
 .debug_frame   0x00000114       0x34 build/gpio.o
 .debug_frame   0x00000148       0x88 build/adc.o
 .debug_frame   0x000001d0       0xcc build/tim.o
 .debug_frame   0x0000029c       0x60 build/usart.o
 .debug_frame   0x000002fc       0xd8 build/stm32f3xx_it.o
 .debug_frame   0x000003d4       0x28 build/stm32f3xx_hal_msp.o
 .debug_frame   0x000003fc      0x170 build/stm32f3xx_hal_adc.o
 .debug_frame   0x0000056c      0x4d0 build/stm32f3xx_hal_adc_ex.o
 .debug_frame   0x00000a3c      0x1cc build/stm32f3xx_hal.o
 .debug_frame   0x00000c08      0x170 build/stm32f3xx_hal_rcc.o
 .debug_frame   0x00000d78       0x74 build/stm32f3xx_hal_rcc_ex.o
 .debug_frame   0x00000dec       0xd0 build/stm32f3xx_hal_gpio.o
 .debug_frame   0x00000ebc      0x160 build/stm32f3xx_hal_dma.o
 .debug_frame   0x0000101c      0x118 build/stm32f3xx_hal_cortex.o
 .debug_frame   0x00001134      0xb50 build/stm32f3xx_hal_tim.o
 .debug_frame   0x00001c84      0x450 build/stm32f3xx_hal_tim_ex.o
 .debug_frame   0x000020d4      0x600 build/stm32f3xx_hal_uart.o
 .debug_frame   0x000026d4       0x30 build/system_stm32f3xx.o
 .debug_frame   0x00002704       0x28 build/dma.o
 .debug_frame   0x0000272c       0x2c c:/tools/gcc-arm-none-eabi-10.3-2021.10/bin/../lib/gcc/arm-none-eabi/10.3.1/../../../../arm-none-eabi/lib/thumb/v7e-m+fp/hard\libc_nano.a(lib_a-init.o)
 .debug_frame   0x00002758       0x20 c:/tools/gcc-arm-none-eabi-10.3-2021.10/bin/../lib/gcc/arm-none-eabi/10.3.1/../../../../arm-none-eabi/lib/thumb/v7e-m+fp/hard\libc_nano.a(lib_a-memset.o)
 .debug_frame   0x00002778       0xac c:/tools/gcc-arm-none-eabi-10.3-2021.10/bin/../lib/gcc/arm-none-eabi/10.3.1/thumb/v7e-m+fp/hard\libgcc.a(_arm_addsubdf3.o)
 .debug_frame   0x00002824       0x50 c:/tools/gcc-arm-none-eabi-10.3-2021.10/bin/../lib/gcc/arm-none-eabi/10.3.1/thumb/v7e-m+fp/hard\libgcc.a(_arm_muldivdf3.o)
 .debug_frame   0x00002874       0xc4 c:/tools/gcc-arm-none-eabi-10.3-2021.10/bin/../lib/gcc/arm-none-eabi/10.3.1/thumb/v7e-m+fp/hard\libgcc.a(_arm_cmpdf2.o)
 .debug_frame   0x00002938       0x24 c:/tools/gcc-arm-none-eabi-10.3-2021.10/bin/../lib/gcc/arm-none-eabi/10.3.1/thumb/v7e-m+fp/hard\libgcc.a(_arm_fixdfsi.o)

Cross Reference Table

Symbol                                            File
ADC1_2_IRQHandler                                 build/startup_stm32f303x8.o
AHBPrescTable                                     build/system_stm32f3xx.o
                                                  build/stm32f3xx_hal_rcc.o
APBPrescTable                                     build/system_stm32f3xx.o
                                                  build/stm32f3xx_hal_rcc.o
BusFault_Handler                                  build/stm32f3xx_it.o
CAN_RX0_IRQHandler                                build/startup_stm32f303x8.o
CAN_RX1_IRQHandler                                build/startup_stm32f303x8.o
CAN_SCE_IRQHandler                                build/startup_stm32f303x8.o
CAN_TX_IRQHandler                                 build/startup_stm32f303x8.o
COMP2_IRQHandler                                  build/startup_stm32f303x8.o
COMP4_6_IRQHandler                                build/startup_stm32f303x8.o
CommSpeed                                         build/main.o
Curve_Sens                                        build/main.o
Curve_Sensor                                      build/main.o
DGainCLB                                          build/main.o
DMA1_Channel1_IRQHandler                          build/startup_stm32f303x8.o
DMA1_Channel2_IRQHandler                          build/startup_stm32f303x8.o
DMA1_Channel3_IRQHandler                          build/startup_stm32f303x8.o
DMA1_Channel4_IRQHandler                          build/startup_stm32f303x8.o
DMA1_Channel5_IRQHandler                          build/startup_stm32f303x8.o
DMA1_Channel6_IRQHandler                          build/startup_stm32f303x8.o
DMA1_Channel7_IRQHandler                          build/startup_stm32f303x8.o
DebugMon_Handler                                  build/stm32f3xx_it.o
Default_Handler                                   build/startup_stm32f303x8.o
EXTI0_IRQHandler                                  build/startup_stm32f303x8.o
EXTI15_10_IRQHandler                              build/startup_stm32f303x8.o
EXTI1_IRQHandler                                  build/startup_stm32f303x8.o
EXTI2_TSC_IRQHandler                              build/startup_stm32f303x8.o
EXTI3_IRQHandler                                  build/startup_stm32f303x8.o
EXTI4_IRQHandler                                  build/startup_stm32f303x8.o
EXTI9_5_IRQHandler                                build/startup_stm32f303x8.o
ErrFlg                                            build/main.o
Error_Handler                                     build/main.o
                                                  build/usart.o
                                                  build/tim.o
                                                  build/adc.o
FLASH_IRQHandler                                  build/startup_stm32f303x8.o
FLASH_PageErase                                   build/stm32f3xx_hal_flash_ex.o
                                                  build/stm32f3xx_hal_flash.o
FLASH_WaitForLastOperation                        build/stm32f3xx_hal_flash.o
                                                  build/stm32f3xx_hal_flash_ex.o
FPU_IRQHandler                                    build/startup_stm32f303x8.o
Flag                                              build/main.o
FlagL                                             build/main.o
FlagR                                             build/main.o
HAL_ADCEx_Calibration_GetValue                    build/stm32f3xx_hal_adc_ex.o
HAL_ADCEx_Calibration_SetValue                    build/stm32f3xx_hal_adc_ex.o
HAL_ADCEx_Calibration_Start                       build/stm32f3xx_hal_adc_ex.o
HAL_ADCEx_InjectedConfigChannel                   build/stm32f3xx_hal_adc_ex.o
HAL_ADCEx_InjectedConvCpltCallback                build/stm32f3xx_hal_adc_ex.o
HAL_ADCEx_InjectedGetValue                        build/stm32f3xx_hal_adc_ex.o
HAL_ADCEx_InjectedPollForConversion               build/stm32f3xx_hal_adc_ex.o
HAL_ADCEx_InjectedQueueOverflowCallback           build/stm32f3xx_hal_adc_ex.o
HAL_ADCEx_InjectedStart                           build/stm32f3xx_hal_adc_ex.o
HAL_ADCEx_InjectedStart_IT                        build/stm32f3xx_hal_adc_ex.o
HAL_ADCEx_InjectedStop                            build/stm32f3xx_hal_adc_ex.o
HAL_ADCEx_InjectedStop_IT                         build/stm32f3xx_hal_adc_ex.o
HAL_ADCEx_LevelOutOfWindow2Callback               build/stm32f3xx_hal_adc_ex.o
HAL_ADCEx_LevelOutOfWindow3Callback               build/stm32f3xx_hal_adc_ex.o
HAL_ADCEx_MultiModeConfigChannel                  build/stm32f3xx_hal_adc_ex.o
                                                  build/adc.o
HAL_ADCEx_MultiModeGetValue                       build/stm32f3xx_hal_adc_ex.o
HAL_ADCEx_MultiModeStart_DMA                      build/stm32f3xx_hal_adc_ex.o
HAL_ADCEx_MultiModeStop_DMA                       build/stm32f3xx_hal_adc_ex.o
HAL_ADCEx_RegularMultiModeStop_DMA                build/stm32f3xx_hal_adc_ex.o
HAL_ADCEx_RegularStop                             build/stm32f3xx_hal_adc_ex.o
HAL_ADCEx_RegularStop_DMA                         build/stm32f3xx_hal_adc_ex.o
HAL_ADCEx_RegularStop_IT                          build/stm32f3xx_hal_adc_ex.o
HAL_ADC_AnalogWDGConfig                           build/stm32f3xx_hal_adc_ex.o
                                                  build/stm32f3xx_hal_adc.o
HAL_ADC_ConfigChannel                             build/stm32f3xx_hal_adc_ex.o
                                                  build/stm32f3xx_hal_adc.o
                                                  build/adc.o
HAL_ADC_ConvCpltCallback                          build/stm32f3xx_hal_adc.o
                                                  build/stm32f3xx_hal_adc_ex.o
HAL_ADC_ConvHalfCpltCallback                      build/stm32f3xx_hal_adc.o
                                                  build/stm32f3xx_hal_adc_ex.o
HAL_ADC_DeInit                                    build/stm32f3xx_hal_adc_ex.o
                                                  build/stm32f3xx_hal_adc.o
HAL_ADC_ErrorCallback                             build/stm32f3xx_hal_adc.o
                                                  build/stm32f3xx_hal_adc_ex.o
HAL_ADC_GetError                                  build/stm32f3xx_hal_adc.o
HAL_ADC_GetState                                  build/stm32f3xx_hal_adc.o
HAL_ADC_GetValue                                  build/stm32f3xx_hal_adc_ex.o
                                                  build/stm32f3xx_hal_adc.o
HAL_ADC_IRQHandler                                build/stm32f3xx_hal_adc_ex.o
                                                  build/stm32f3xx_hal_adc.o
HAL_ADC_Init                                      build/stm32f3xx_hal_adc_ex.o
                                                  build/stm32f3xx_hal_adc.o
                                                  build/adc.o
HAL_ADC_LevelOutOfWindowCallback                  build/stm32f3xx_hal_adc.o
                                                  build/stm32f3xx_hal_adc_ex.o
HAL_ADC_MspDeInit                                 build/adc.o
                                                  build/stm32f3xx_hal_adc_ex.o
HAL_ADC_MspInit                                   build/adc.o
                                                  build/stm32f3xx_hal_adc_ex.o
HAL_ADC_PollForConversion                         build/stm32f3xx_hal_adc_ex.o
                                                  build/stm32f3xx_hal_adc.o
HAL_ADC_PollForEvent                              build/stm32f3xx_hal_adc_ex.o
                                                  build/stm32f3xx_hal_adc.o
HAL_ADC_Start                                     build/stm32f3xx_hal_adc_ex.o
                                                  build/stm32f3xx_hal_adc.o
HAL_ADC_Start_DMA                                 build/stm32f3xx_hal_adc_ex.o
                                                  build/stm32f3xx_hal_adc.o
                                                  build/main.o
HAL_ADC_Start_IT                                  build/stm32f3xx_hal_adc_ex.o
                                                  build/stm32f3xx_hal_adc.o
HAL_ADC_Stop                                      build/stm32f3xx_hal_adc_ex.o
                                                  build/stm32f3xx_hal_adc.o
HAL_ADC_Stop_DMA                                  build/stm32f3xx_hal_adc_ex.o
                                                  build/stm32f3xx_hal_adc.o
HAL_ADC_Stop_IT                                   build/stm32f3xx_hal_adc_ex.o
                                                  build/stm32f3xx_hal_adc.o
HAL_DBGMCU_DisableDBGSleepMode                    build/stm32f3xx_hal.o
HAL_DBGMCU_DisableDBGStandbyMode                  build/stm32f3xx_hal.o
HAL_DBGMCU_DisableDBGStopMode                     build/stm32f3xx_hal.o
HAL_DBGMCU_EnableDBGSleepMode                     build/stm32f3xx_hal.o
HAL_DBGMCU_EnableDBGStandbyMode                   build/stm32f3xx_hal.o
HAL_DBGMCU_EnableDBGStopMode                      build/stm32f3xx_hal.o
HAL_DMA_Abort                                     build/stm32f3xx_hal_dma.o
                                                  build/stm32f3xx_hal_uart.o
                                                  build/stm32f3xx_hal_adc_ex.o
HAL_DMA_Abort_IT                                  build/stm32f3xx_hal_dma.o
                                                  build/stm32f3xx_hal_uart.o
                                                  build/stm32f3xx_hal_tim_ex.o
                                                  build/stm32f3xx_hal_tim.o
                                                  build/stm32f3xx_hal_i2c.o
HAL_DMA_DeInit                                    build/stm32f3xx_hal_dma.o
                                                  build/adc.o
HAL_DMA_GetError                                  build/stm32f3xx_hal_dma.o
                                                  build/stm32f3xx_hal_uart.o
HAL_DMA_GetState                                  build/stm32f3xx_hal_dma.o
                                                  build/stm32f3xx_hal_i2c.o
HAL_DMA_IRQHandler                                build/stm32f3xx_hal_dma.o
HAL_DMA_Init                                      build/stm32f3xx_hal_dma.o
                                                  build/adc.o
HAL_DMA_PollForTransfer                           build/stm32f3xx_hal_dma.o
HAL_DMA_RegisterCallback                          build/stm32f3xx_hal_dma.o
HAL_DMA_Start                                     build/stm32f3xx_hal_dma.o
HAL_DMA_Start_IT                                  build/stm32f3xx_hal_dma.o
                                                  build/stm32f3xx_hal_uart.o
                                                  build/stm32f3xx_hal_tim_ex.o
                                                  build/stm32f3xx_hal_tim.o
                                                  build/stm32f3xx_hal_i2c.o
                                                  build/stm32f3xx_hal_adc_ex.o
HAL_DMA_UnRegisterCallback                        build/stm32f3xx_hal_dma.o
HAL_DeInit                                        build/stm32f3xx_hal.o
HAL_Delay                                         build/stm32f3xx_hal.o
                                                  build/main.o
HAL_EXTI_ClearConfigLine                          build/stm32f3xx_hal_exti.o
HAL_EXTI_ClearPending                             build/stm32f3xx_hal_exti.o
HAL_EXTI_GenerateSWI                              build/stm32f3xx_hal_exti.o
HAL_EXTI_GetConfigLine                            build/stm32f3xx_hal_exti.o
HAL_EXTI_GetHandle                                build/stm32f3xx_hal_exti.o
HAL_EXTI_GetPending                               build/stm32f3xx_hal_exti.o
HAL_EXTI_IRQHandler                               build/stm32f3xx_hal_exti.o
HAL_EXTI_RegisterCallback                         build/stm32f3xx_hal_exti.o
HAL_EXTI_SetConfigLine                            build/stm32f3xx_hal_exti.o
HAL_FLASHEx_Erase                                 build/stm32f3xx_hal_flash_ex.o
HAL_FLASHEx_Erase_IT                              build/stm32f3xx_hal_flash_ex.o
HAL_FLASHEx_OBErase                               build/stm32f3xx_hal_flash_ex.o
HAL_FLASHEx_OBGetConfig                           build/stm32f3xx_hal_flash_ex.o
HAL_FLASHEx_OBGetUserData                         build/stm32f3xx_hal_flash_ex.o
HAL_FLASHEx_OBProgram                             build/stm32f3xx_hal_flash_ex.o
HAL_FLASH_EndOfOperationCallback                  build/stm32f3xx_hal_flash.o
HAL_FLASH_GetError                                build/stm32f3xx_hal_flash.o
HAL_FLASH_IRQHandler                              build/stm32f3xx_hal_flash.o
HAL_FLASH_Lock                                    build/stm32f3xx_hal_flash.o
HAL_FLASH_OB_Launch                               build/stm32f3xx_hal_flash.o
HAL_FLASH_OB_Lock                                 build/stm32f3xx_hal_flash.o
HAL_FLASH_OB_Unlock                               build/stm32f3xx_hal_flash.o
HAL_FLASH_OperationErrorCallback                  build/stm32f3xx_hal_flash.o
HAL_FLASH_Program                                 build/stm32f3xx_hal_flash.o
HAL_FLASH_Program_IT                              build/stm32f3xx_hal_flash.o
HAL_FLASH_Unlock                                  build/stm32f3xx_hal_flash.o
HAL_GPIO_DeInit                                   build/stm32f3xx_hal_gpio.o
                                                  build/usart.o
                                                  build/adc.o
HAL_GPIO_EXTI_Callback                            build/stm32f3xx_hal_gpio.o
HAL_GPIO_EXTI_IRQHandler                          build/stm32f3xx_hal_gpio.o
HAL_GPIO_Init                                     build/stm32f3xx_hal_gpio.o
                                                  build/stm32f3xx_hal_rcc.o
                                                  build/usart.o
                                                  build/tim.o
                                                  build/adc.o
                                                  build/gpio.o
HAL_GPIO_LockPin                                  build/stm32f3xx_hal_gpio.o
HAL_GPIO_ReadPin                                  build/stm32f3xx_hal_gpio.o
                                                  build/main.o
HAL_GPIO_TogglePin                                build/stm32f3xx_hal_gpio.o
                                                  build/main.o
HAL_GPIO_WritePin                                 build/stm32f3xx_hal_gpio.o
                                                  build/gpio.o
                                                  build/main.o
HAL_GetDEVID                                      build/stm32f3xx_hal.o
HAL_GetHalVersion                                 build/stm32f3xx_hal.o
HAL_GetREVID                                      build/stm32f3xx_hal.o
HAL_GetTick                                       build/stm32f3xx_hal.o
                                                  build/stm32f3xx_hal_uart_ex.o
                                                  build/stm32f3xx_hal_uart.o
                                                  build/stm32f3xx_hal_i2c.o
                                                  build/stm32f3xx_hal_flash.o
                                                  build/stm32f3xx_hal_dma.o
                                                  build/stm32f3xx_hal_rcc_ex.o
                                                  build/stm32f3xx_hal_rcc.o
                                                  build/stm32f3xx_hal_adc_ex.o
HAL_GetTickFreq                                   build/stm32f3xx_hal.o
HAL_GetTickPrio                                   build/stm32f3xx_hal.o
HAL_GetUIDw0                                      build/stm32f3xx_hal.o
HAL_GetUIDw1                                      build/stm32f3xx_hal.o
HAL_GetUIDw2                                      build/stm32f3xx_hal.o
HAL_HalfDuplex_EnableReceiver                     build/stm32f3xx_hal_uart.o
HAL_HalfDuplex_EnableTransmitter                  build/stm32f3xx_hal_uart.o
HAL_HalfDuplex_Init                               build/stm32f3xx_hal_uart.o
HAL_I2CEx_ConfigAnalogFilter                      build/stm32f3xx_hal_i2c_ex.o
HAL_I2CEx_ConfigDigitalFilter                     build/stm32f3xx_hal_i2c_ex.o
HAL_I2CEx_DisableFastModePlus                     build/stm32f3xx_hal_i2c_ex.o
HAL_I2CEx_DisableWakeUp                           build/stm32f3xx_hal_i2c_ex.o
HAL_I2CEx_EnableFastModePlus                      build/stm32f3xx_hal_i2c_ex.o
HAL_I2CEx_EnableWakeUp                            build/stm32f3xx_hal_i2c_ex.o
HAL_I2C_AbortCpltCallback                         build/stm32f3xx_hal_i2c.o
HAL_I2C_AddrCallback                              build/stm32f3xx_hal_i2c.o
HAL_I2C_DeInit                                    build/stm32f3xx_hal_i2c.o
HAL_I2C_DisableListen_IT                          build/stm32f3xx_hal_i2c.o
HAL_I2C_ER_IRQHandler                             build/stm32f3xx_hal_i2c.o
HAL_I2C_EV_IRQHandler                             build/stm32f3xx_hal_i2c.o
HAL_I2C_EnableListen_IT                           build/stm32f3xx_hal_i2c.o
HAL_I2C_ErrorCallback                             build/stm32f3xx_hal_i2c.o
HAL_I2C_GetError                                  build/stm32f3xx_hal_i2c.o
HAL_I2C_GetMode                                   build/stm32f3xx_hal_i2c.o
HAL_I2C_GetState                                  build/stm32f3xx_hal_i2c.o
HAL_I2C_Init                                      build/stm32f3xx_hal_i2c.o
HAL_I2C_IsDeviceReady                             build/stm32f3xx_hal_i2c.o
HAL_I2C_ListenCpltCallback                        build/stm32f3xx_hal_i2c.o
HAL_I2C_MasterRxCpltCallback                      build/stm32f3xx_hal_i2c.o
HAL_I2C_MasterTxCpltCallback                      build/stm32f3xx_hal_i2c.o
HAL_I2C_Master_Abort_IT                           build/stm32f3xx_hal_i2c.o
HAL_I2C_Master_Receive                            build/stm32f3xx_hal_i2c.o
HAL_I2C_Master_Receive_DMA                        build/stm32f3xx_hal_i2c.o
HAL_I2C_Master_Receive_IT                         build/stm32f3xx_hal_i2c.o
HAL_I2C_Master_Seq_Receive_DMA                    build/stm32f3xx_hal_i2c.o
HAL_I2C_Master_Seq_Receive_IT                     build/stm32f3xx_hal_i2c.o
HAL_I2C_Master_Seq_Transmit_DMA                   build/stm32f3xx_hal_i2c.o
HAL_I2C_Master_Seq_Transmit_IT                    build/stm32f3xx_hal_i2c.o
HAL_I2C_Master_Transmit                           build/stm32f3xx_hal_i2c.o
HAL_I2C_Master_Transmit_DMA                       build/stm32f3xx_hal_i2c.o
HAL_I2C_Master_Transmit_IT                        build/stm32f3xx_hal_i2c.o
HAL_I2C_MemRxCpltCallback                         build/stm32f3xx_hal_i2c.o
HAL_I2C_MemTxCpltCallback                         build/stm32f3xx_hal_i2c.o
HAL_I2C_Mem_Read                                  build/stm32f3xx_hal_i2c.o
HAL_I2C_Mem_Read_DMA                              build/stm32f3xx_hal_i2c.o
HAL_I2C_Mem_Read_IT                               build/stm32f3xx_hal_i2c.o
HAL_I2C_Mem_Write                                 build/stm32f3xx_hal_i2c.o
HAL_I2C_Mem_Write_DMA                             build/stm32f3xx_hal_i2c.o
HAL_I2C_Mem_Write_IT                              build/stm32f3xx_hal_i2c.o
HAL_I2C_MspDeInit                                 build/stm32f3xx_hal_i2c.o
HAL_I2C_MspInit                                   build/stm32f3xx_hal_i2c.o
HAL_I2C_SlaveRxCpltCallback                       build/stm32f3xx_hal_i2c.o
HAL_I2C_SlaveTxCpltCallback                       build/stm32f3xx_hal_i2c.o
HAL_I2C_Slave_Receive                             build/stm32f3xx_hal_i2c.o
HAL_I2C_Slave_Receive_DMA                         build/stm32f3xx_hal_i2c.o
HAL_I2C_Slave_Receive_IT                          build/stm32f3xx_hal_i2c.o
HAL_I2C_Slave_Seq_Receive_DMA                     build/stm32f3xx_hal_i2c.o
HAL_I2C_Slave_Seq_Receive_IT                      build/stm32f3xx_hal_i2c.o
HAL_I2C_Slave_Seq_Transmit_DMA                    build/stm32f3xx_hal_i2c.o
HAL_I2C_Slave_Seq_Transmit_IT                     build/stm32f3xx_hal_i2c.o
HAL_I2C_Slave_Transmit                            build/stm32f3xx_hal_i2c.o
HAL_I2C_Slave_Transmit_DMA                        build/stm32f3xx_hal_i2c.o
HAL_I2C_Slave_Transmit_IT                         build/stm32f3xx_hal_i2c.o
HAL_IncTick                                       build/stm32f3xx_hal.o
                                                  build/stm32f3xx_it.o
HAL_Init                                          build/stm32f3xx_hal.o
                                                  build/main.o
HAL_InitTick                                      build/stm32f3xx_hal.o
                                                  build/stm32f3xx_hal_rcc.o
HAL_LIN_Init                                      build/stm32f3xx_hal_uart.o
HAL_LIN_SendBreak                                 build/stm32f3xx_hal_uart.o
HAL_MspDeInit                                     build/stm32f3xx_hal.o
HAL_MspInit                                       build/stm32f3xx_hal_msp.o
HAL_MultiProcessorEx_AddressLength_Set            build/stm32f3xx_hal_uart_ex.o
HAL_MultiProcessor_DisableMuteMode                build/stm32f3xx_hal_uart.o
HAL_MultiProcessor_EnableMuteMode                 build/stm32f3xx_hal_uart.o
HAL_MultiProcessor_EnterMuteMode                  build/stm32f3xx_hal_uart.o
HAL_MultiProcessor_Init                           build/stm32f3xx_hal_uart.o
HAL_NVIC_ClearPendingIRQ                          build/stm32f3xx_hal_cortex.o
HAL_NVIC_DisableIRQ                               build/stm32f3xx_hal_cortex.o
                                                  build/tim.o
HAL_NVIC_EnableIRQ                                build/stm32f3xx_hal_cortex.o
                                                  build/tim.o
HAL_NVIC_GetActive                                build/stm32f3xx_hal_cortex.o
HAL_NVIC_GetPendingIRQ                            build/stm32f3xx_hal_cortex.o
HAL_NVIC_GetPriority                              build/stm32f3xx_hal_cortex.o
HAL_NVIC_GetPriorityGrouping                      build/stm32f3xx_hal_cortex.o
HAL_NVIC_SetPendingIRQ                            build/stm32f3xx_hal_cortex.o
HAL_NVIC_SetPriority                              build/stm32f3xx_hal_cortex.o
                                                  build/stm32f3xx_hal.o
                                                  build/tim.o
HAL_NVIC_SetPriorityGrouping                      build/stm32f3xx_hal_cortex.o
                                                  build/stm32f3xx_hal.o
HAL_NVIC_SystemReset                              build/stm32f3xx_hal_cortex.o
HAL_PWR_ConfigPVD                                 build/stm32f3xx_hal_pwr_ex.o
HAL_PWR_DeInit                                    build/stm32f3xx_hal_pwr.o
HAL_PWR_DisableBkUpAccess                         build/stm32f3xx_hal_pwr.o
HAL_PWR_DisablePVD                                build/stm32f3xx_hal_pwr_ex.o
HAL_PWR_DisableSEVOnPend                          build/stm32f3xx_hal_pwr.o
HAL_PWR_DisableSleepOnExit                        build/stm32f3xx_hal_pwr.o
HAL_PWR_DisableWakeUpPin                          build/stm32f3xx_hal_pwr.o
HAL_PWR_EnableBkUpAccess                          build/stm32f3xx_hal_pwr.o
HAL_PWR_EnablePVD                                 build/stm32f3xx_hal_pwr_ex.o
HAL_PWR_EnableSEVOnPend                           build/stm32f3xx_hal_pwr.o
HAL_PWR_EnableSleepOnExit                         build/stm32f3xx_hal_pwr.o
HAL_PWR_EnableWakeUpPin                           build/stm32f3xx_hal_pwr.o
HAL_PWR_EnterSLEEPMode                            build/stm32f3xx_hal_pwr.o
HAL_PWR_EnterSTANDBYMode                          build/stm32f3xx_hal_pwr.o
HAL_PWR_EnterSTOPMode                             build/stm32f3xx_hal_pwr.o
HAL_PWR_PVDCallback                               build/stm32f3xx_hal_pwr_ex.o
HAL_PWR_PVD_IRQHandler                            build/stm32f3xx_hal_pwr_ex.o
HAL_RCCEx_GetPeriphCLKConfig                      build/stm32f3xx_hal_rcc_ex.o
HAL_RCCEx_GetPeriphCLKFreq                        build/stm32f3xx_hal_rcc_ex.o
HAL_RCCEx_PeriphCLKConfig                         build/stm32f3xx_hal_rcc_ex.o
                                                  build/main.o
HAL_RCC_CSSCallback                               build/stm32f3xx_hal_rcc.o
HAL_RCC_ClockConfig                               build/stm32f3xx_hal_rcc.o
                                                  build/main.o
HAL_RCC_DeInit                                    build/stm32f3xx_hal_rcc.o
HAL_RCC_DisableCSS                                build/stm32f3xx_hal_rcc.o
HAL_RCC_EnableCSS                                 build/stm32f3xx_hal_rcc.o
HAL_RCC_GetClockConfig                            build/stm32f3xx_hal_rcc.o
HAL_RCC_GetHCLKFreq                               build/stm32f3xx_hal_rcc.o
HAL_RCC_GetOscConfig                              build/stm32f3xx_hal_rcc.o
HAL_RCC_GetPCLK1Freq                              build/stm32f3xx_hal_rcc.o
                                                  build/stm32f3xx_hal_uart.o
                                                  build/stm32f3xx_hal_rcc_ex.o
HAL_RCC_GetPCLK2Freq                              build/stm32f3xx_hal_rcc.o
                                                  build/stm32f3xx_hal_uart.o
HAL_RCC_GetSysClockFreq                           build/stm32f3xx_hal_rcc.o
                                                  build/stm32f3xx_hal_uart.o
                                                  build/stm32f3xx_hal_rcc_ex.o
HAL_RCC_MCOConfig                                 build/stm32f3xx_hal_rcc.o
HAL_RCC_NMI_IRQHandler                            build/stm32f3xx_hal_rcc.o
HAL_RCC_OscConfig                                 build/stm32f3xx_hal_rcc.o
                                                  build/main.o
HAL_RS485Ex_Init                                  build/stm32f3xx_hal_uart_ex.o
HAL_ResumeTick                                    build/stm32f3xx_hal.o
HAL_SYSTICK_CLKSourceConfig                       build/stm32f3xx_hal_cortex.o
HAL_SYSTICK_Callback                              build/stm32f3xx_hal_cortex.o
HAL_SYSTICK_Config                                build/stm32f3xx_hal_cortex.o
                                                  build/stm32f3xx_hal.o
HAL_SYSTICK_IRQHandler                            build/stm32f3xx_hal_cortex.o
HAL_SetTickFreq                                   build/stm32f3xx_hal.o
HAL_SuspendTick                                   build/stm32f3xx_hal.o
HAL_TIMEx_Break2Callback                          build/stm32f3xx_hal_tim_ex.o
                                                  build/stm32f3xx_hal_tim.o
HAL_TIMEx_BreakCallback                           build/stm32f3xx_hal_tim_ex.o
                                                  build/stm32f3xx_hal_tim.o
HAL_TIMEx_CommutCallback                          build/stm32f3xx_hal_tim_ex.o
                                                  build/stm32f3xx_hal_tim.o
HAL_TIMEx_CommutHalfCpltCallback                  build/stm32f3xx_hal_tim_ex.o
HAL_TIMEx_ConfigBreakDeadTime                     build/stm32f3xx_hal_tim_ex.o
                                                  build/tim.o
HAL_TIMEx_ConfigCommutEvent                       build/stm32f3xx_hal_tim_ex.o
HAL_TIMEx_ConfigCommutEvent_DMA                   build/stm32f3xx_hal_tim_ex.o
HAL_TIMEx_ConfigCommutEvent_IT                    build/stm32f3xx_hal_tim_ex.o
HAL_TIMEx_GetChannelNState                        build/stm32f3xx_hal_tim_ex.o
HAL_TIMEx_GroupChannel5                           build/stm32f3xx_hal_tim_ex.o
HAL_TIMEx_HallSensor_DeInit                       build/stm32f3xx_hal_tim_ex.o
HAL_TIMEx_HallSensor_GetState                     build/stm32f3xx_hal_tim_ex.o
HAL_TIMEx_HallSensor_Init                         build/stm32f3xx_hal_tim_ex.o
HAL_TIMEx_HallSensor_MspDeInit                    build/stm32f3xx_hal_tim_ex.o
HAL_TIMEx_HallSensor_MspInit                      build/stm32f3xx_hal_tim_ex.o
HAL_TIMEx_HallSensor_Start                        build/stm32f3xx_hal_tim_ex.o
HAL_TIMEx_HallSensor_Start_DMA                    build/stm32f3xx_hal_tim_ex.o
HAL_TIMEx_HallSensor_Start_IT                     build/stm32f3xx_hal_tim_ex.o
HAL_TIMEx_HallSensor_Stop                         build/stm32f3xx_hal_tim_ex.o
HAL_TIMEx_HallSensor_Stop_DMA                     build/stm32f3xx_hal_tim_ex.o
HAL_TIMEx_HallSensor_Stop_IT                      build/stm32f3xx_hal_tim_ex.o
HAL_TIMEx_MasterConfigSynchronization             build/stm32f3xx_hal_tim_ex.o
                                                  build/tim.o
HAL_TIMEx_OCN_Start                               build/stm32f3xx_hal_tim_ex.o
HAL_TIMEx_OCN_Start_DMA                           build/stm32f3xx_hal_tim_ex.o
HAL_TIMEx_OCN_Start_IT                            build/stm32f3xx_hal_tim_ex.o
HAL_TIMEx_OCN_Stop                                build/stm32f3xx_hal_tim_ex.o
HAL_TIMEx_OCN_Stop_DMA                            build/stm32f3xx_hal_tim_ex.o
HAL_TIMEx_OCN_Stop_IT                             build/stm32f3xx_hal_tim_ex.o
HAL_TIMEx_OnePulseN_Start                         build/stm32f3xx_hal_tim_ex.o
HAL_TIMEx_OnePulseN_Start_IT                      build/stm32f3xx_hal_tim_ex.o
HAL_TIMEx_OnePulseN_Stop                          build/stm32f3xx_hal_tim_ex.o
HAL_TIMEx_OnePulseN_Stop_IT                       build/stm32f3xx_hal_tim_ex.o
HAL_TIMEx_PWMN_Start                              build/stm32f3xx_hal_tim_ex.o
HAL_TIMEx_PWMN_Start_DMA                          build/stm32f3xx_hal_tim_ex.o
HAL_TIMEx_PWMN_Start_IT                           build/stm32f3xx_hal_tim_ex.o
HAL_TIMEx_PWMN_Stop                               build/stm32f3xx_hal_tim_ex.o
HAL_TIMEx_PWMN_Stop_DMA                           build/stm32f3xx_hal_tim_ex.o
HAL_TIMEx_PWMN_Stop_IT                            build/stm32f3xx_hal_tim_ex.o
HAL_TIMEx_RemapConfig                             build/stm32f3xx_hal_tim_ex.o
HAL_TIM_Base_DeInit                               build/stm32f3xx_hal_tim.o
HAL_TIM_Base_GetState                             build/stm32f3xx_hal_tim.o
HAL_TIM_Base_Init                                 build/stm32f3xx_hal_tim.o
                                                  build/tim.o
HAL_TIM_Base_MspDeInit                            build/tim.o
HAL_TIM_Base_MspInit                              build/tim.o
HAL_TIM_Base_Start                                build/stm32f3xx_hal_tim.o
HAL_TIM_Base_Start_DMA                            build/stm32f3xx_hal_tim.o
HAL_TIM_Base_Start_IT                             build/stm32f3xx_hal_tim.o
                                                  build/main.o
HAL_TIM_Base_Stop                                 build/stm32f3xx_hal_tim.o
HAL_TIM_Base_Stop_DMA                             build/stm32f3xx_hal_tim.o
HAL_TIM_Base_Stop_IT                              build/stm32f3xx_hal_tim.o
HAL_TIM_ConfigClockSource                         build/stm32f3xx_hal_tim.o
                                                  build/tim.o
HAL_TIM_ConfigOCrefClear                          build/stm32f3xx_hal_tim.o
HAL_TIM_ConfigTI1Input                            build/stm32f3xx_hal_tim.o
HAL_TIM_DMABurstState                             build/stm32f3xx_hal_tim.o
HAL_TIM_DMABurst_MultiReadStart                   build/stm32f3xx_hal_tim.o
HAL_TIM_DMABurst_MultiWriteStart                  build/stm32f3xx_hal_tim.o
HAL_TIM_DMABurst_ReadStart                        build/stm32f3xx_hal_tim.o
HAL_TIM_DMABurst_ReadStop                         build/stm32f3xx_hal_tim.o
HAL_TIM_DMABurst_WriteStart                       build/stm32f3xx_hal_tim.o
HAL_TIM_DMABurst_WriteStop                        build/stm32f3xx_hal_tim.o
HAL_TIM_Encoder_DeInit                            build/stm32f3xx_hal_tim.o
HAL_TIM_Encoder_GetState                          build/stm32f3xx_hal_tim.o
HAL_TIM_Encoder_Init                              build/stm32f3xx_hal_tim.o
HAL_TIM_Encoder_MspDeInit                         build/stm32f3xx_hal_tim.o
HAL_TIM_Encoder_MspInit                           build/stm32f3xx_hal_tim.o
HAL_TIM_Encoder_Start                             build/stm32f3xx_hal_tim.o
HAL_TIM_Encoder_Start_DMA                         build/stm32f3xx_hal_tim.o
HAL_TIM_Encoder_Start_IT                          build/stm32f3xx_hal_tim.o
HAL_TIM_Encoder_Stop                              build/stm32f3xx_hal_tim.o
HAL_TIM_Encoder_Stop_DMA                          build/stm32f3xx_hal_tim.o
HAL_TIM_Encoder_Stop_IT                           build/stm32f3xx_hal_tim.o
HAL_TIM_ErrorCallback                             build/stm32f3xx_hal_tim.o
                                                  build/stm32f3xx_hal_tim_ex.o
HAL_TIM_GenerateEvent                             build/stm32f3xx_hal_tim.o
HAL_TIM_GetActiveChannel                          build/stm32f3xx_hal_tim.o
HAL_TIM_GetChannelState                           build/stm32f3xx_hal_tim.o
HAL_TIM_IC_CaptureCallback                        build/stm32f3xx_hal_tim.o
HAL_TIM_IC_CaptureHalfCpltCallback                build/stm32f3xx_hal_tim.o
HAL_TIM_IC_ConfigChannel                          build/stm32f3xx_hal_tim.o
HAL_TIM_IC_DeInit                                 build/stm32f3xx_hal_tim.o
HAL_TIM_IC_GetState                               build/stm32f3xx_hal_tim.o
HAL_TIM_IC_Init                                   build/stm32f3xx_hal_tim.o
HAL_TIM_IC_MspDeInit                              build/stm32f3xx_hal_tim.o
HAL_TIM_IC_MspInit                                build/stm32f3xx_hal_tim.o
HAL_TIM_IC_Start                                  build/stm32f3xx_hal_tim.o
HAL_TIM_IC_Start_DMA                              build/stm32f3xx_hal_tim.o
HAL_TIM_IC_Start_IT                               build/stm32f3xx_hal_tim.o
HAL_TIM_IC_Stop                                   build/stm32f3xx_hal_tim.o
HAL_TIM_IC_Stop_DMA                               build/stm32f3xx_hal_tim.o
HAL_TIM_IC_Stop_IT                                build/stm32f3xx_hal_tim.o
HAL_TIM_IRQHandler                                build/stm32f3xx_hal_tim.o
                                                  build/stm32f3xx_it.o
HAL_TIM_MspPostInit                               build/tim.o
HAL_TIM_OC_ConfigChannel                          build/stm32f3xx_hal_tim.o
HAL_TIM_OC_DeInit                                 build/stm32f3xx_hal_tim.o
HAL_TIM_OC_DelayElapsedCallback                   build/stm32f3xx_hal_tim.o
HAL_TIM_OC_GetState                               build/stm32f3xx_hal_tim.o
HAL_TIM_OC_Init                                   build/stm32f3xx_hal_tim.o
HAL_TIM_OC_MspDeInit                              build/stm32f3xx_hal_tim.o
HAL_TIM_OC_MspInit                                build/stm32f3xx_hal_tim.o
HAL_TIM_OC_Start                                  build/stm32f3xx_hal_tim.o
HAL_TIM_OC_Start_DMA                              build/stm32f3xx_hal_tim.o
HAL_TIM_OC_Start_IT                               build/stm32f3xx_hal_tim.o
HAL_TIM_OC_Stop                                   build/stm32f3xx_hal_tim.o
HAL_TIM_OC_Stop_DMA                               build/stm32f3xx_hal_tim.o
HAL_TIM_OC_Stop_IT                                build/stm32f3xx_hal_tim.o
HAL_TIM_OnePulse_ConfigChannel                    build/stm32f3xx_hal_tim.o
HAL_TIM_OnePulse_DeInit                           build/stm32f3xx_hal_tim.o
HAL_TIM_OnePulse_GetState                         build/stm32f3xx_hal_tim.o
HAL_TIM_OnePulse_Init                             build/stm32f3xx_hal_tim.o
HAL_TIM_OnePulse_MspDeInit                        build/stm32f3xx_hal_tim.o
HAL_TIM_OnePulse_MspInit                          build/stm32f3xx_hal_tim.o
HAL_TIM_OnePulse_Start                            build/stm32f3xx_hal_tim.o
HAL_TIM_OnePulse_Start_IT                         build/stm32f3xx_hal_tim.o
HAL_TIM_OnePulse_Stop                             build/stm32f3xx_hal_tim.o
HAL_TIM_OnePulse_Stop_IT                          build/stm32f3xx_hal_tim.o
HAL_TIM_PWM_ConfigChannel                         build/stm32f3xx_hal_tim.o
                                                  build/tim.o
HAL_TIM_PWM_DeInit                                build/stm32f3xx_hal_tim.o
HAL_TIM_PWM_GetState                              build/stm32f3xx_hal_tim.o
HAL_TIM_PWM_Init                                  build/stm32f3xx_hal_tim.o
                                                  build/tim.o
HAL_TIM_PWM_MspDeInit                             build/stm32f3xx_hal_tim.o
HAL_TIM_PWM_MspInit                               build/stm32f3xx_hal_tim.o
HAL_TIM_PWM_PulseFinishedCallback                 build/stm32f3xx_hal_tim.o
                                                  build/stm32f3xx_hal_tim_ex.o
HAL_TIM_PWM_PulseFinishedHalfCpltCallback         build/stm32f3xx_hal_tim.o
HAL_TIM_PWM_Start                                 build/stm32f3xx_hal_tim.o
                                                  build/main.o
HAL_TIM_PWM_Start_DMA                             build/stm32f3xx_hal_tim.o
HAL_TIM_PWM_Start_IT                              build/stm32f3xx_hal_tim.o
HAL_TIM_PWM_Stop                                  build/stm32f3xx_hal_tim.o
HAL_TIM_PWM_Stop_DMA                              build/stm32f3xx_hal_tim.o
HAL_TIM_PWM_Stop_IT                               build/stm32f3xx_hal_tim.o
HAL_TIM_PeriodElapsedCallback                     build/main.o
HAL_TIM_PeriodElapsedHalfCpltCallback             build/stm32f3xx_hal_tim.o
HAL_TIM_ReadCapturedValue                         build/stm32f3xx_hal_tim.o
HAL_TIM_SlaveConfigSynchro                        build/stm32f3xx_hal_tim.o
HAL_TIM_SlaveConfigSynchro_IT                     build/stm32f3xx_hal_tim.o
HAL_TIM_TriggerCallback                           build/stm32f3xx_hal_tim.o
HAL_TIM_TriggerHalfCpltCallback                   build/stm32f3xx_hal_tim.o
HAL_UARTEx_DisableStopMode                        build/stm32f3xx_hal_uart_ex.o
HAL_UARTEx_EnableStopMode                         build/stm32f3xx_hal_uart_ex.o
HAL_UARTEx_ReceiveToIdle                          build/stm32f3xx_hal_uart_ex.o
HAL_UARTEx_ReceiveToIdle_DMA                      build/stm32f3xx_hal_uart_ex.o
HAL_UARTEx_ReceiveToIdle_IT                       build/stm32f3xx_hal_uart_ex.o
HAL_UARTEx_RxEventCallback                        build/stm32f3xx_hal_uart.o
HAL_UARTEx_StopModeWakeUpSourceConfig             build/stm32f3xx_hal_uart_ex.o
HAL_UARTEx_WakeupCallback                         build/stm32f3xx_hal_uart_ex.o
                                                  build/stm32f3xx_hal_uart.o
HAL_UART_Abort                                    build/stm32f3xx_hal_uart.o
HAL_UART_AbortCpltCallback                        build/stm32f3xx_hal_uart.o
HAL_UART_AbortReceive                             build/stm32f3xx_hal_uart.o
HAL_UART_AbortReceiveCpltCallback                 build/stm32f3xx_hal_uart.o
HAL_UART_AbortReceive_IT                          build/stm32f3xx_hal_uart.o
HAL_UART_AbortTransmit                            build/stm32f3xx_hal_uart.o
HAL_UART_AbortTransmitCpltCallback                build/stm32f3xx_hal_uart.o
HAL_UART_AbortTransmit_IT                         build/stm32f3xx_hal_uart.o
HAL_UART_Abort_IT                                 build/stm32f3xx_hal_uart.o
HAL_UART_DMAPause                                 build/stm32f3xx_hal_uart.o
HAL_UART_DMAResume                                build/stm32f3xx_hal_uart.o
HAL_UART_DMAStop                                  build/stm32f3xx_hal_uart.o
HAL_UART_DeInit                                   build/stm32f3xx_hal_uart.o
HAL_UART_DisableReceiverTimeout                   build/stm32f3xx_hal_uart.o
HAL_UART_EnableReceiverTimeout                    build/stm32f3xx_hal_uart.o
HAL_UART_ErrorCallback                            build/stm32f3xx_hal_uart.o
HAL_UART_GetError                                 build/stm32f3xx_hal_uart.o
HAL_UART_GetState                                 build/stm32f3xx_hal_uart.o
HAL_UART_IRQHandler                               build/stm32f3xx_hal_uart.o
HAL_UART_Init                                     build/stm32f3xx_hal_uart.o
                                                  build/usart.o
HAL_UART_MspDeInit                                build/usart.o
HAL_UART_MspInit                                  build/usart.o
                                                  build/stm32f3xx_hal_uart_ex.o
HAL_UART_Receive                                  build/stm32f3xx_hal_uart.o
HAL_UART_Receive_DMA                              build/stm32f3xx_hal_uart.o
HAL_UART_Receive_IT                               build/stm32f3xx_hal_uart.o
HAL_UART_ReceiverTimeout_Config                   build/stm32f3xx_hal_uart.o
HAL_UART_RxCpltCallback                           build/stm32f3xx_hal_uart.o
HAL_UART_RxHalfCpltCallback                       build/stm32f3xx_hal_uart.o
HAL_UART_Transmit                                 build/stm32f3xx_hal_uart.o
                                                  build/main.o
HAL_UART_Transmit_DMA                             build/stm32f3xx_hal_uart.o
HAL_UART_Transmit_IT                              build/stm32f3xx_hal_uart.o
HAL_UART_TxCpltCallback                           build/stm32f3xx_hal_uart.o
HAL_UART_TxHalfCpltCallback                       build/stm32f3xx_hal_uart.o
HardFault_Handler                                 build/stm32f3xx_it.o
I2C1_ER_IRQHandler                                build/startup_stm32f303x8.o
I2C1_EV_IRQHandler                                build/startup_stm32f303x8.o
IGainCLB                                          build/main.o
LineTrace                                         build/main.o
MX_ADC1_Init                                      build/adc.o
                                                  build/main.o
MX_ADC2_Init                                      build/adc.o
                                                  build/main.o
MX_DMA_Init                                       build/dma.o
                                                  build/main.o
MX_GPIO_Init                                      build/gpio.o
                                                  build/main.o
MX_TIM1_Init                                      build/tim.o
                                                  build/main.o
MX_TIM2_Init                                      build/tim.o
                                                  build/main.o
MX_TIM3_Init                                      build/tim.o
                                                  build/main.o
MX_USART2_UART_Init                               build/usart.o
                                                  build/main.o
MemManage_Handler                                 build/stm32f3xx_it.o