Archive member included to satisfy reference by file (symbol)

c:/tools/gcc-arm-none-eabi-10.3-2021.10/bin/../lib/gcc/arm-none-eabi/10.3.1/../../../../arm-none-eabi/lib/thumb/v7e-m+fp/hard\libc_nano.a(lib_a-exit.o)
                              c:/tools/gcc-arm-none-eabi-10.3-2021.10/bin/../lib/gcc/arm-none-eabi/10.3.1/../../../../arm-none-eabi/lib/thumb/v7e-m+fp/hard/crt0.o (exit)
c:/tools/gcc-arm-none-eabi-10.3-2021.10/bin/../lib/gcc/arm-none-eabi/10.3.1/../../../../arm-none-eabi/lib/thumb/v7e-m+fp/hard\libc_nano.a(lib_a-impure.o)
                              c:/tools/gcc-arm-none-eabi-10.3-2021.10/bin/../lib/gcc/arm-none-eabi/10.3.1/../../../../arm-none-eabi/lib/thumb/v7e-m+fp/hard\libc_nano.a(lib_a-exit.o) (_global_impure_ptr)
c:/tools/gcc-arm-none-eabi-10.3-2021.10/bin/../lib/gcc/arm-none-eabi/10.3.1/../../../../arm-none-eabi/lib/thumb/v7e-m+fp/hard\libc_nano.a(lib_a-init.o)
                              c:/tools/gcc-arm-none-eabi-10.3-2021.10/bin/../lib/gcc/arm-none-eabi/10.3.1/../../../../arm-none-eabi/lib/thumb/v7e-m+fp/hard/crt0.o (__libc_init_array)
c:/tools/gcc-arm-none-eabi-10.3-2021.10/bin/../lib/gcc/arm-none-eabi/10.3.1/../../../../arm-none-eabi/lib/thumb/v7e-m+fp/hard\libc_nano.a(lib_a-memset.o)
                              c:/tools/gcc-arm-none-eabi-10.3-2021.10/bin/../lib/gcc/arm-none-eabi/10.3.1/../../../../arm-none-eabi/lib/thumb/v7e-m+fp/hard/crt0.o (memset)
c:/tools/gcc-arm-none-eabi-10.3-2021.10/bin/../lib/gcc/arm-none-eabi/10.3.1/../../../../arm-none-eabi/lib/thumb/v7e-m+fp/hard\libc_nano.a(lib_a-printf.o)
                              build/main.o (printf)
c:/tools/gcc-arm-none-eabi-10.3-2021.10/bin/../lib/gcc/arm-none-eabi/10.3.1/../../../../arm-none-eabi/lib/thumb/v7e-m+fp/hard\libc_nano.a(lib_a-findfp.o)
                              c:/tools/gcc-arm-none-eabi-10.3-2021.10/bin/../lib/gcc/arm-none-eabi/10.3.1/../../../../arm-none-eabi/lib/thumb/v7e-m+fp/hard\libc_nano.a(lib_a-printf.o) (__sinit)
c:/tools/gcc-arm-none-eabi-10.3-2021.10/bin/../lib/gcc/arm-none-eabi/10.3.1/../../../../arm-none-eabi/lib/thumb/v7e-m+fp/hard\libc_nano.a(lib_a-fwalk.o)
                              c:/tools/gcc-arm-none-eabi-10.3-2021.10/bin/../lib/gcc/arm-none-eabi/10.3.1/../../../../arm-none-eabi/lib/thumb/v7e-m+fp/hard\libc_nano.a(lib_a-findfp.o) (_fwalk)
c:/tools/gcc-arm-none-eabi-10.3-2021.10/bin/../lib/gcc/arm-none-eabi/10.3.1/../../../../arm-none-eabi/lib/thumb/v7e-m+fp/hard\libc_nano.a(lib_a-lock.o)
                              c:/tools/gcc-arm-none-eabi-10.3-2021.10/bin/../lib/gcc/arm-none-eabi/10.3.1/../../../../arm-none-eabi/lib/thumb/v7e-m+fp/hard\libc_nano.a(lib_a-findfp.o) (__retarget_lock_init_recursive)
c:/tools/gcc-arm-none-eabi-10.3-2021.10/bin/../lib/gcc/arm-none-eabi/10.3.1/../../../../arm-none-eabi/lib/thumb/v7e-m+fp/hard\libc_nano.a(lib_a-nano-mallocr.o)
                              c:/tools/gcc-arm-none-eabi-10.3-2021.10/bin/../lib/gcc/arm-none-eabi/10.3.1/../../../../arm-none-eabi/lib/thumb/v7e-m+fp/hard\libc_nano.a(lib_a-findfp.o) (_malloc_r)
c:/tools/gcc-arm-none-eabi-10.3-2021.10/bin/../lib/gcc/arm-none-eabi/10.3.1/../../../../arm-none-eabi/lib/thumb/v7e-m+fp/hard\libc_nano.a(lib_a-nano-vfprintf.o)
                              c:/tools/gcc-arm-none-eabi-10.3-2021.10/bin/../lib/gcc/arm-none-eabi/10.3.1/../../../../arm-none-eabi/lib/thumb/v7e-m+fp/hard\libc_nano.a(lib_a-printf.o) (_vfprintf_r)
c:/tools/gcc-arm-none-eabi-10.3-2021.10/bin/../lib/gcc/arm-none-eabi/10.3.1/../../../../arm-none-eabi/lib/thumb/v7e-m+fp/hard\libc_nano.a(lib_a-nano-vfprintf_i.o)
                              c:/tools/gcc-arm-none-eabi-10.3-2021.10/bin/../lib/gcc/arm-none-eabi/10.3.1/../../../../arm-none-eabi/lib/thumb/v7e-m+fp/hard\libc_nano.a(lib_a-nano-vfprintf.o) (_printf_i)
c:/tools/gcc-arm-none-eabi-10.3-2021.10/bin/../lib/gcc/arm-none-eabi/10.3.1/../../../../arm-none-eabi/lib/thumb/v7e-m+fp/hard\libc_nano.a(lib_a-sbrkr.o)
                              c:/tools/gcc-arm-none-eabi-10.3-2021.10/bin/../lib/gcc/arm-none-eabi/10.3.1/../../../../arm-none-eabi/lib/thumb/v7e-m+fp/hard\libc_nano.a(lib_a-nano-mallocr.o) (_sbrk_r)
c:/tools/gcc-arm-none-eabi-10.3-2021.10/bin/../lib/gcc/arm-none-eabi/10.3.1/../../../../arm-none-eabi/lib/thumb/v7e-m+fp/hard\libc_nano.a(lib_a-stdio.o)
                              c:/tools/gcc-arm-none-eabi-10.3-2021.10/bin/../lib/gcc/arm-none-eabi/10.3.1/../../../../arm-none-eabi/lib/thumb/v7e-m+fp/hard\libc_nano.a(lib_a-findfp.o) (__sread)
c:/tools/gcc-arm-none-eabi-10.3-2021.10/bin/../lib/gcc/arm-none-eabi/10.3.1/../../../../arm-none-eabi/lib/thumb/v7e-m+fp/hard\libc_nano.a(lib_a-wbuf.o)
                              c:/tools/gcc-arm-none-eabi-10.3-2021.10/bin/../lib/gcc/arm-none-eabi/10.3.1/../../../../arm-none-eabi/lib/thumb/v7e-m+fp/hard\libc_nano.a(lib_a-nano-vfprintf.o) (__swbuf_r)
c:/tools/gcc-arm-none-eabi-10.3-2021.10/bin/../lib/gcc/arm-none-eabi/10.3.1/../../../../arm-none-eabi/lib/thumb/v7e-m+fp/hard\libc_nano.a(lib_a-writer.o)
[...]
Memory Configuration

Name             Origin             Length             Attributes
RAM              0x20000000         0x00003000         xrw
CCMRAM           0x10000000         0x00001000         xrw
FLASH            0x08000000         0x00010000         xr
*default*        0x00000000         0xffffffff

Linker script and memory map

LOAD c:/tools/gcc-arm-none-eabi-10.3-2021.10/bin/../lib/gcc/arm-none-eabi/10.3.1/thumb/v7e-m+fp/hard/crti.o
LOAD c:/tools/gcc-arm-none-eabi-10.3-2021.10/bin/../lib/gcc/arm-none-eabi/10.3.1/thumb/v7e-m+fp/hard/crtbegin.o
LOAD c:/tools/gcc-arm-none-eabi-10.3-2021.10/bin/../lib/gcc/arm-none-eabi/10.3.1/../../../../arm-none-eabi/lib/thumb/v7e-m+fp/hard/crt0.o
LOAD build/main.o
LOAD build/gpio.o
LOAD build/adc.o
LOAD build/tim.o
LOAD build/usart.o
LOAD build/stm32f3xx_it.o
LOAD build/stm32f3xx_hal_msp.o
LOAD build/stm32f3xx_hal_adc.o
LOAD build/stm32f3xx_hal_adc_ex.o
LOAD build/stm32f3xx_hal.o
LOAD build/stm32f3xx_hal_rcc.o
LOAD build/stm32f3xx_hal_rcc_ex.o
LOAD build/stm32f3xx_hal_gpio.o
LOAD build/stm32f3xx_hal_dma.o
LOAD build/stm32f3xx_hal_cortex.o
LOAD build/stm32f3xx_hal_pwr.o
LOAD build/stm32f3xx_hal_pwr_ex.o
LOAD build/stm32f3xx_hal_flash.o
LOAD build/stm32f3xx_hal_flash_ex.o
LOAD build/stm32f3xx_hal_i2c.o
LOAD build/stm32f3xx_hal_i2c_ex.o
LOAD build/stm32f3xx_hal_exti.o
LOAD build/stm32f3xx_hal_tim.o
LOAD build/stm32f3xx_hal_tim_ex.o
LOAD build/stm32f3xx_hal_uart.o
LOAD build/stm32f3xx_hal_uart_ex.o
LOAD build/system_stm32f3xx.o
LOAD build/dma.o
LOAD build/startup_stm32f303x8.o
LOAD c:/tools/gcc-arm-none-eabi-10.3-2021.10/bin/../lib/gcc/arm-none-eabi/10.3.1/../../../../arm-none-eabi/lib/thumb/v7e-m+fp/hard\libc_nano.a
LOAD c:/tools/gcc-arm-none-eabi-10.3-2021.10/bin/../lib/gcc/arm-none-eabi/10.3.1/../../../../arm-none-eabi/lib/thumb/v7e-m+fp/hard\libm.a
LOAD c:/tools/gcc-arm-none-eabi-10.3-2021.10/bin/../lib/gcc/arm-none-eabi/10.3.1/../../../../arm-none-eabi/lib/thumb/v7e-m+fp/hard\libnosys.a
START GROUP
LOAD c:/tools/gcc-arm-none-eabi-10.3-2021.10/bin/../lib/gcc/arm-none-eabi/10.3.1/thumb/v7e-m+fp/hard\libgcc.a
LOAD c:/tools/gcc-arm-none-eabi-10.3-2021.10/bin/../lib/gcc/arm-none-eabi/10.3.1/../../../../arm-none-eabi/lib/thumb/v7e-m+fp/hard\libc_nano.a
END GROUP
START GROUP
LOAD c:/tools/gcc-arm-none-eabi-10.3-2021.10/bin/../lib/gcc/arm-none-eabi/10.3.1/thumb/v7e-m+fp/hard\libgcc.a
LOAD c:/tools/gcc-arm-none-eabi-10.3-2021.10/bin/../lib/gcc/arm-none-eabi/10.3.1/../../../../arm-none-eabi/lib/thumb/v7e-m+fp/hard\libc_nano.a
END GROUP
LOAD c:/tools/gcc-arm-none-eabi-10.3-2021.10/bin/../lib/gcc/arm-none-eabi/10.3.1/thumb/v7e-m+fp/hard/crtend.o
LOAD c:/tools/gcc-arm-none-eabi-10.3-2021.10/bin/../lib/gcc/arm-none-eabi/10.3.1/thumb/v7e-m+fp/hard/crtn.o
                0x20003000                _estack = (ORIGIN (RAM) + LENGTH (RAM))
                0x00000200                _Min_Heap_Size = 0x200
                0x00000400                _Min_Stack_Size = 0x400

.isr_vector     0x08000000      0x188
                0x08000000                . = ALIGN (0x4)
 *(.isr_vector)
 .isr_vector    0x08000000      0x188 build/startup_stm32f303x8.o
                0x08000000                g_pfnVectors
                0x08000188                . = ALIGN (0x4)

.text           0x08000190     0x4f0c
                0x08000190                . = ALIGN (0x4)
 *(.text)
 .text          0x08000190       0x40 c:/tools/gcc-arm-none-eabi-10.3-2021.10/bin/../lib/gcc/arm-none-eabi/10.3.1/thumb/v7e-m+fp/hard/crtbegin.o
 .text          0x080001d0       0xa0 c:/tools/gcc-arm-none-eabi-10.3-2021.10/bin/../lib/gcc/arm-none-eabi/10.3.1/../../../../arm-none-eabi/lib/thumb/v7e-m+fp/hard\libc_nano.a(lib_a-memchr.o)
                0x080001d0                memchr
 .text          0x08000270      0x378 c:/tools/gcc-arm-none-eabi-10.3-2021.10/bin/../lib/gcc/arm-none-eabi/10.3.1/thumb/v7e-m+fp/hard\libgcc.a(_arm_addsubdf3.o)
                0x08000270                __aeabi_drsub
                0x08000278                __aeabi_dsub
                0x08000278                __subdf3
                0x0800027c                __aeabi_dadd
                0x0800027c                __adddf3
                0x080004f4                __floatunsidf
                0x080004f4                __aeabi_ui2d
                0x08000514                __floatsidf
                0x08000514                __aeabi_i2d
                0x08000538                __aeabi_f2d
                0x08000538                __extendsfdf2
                0x0800057c                __floatundidf
                0x0800057c                __aeabi_ul2d
                0x0800058c                __floatdidf
                0x0800058c                __aeabi_l2d
 .text          0x080005e8      0x424 c:/tools/gcc-arm-none-eabi-10.3-2021.10/bin/../lib/gcc/arm-none-eabi/10.3.1/thumb/v7e-m+fp/hard\libgcc.a(_arm_muldivdf3.o)
                0x080005e8                __aeabi_dmul
                0x080005e8                __muldf3
                0x0800083c                __divdf3
                0x0800083c                __aeabi_ddiv
 .text          0x08000a0c      0x110 c:/tools/gcc-arm-none-eabi-10.3-2021.10/bin/../lib/gcc/arm-none-eabi/10.3.1/thumb/v7e-m+fp/hard\libgcc.a(_arm_cmpdf2.o)
                0x08000a0c                __gtdf2
                0x08000a0c                __gedf2
                0x08000a14                __ltdf2
                0x08000a14                __ledf2
                0x08000a1c                __nedf2
                0x08000a1c                __eqdf2
                0x08000a1c                __cmpdf2
                0x08000a98                __aeabi_cdrcmple
                0x08000aa8                __aeabi_cdcmpeq
                0x08000aa8                __aeabi_cdcmple
                0x08000ab8                __aeabi_dcmpeq
                0x08000acc                __aeabi_dcmplt
                0x08000ae0                __aeabi_dcmple
                0x08000af4                __aeabi_dcmpge
                0x08000b08                __aeabi_dcmpgt
 .text          0x08000b1c       0x50 c:/tools/gcc-arm-none-eabi-10.3-2021.10/bin/../lib/gcc/arm-none-eabi/10.3.1/thumb/v7e-m+fp/hard\libgcc.a(_arm_fixdfsi.o)
                0x08000b1c                __aeabi_d2iz
                0x08000b1c                __fixdfsi
 *(.text*)
 .text.SensUp   0x08000b6c       0x78 build/main.o
                0x08000b6c                SensUp
 .text.Side_SensUp
                0x08000be4       0xa0 build/main.o
                0x08000be4                Side_SensUp
 .text.sensGet  0x08000c84       0x68 build/main.o
                0x08000c84                sensGet
 *fill*         0x08000cec        0x4 
 .text.LineTrace
                0x08000cf0      0x1f0 build/main.o
                0x08000cf0                LineTrace
 .text.HAL_TIM_PeriodElapsedCallback
                0x08000ee0       0x30 build/main.o
                0x08000ee0                HAL_TIM_PeriodElapsedCallback
 .text._write   0x08000f10       0x18 build/main.o
                0x08000f10                _write
 .text.Error_Handler
                0x08000f28        0x4 build/main.o
                0x08000f28                Error_Handler
 .text.SystemClock_Config
                0x08000f2c       0x82 build/main.o
                0x08000f2c                SystemClock_Config
 *fill*         0x08000fae        0x2 
 .text.main     0x08000fb0      0x18c build/main.o
                0x08000fb0                main
 .text.MX_GPIO_Init
                0x0800113c       0xa8 build/gpio.o
                0x0800113c                MX_GPIO_Init
 .text.MX_ADC1_Init
                0x080011e4       0xac build/adc.o
                0x080011e4                MX_ADC1_Init
 .text.MX_ADC2_Init
                0x08001290       0x90 build/adc.o
                0x08001290                MX_ADC2_Init
 .text.HAL_ADC_MspInit
                0x08001320      0x13c build/adc.o
                0x08001320                HAL_ADC_MspInit
 .text.MX_TIM2_Init
                0x0800145c       0x6c build/tim.o
                0x0800145c                MX_TIM2_Init
 .text.MX_TIM3_Init
                0x080014c8       0x70 build/tim.o
                0x080014c8                MX_TIM3_Init
 .text.HAL_TIM_Base_MspInit
                0x08001538       0x90 build/tim.o
                0x08001538                HAL_TIM_Base_MspInit
 .text.HAL_TIM_MspPostInit
                0x080015c8       0x54 build/tim.o
                0x080015c8                HAL_TIM_MspPostInit
 .text.MX_TIM1_Init
                0x0800161c      0x10c build/tim.o
                0x0800161c                MX_TIM1_Init
 .text.MX_USART2_UART_Init
                0x08001728       0x38 build/usart.o
                0x08001728                MX_USART2_UART_Init
 .text.HAL_UART_MspInit
                0x08001760       0x68 build/usart.o
                0x08001760                HAL_UART_MspInit
 .text.NMI_Handler
                0x080017c8        0x2 build/stm32f3xx_it.o
                0x080017c8                NMI_Handler
 .text.HardFault_Handler
                0x080017ca        0x2 build/stm32f3xx_it.o
                0x080017ca                HardFault_Handler
 .text.MemManage_Handler
                0x080017cc        0x2 build/stm32f3xx_it.o
                0x080017cc                MemManage_Handler
 .text.BusFault_Handler
                0x080017ce        0x2 build/stm32f3xx_it.o
                0x080017ce                BusFault_Handler
 .text.UsageFault_Handler
                0x080017d0        0x2 build/stm32f3xx_it.o
                0x080017d0                UsageFault_Handler
 .text.SVC_Handler
                0x080017d2        0x2 build/stm32f3xx_it.o
                0x080017d2                SVC_Handler
 .text.DebugMon_Handler
                0x080017d4        0x2 build/stm32f3xx_it.o
                0x080017d4                DebugMon_Handler
 .text.PendSV_Handler
                0x080017d6        0x2 build/stm32f3xx_it.o
                0x080017d6                PendSV_Handler
 .text.SysTick_Handler
                0x080017d8        0x8 build/stm32f3xx_it.o
                0x080017d8                SysTick_Handler
 .text.TIM2_IRQHandler
                0x080017e0       0x10 build/stm32f3xx_it.o
                0x080017e0                TIM2_IRQHandler
 .text.TIM3_IRQHandler
                0x080017f0       0x10 build/stm32f3xx_it.o
                0x080017f0                TIM3_IRQHandler
 .text.HAL_MspInit
                0x08001800       0x30 build/stm32f3xx_hal_msp.o
                0x08001800                HAL_MspInit
 .text.HAL_ADC_ConvCpltCallback
                0x08001830        0x2 build/stm32f3xx_hal_adc.o
                0x08001830                HAL_ADC_ConvCpltCallback
 .text.HAL_ADC_ConvHalfCpltCallback
                0x08001832        0x2 build/stm32f3xx_hal_adc.o
                0x08001832                HAL_ADC_ConvHalfCpltCallback
 .text.HAL_ADC_ErrorCallback
                0x08001834        0x2 build/stm32f3xx_hal_adc.o
                0x08001834                HAL_ADC_ErrorCallback
 .text.ADC_Disable
                0x08001836       0x88 build/stm32f3xx_hal_adc_ex.o
 *fill*         0x080018be        0x2 
 .text.ADC_Enable
                0x080018c0       0x80 build/stm32f3xx_hal_adc_ex.o
 .text.ADC_DMAError
                0x08001940       0x1a build/stm32f3xx_hal_adc_ex.o
 .text.ADC_DMAHalfConvCplt
                0x0800195a        0xa build/stm32f3xx_hal_adc_ex.o
 .text.ADC_DMAConvCplt
                0x08001964       0x4a build/stm32f3xx_hal_adc_ex.o
 *fill*         0x080019ae        0x2 
 .text.HAL_ADC_Init
                0x080019b0      0x214 build/stm32f3xx_hal_adc_ex.o
                0x080019b0                HAL_ADC_Init
 .text.HAL_ADC_Start_DMA
                0x08001bc4      0x134 build/stm32f3xx_hal_adc_ex.o
                0x08001bc4                HAL_ADC_Start_DMA
 .text.HAL_ADC_ConfigChannel
                0x08001cf8      0x384 build/stm32f3xx_hal_adc_ex.o
                0x08001cf8                HAL_ADC_ConfigChannel
 .text.HAL_ADCEx_MultiModeConfigChannel
                0x0800207c      0x118 build/stm32f3xx_hal_adc_ex.o
                0x0800207c                HAL_ADCEx_MultiModeConfigChannel
 .text.HAL_InitTick
                0x08002194       0x4c build/stm32f3xx_hal.o
                0x08002194                HAL_InitTick
 .text.HAL_Init
                0x080021e0       0x24 build/stm32f3xx_hal.o
                0x080021e0                HAL_Init
 .text.HAL_IncTick
                0x08002204       0x18 build/stm32f3xx_hal.o
                0x08002204                HAL_IncTick
 .text.HAL_GetTick
                0x0800221c        0xc build/stm32f3xx_hal.o
                0x0800221c                HAL_GetTick
 .text.HAL_RCC_OscConfig
                0x08002228      0x634 build/stm32f3xx_hal_rcc.o
                0x08002228                HAL_RCC_OscConfig
 .text.HAL_RCC_GetSysClockFreq
                0x0800285c       0x70 build/stm32f3xx_hal_rcc.o
                0x0800285c                HAL_RCC_GetSysClockFreq
 .text.HAL_RCC_ClockConfig
                0x080028cc      0x1a8 build/stm32f3xx_hal_rcc.o
                0x080028cc                HAL_RCC_ClockConfig
 .text.HAL_RCC_GetHCLKFreq
                0x08002a74        0xc build/stm32f3xx_hal_rcc.o
                0x08002a74                HAL_RCC_GetHCLKFreq
 .text.HAL_RCC_GetPCLK1Freq
                0x08002a80       0x2c build/stm32f3xx_hal_rcc.o
                0x08002a80                HAL_RCC_GetPCLK1Freq
 .text.HAL_RCC_GetPCLK2Freq
                0x08002aac       0x2c build/stm32f3xx_hal_rcc.o
                0x08002aac                HAL_RCC_GetPCLK2Freq
 .text.HAL_RCCEx_PeriphCLKConfig
                0x08002ad8      0x18c build/stm32f3xx_hal_rcc_ex.o
                0x08002ad8                HAL_RCCEx_PeriphCLKConfig
 .text.HAL_GPIO_Init
                0x08002c64      0x1bc build/stm32f3xx_hal_gpio.o
                0x08002c64                HAL_GPIO_Init
 .text.HAL_GPIO_ReadPin
                0x08002e20        0xe build/stm32f3xx_hal_gpio.o
                0x08002e20                HAL_GPIO_ReadPin
 .text.HAL_GPIO_WritePin
                0x08002e2e        0xa build/stm32f3xx_hal_gpio.o
                0x08002e2e                HAL_GPIO_WritePin
 .text.HAL_GPIO_TogglePin
                0x08002e38       0x12 build/stm32f3xx_hal_gpio.o
                0x08002e38                HAL_GPIO_TogglePin
 .text.DMA_SetConfig
                0x08002e4a       0x2c build/stm32f3xx_hal_dma.o
 *fill*         0x08002e76        0x2 
 .text.DMA_CalcBaseAndBitshift
                0x08002e78       0x24 build/stm32f3xx_hal_dma.o
 .text.HAL_DMA_Init
                0x08002e9c       0x50 build/stm32f3xx_hal_dma.o
                0x08002e9c                HAL_DMA_Init
 .text.HAL_DMA_Start_IT
                0x08002eec       0x74 build/stm32f3xx_hal_dma.o
                0x08002eec                HAL_DMA_Start_IT
 .text.HAL_NVIC_SetPriorityGrouping
                0x08002f60       0x24 build/stm32f3xx_hal_cortex.o
                0x08002f60                HAL_NVIC_SetPriorityGrouping
 .text.HAL_NVIC_SetPriority
                0x08002f84       0x70 build/stm32f3xx_hal_cortex.o
                0x08002f84                HAL_NVIC_SetPriority
 .text.HAL_NVIC_EnableIRQ
                0x08002ff4       0x1c build/stm32f3xx_hal_cortex.o
                0x08002ff4                HAL_NVIC_EnableIRQ
 .text.HAL_SYSTICK_Config
                0x08003010       0x28 build/stm32f3xx_hal_cortex.o
                0x08003010                HAL_SYSTICK_Config
 .text.TIM_OC1_SetConfig
                0x08003038       0x90 build/stm32f3xx_hal_tim.o
 .text.TIM_OC3_SetConfig
                0x080030c8       0x7c build/stm32f3xx_hal_tim.o
 .text.TIM_OC4_SetConfig
                0x08003144       0x64 build/stm32f3xx_hal_tim.o
 .text.TIM_OC5_SetConfig
                0x080031a8       0x60 build/stm32f3xx_hal_tim.o
 .text.TIM_OC6_SetConfig
                0x08003208       0x64 build/stm32f3xx_hal_tim.o
 .text.TIM_TI1_ConfigInputStage
                0x0800326c       0x26 build/stm32f3xx_hal_tim.o
 .text.TIM_TI2_ConfigInputStage
                0x08003292       0x28 build/stm32f3xx_hal_tim.o
 .text.TIM_ITRx_SetConfig
                0x080032ba       0x10 build/stm32f3xx_hal_tim.o
 *fill*         0x080032ca        0x2 
 .text.HAL_TIM_Base_Start_IT
                0x080032cc       0x74 build/stm32f3xx_hal_tim.o
                0x080032cc                HAL_TIM_Base_Start_IT
 .text.HAL_TIM_PWM_MspInit
                0x08003340        0x2 build/stm32f3xx_hal_tim.o
                0x08003340                HAL_TIM_PWM_MspInit
 .text.HAL_TIM_OC_DelayElapsedCallback
                0x08003342        0x2 build/stm32f3xx_hal_tim.o
                0x08003342                HAL_TIM_OC_DelayElapsedCallback
 .text.HAL_TIM_IC_CaptureCallback
                0x08003344        0x2 build/stm32f3xx_hal_tim.o
                0x08003344                HAL_TIM_IC_CaptureCallback
 .text.HAL_TIM_PWM_PulseFinishedCallback
                0x08003346        0x2 build/stm32f3xx_hal_tim.o
                0x08003346                HAL_TIM_PWM_PulseFinishedCallback
 .text.HAL_TIM_TriggerCallback
                0x08003348        0x2 build/stm32f3xx_hal_tim.o
                0x08003348                HAL_TIM_TriggerCallback
 .text.HAL_TIM_IRQHandler
                0x0800334a      0x19a build/stm32f3xx_hal_tim.o
                0x0800334a                HAL_TIM_IRQHandler
 .text.TIM_Base_SetConfig
                0x080034e4       0x90 build/stm32f3xx_hal_tim.o
                0x080034e4                TIM_Base_SetConfig
 .text.HAL_TIM_Base_Init
                0x08003574       0x60 build/stm32f3xx_hal_tim.o
                0x08003574                HAL_TIM_Base_Init
 .text.HAL_TIM_PWM_Init
                0x080035d4       0x60 build/stm32f3xx_hal_tim.o
                0x080035d4                HAL_TIM_PWM_Init
 .text.TIM_OC2_SetConfig
                0x08003634       0x80 build/stm32f3xx_hal_tim.o
                0x08003634                TIM_OC2_SetConfig
 .text.HAL_TIM_PWM_ConfigChannel
                0x080036b4      0x13a build/stm32f3xx_hal_tim.o
                0x080036b4                HAL_TIM_PWM_ConfigChannel
 .text.TIM_ETR_SetConfig
                0x080037ee       0x1a build/stm32f3xx_hal_tim.o
                0x080037ee                TIM_ETR_SetConfig
 .text.HAL_TIM_ConfigClockSource
                0x08003808      0x100 build/stm32f3xx_hal_tim.o
                0x08003808                HAL_TIM_ConfigClockSource
 .text.TIM_CCxChannelCmd
                0x08003908       0x1e build/stm32f3xx_hal_tim.o
                0x08003908                TIM_CCxChannelCmd
 *fill*         0x08003926        0x2 
 .text.HAL_TIM_PWM_Start
                0x08003928      0x140 build/stm32f3xx_hal_tim.o
                0x08003928                HAL_TIM_PWM_Start
 .text.HAL_TIMEx_MasterConfigSynchronization
                0x08003a68       0x78 build/stm32f3xx_hal_tim_ex.o
                0x08003a68                HAL_TIMEx_MasterConfigSynchronization
 .text.HAL_TIMEx_ConfigBreakDeadTime
                0x08003ae0       0x88 build/stm32f3xx_hal_tim_ex.o
                0x08003ae0                HAL_TIMEx_ConfigBreakDeadTime
 .text.HAL_TIMEx_CommutCallback
                0x08003b68        0x2 build/stm32f3xx_hal_tim_ex.o
                0x08003b68                HAL_TIMEx_CommutCallback
 .text.HAL_TIMEx_BreakCallback
                0x08003b6a        0x2 build/stm32f3xx_hal_tim_ex.o
                0x08003b6a                HAL_TIMEx_BreakCallback
 .text.HAL_TIMEx_Break2Callback
                0x08003b6c        0x2 build/stm32f3xx_hal_tim_ex.o
                0x08003b6c                HAL_TIMEx_Break2Callback
 *fill*         0x08003b6e        0x2 
 .text.UART_SetConfig
                0x08003b70      0x164 build/stm32f3xx_hal_uart.o
                0x08003b70                UART_SetConfig
 .text.UART_AdvFeatureConfig
                0x08003cd4       0xca build/stm32f3xx_hal_uart.o
                0x08003cd4                UART_AdvFeatureConfig
 .text.UART_WaitOnFlagUntilTimeout
                0x08003d9e       0xd4 build/stm32f3xx_hal_uart.o
                0x08003d9e                UART_WaitOnFlagUntilTimeout
 .text.HAL_UART_Transmit
                0x08003e72       0xd8 build/stm32f3xx_hal_uart.o
                0x08003e72                HAL_UART_Transmit
 .text.UART_CheckIdleState
                0x08003f4a       0x70 build/stm32f3xx_hal_uart.o
                0x08003f4a                UART_CheckIdleState
 .text.HAL_UART_Init
                0x08003fba       0x62 build/stm32f3xx_hal_uart.o
                0x08003fba                HAL_UART_Init
 .text.SystemInit
                0x0800401c       0x14 build/system_stm32f3xx.o
                0x0800401c                SystemInit
 .text.MX_DMA_Init
                0x08004030       0x20 build/dma.o
                0x08004030                MX_DMA_Init
 .text.Reset_Handler
                0x08004050       0x50 build/startup_stm32f303x8.o
                0x08004050                Reset_Handler
 .text.Default_Handler
                0x080040a0        0x2 build/startup_stm32f303x8.o
                0x080040a0                RTC_Alarm_IRQHandler
                0x080040a0                TIM1_CC_IRQHandler
                0x080040a0                PVD_IRQHandler
                0x080040a0                TAMP_STAMP_IRQHandler
                0x080040a0                EXTI3_IRQHandler
                0x080040a0                EXTI0_IRQHandler
                0x080040a0                FPU_IRQHandler
                0x080040a0                CAN_TX_IRQHandler
                0x080040a0                TIM1_UP_TIM16_IRQHandler
                0x080040a0                ADC1_2_IRQHandler
                0x080040a0                SPI1_IRQHandler
                0x080040a0                CAN_SCE_IRQHandler
                0x080040a0                DMA1_Channel4_IRQHandler
                0x080040a0                USART3_IRQHandler
                0x080040a0                DMA1_Channel7_IRQHandler
                0x080040a0                TIM7_DAC2_IRQHandler
                0x080040a0                CAN_RX1_IRQHandler
                0x080040a0                I2C1_EV_IRQHandler
                0x080040a0                DMA1_Channel6_IRQHandler
                0x080040a0                RCC_IRQHandler
                0x080040a0                DMA1_Channel1_IRQHandler
                0x080040a0                Default_Handler
                0x080040a0                EXTI15_10_IRQHandler
                0x080040a0                COMP2_IRQHandler
                0x080040a0                TIM6_DAC1_IRQHandler
                0x080040a0                EXTI9_5_IRQHandler
                0x080040a0                RTC_WKUP_IRQHandler
                0x080040a0                DMA1_Channel5_IRQHandler
                0x080040a0                EXTI4_IRQHandler
                0x080040a0                TIM1_TRG_COM_TIM17_IRQHandler
                0x080040a0                DMA1_Channel3_IRQHandler
                0x080040a0                WWDG_IRQHandler
                0x080040a0                EXTI1_IRQHandler
                0x080040a0                COMP4_6_IRQHandler
                0x080040a0                USART2_IRQHandler
                0x080040a0                DMA1_Channel2_IRQHandler
                0x080040a0                FLASH_IRQHandler
                0x080040a0                USART1_IRQHandler
                0x080040a0                CAN_RX0_IRQHandler
                0x080040a0                I2C1_ER_IRQHandler
                0x080040a0                EXTI2_TSC_IRQHandler
                0x080040a0                TIM1_BRK_TIM15_IRQHandler
 *fill*         0x080040a2        0x2 
 .text.__libc_init_array
                0x080040a4       0x48 c:/tools/gcc-arm-none-eabi-10.3-2021.10/bin/../lib/gcc/arm-none-eabi/10.3.1/../../../../arm-none-eabi/lib/thumb/v7e-m+fp/hard\libc_nano.a(lib_a-init.o)
                0x080040a4                __libc_init_array
 .text.memset   0x080040ec       0x10 c:/tools/gcc-arm-none-eabi-10.3-2021.10/bin/../lib/gcc/arm-none-eabi/10.3.1/../../../../arm-none-eabi/lib/thumb/v7e-m+fp/hard\libc_nano.a(lib_a-memset.o)
                0x080040ec                memset
 .text.printf   0x080040fc       0x30 c:/tools/gcc-arm-none-eabi-10.3-2021.10/bin/../lib/gcc/arm-none-eabi/10.3.1/../../../../arm-none-eabi/lib/thumb/v7e-m+fp/hard\libc_nano.a(lib_a-printf.o)
                0x080040fc                iprintf
                0x080040fc                printf
 .text.std      0x0800412c       0x48 c:/tools/gcc-arm-none-eabi-10.3-2021.10/bin/../lib/gcc/arm-none-eabi/10.3.1/../../../../arm-none-eabi/lib/thumb/v7e-m+fp/hard\libc_nano.a(lib_a-findfp.o)
 .text._cleanup_r
                0x08004174        0xc c:/tools/gcc-arm-none-eabi-10.3-2021.10/bin/../lib/gcc/arm-none-eabi/10.3.1/../../../../arm-none-eabi/lib/thumb/v7e-m+fp/hard\libc_nano.a(lib_a-findfp.o)
                0x08004174                _cleanup_r
 .text.__sfmoreglue
                0x08004180       0x2c c:/tools/gcc-arm-none-eabi-10.3-2021.10/bin/../lib/gcc/arm-none-eabi/10.3.1/../../../../arm-none-eabi/lib/thumb/v7e-m+fp/hard\libc_nano.a(lib_a-findfp.o)
                0x08004180                __sfmoreglue
 .text.__sfp_lock_acquire
                0x080041ac        0xc c:/tools/gcc-arm-none-eabi-10.3-2021.10/bin/../lib/gcc/arm-none-eabi/10.3.1/../../../../arm-none-eabi/lib/thumb/v7e-m+fp/hard\libc_nano.a(lib_a-findfp.o)
                0x080041ac                __sfp_lock_acquire
 .text.__sfp_lock_release
                0x080041b8        0xc c:/tools/gcc-arm-none-eabi-10.3-2021.10/bin/../lib/gcc/arm-none-eabi/10.3.1/../../../../arm-none-eabi/lib/thumb/v7e-m+fp/hard\libc_nano.a(lib_a-findfp.o)
                0x080041b8                __sfp_lock_release
 .text.__sinit_lock_acquire
                0x080041c4        0xc c:/tools/gcc-arm-none-eabi-10.3-2021.10/bin/../lib/gcc/arm-none-eabi/10.3.1/../../../../arm-none-eabi/lib/thumb/v7e-m+fp/hard\libc_nano.a(lib_a-findfp.o)
                0x080041c4                __sinit_lock_acquire
 .text.__sinit_lock_release
                0x080041d0        0xc c:/tools/gcc-arm-none-eabi-10.3-2021.10/bin/../lib/gcc/arm-none-eabi/10.3.1/../../../../arm-none-eabi/lib/thumb/v7e-m+fp/hard\libc_nano.a(lib_a-findfp.o)
                0x080041d0                __sinit_lock_release
 .text.__sinit  0x080041dc       0x70 c:/tools/gcc-arm-none-eabi-10.3-2021.10/bin/../lib/gcc/arm-none-eabi/10.3.1/../../../../arm-none-eabi/lib/thumb/v7e-m+fp/hard\libc_nano.a(lib_a-findfp.o)
                0x080041dc                __sinit
 .text.__sfp    0x0800424c       0x8c c:/tools/gcc-arm-none-eabi-10.3-2021.10/bin/../lib/gcc/arm-none-eabi/10.3.1/../../../../arm-none-eabi/lib/thumb/v7e-m+fp/hard\libc_nano.a(lib_a-findfp.o)
                0x0800424c                __sfp
 .text._fwalk_reent
                0x080042d8       0x3e c:/tools/gcc-arm-none-eabi-10.3-2021.10/bin/../lib/gcc/arm-none-eabi/10.3.1/../../../../arm-none-eabi/lib/thumb/v7e-m+fp/hard\libc_nano.a(lib_a-fwalk.o)
                0x080042d8                _fwalk_reent
 .text.__retarget_lock_init_recursive
                0x08004316        0x2 c:/tools/gcc-arm-none-eabi-10.3-2021.10/bin/../lib/gcc/arm-none-eabi/10.3.1/../../../../arm-none-eabi/lib/thumb/v7e-m+fp/hard\libc_nano.a(lib_a-lock.o)
                0x08004316                __retarget_lock_init_recursive
 .text.__retarget_lock_acquire_recursive
                0x08004318        0x2 c:/tools/gcc-arm-none-eabi-10.3-2021.10/bin/../lib/gcc/arm-none-eabi/10.3.1/../../../../arm-none-eabi/lib/thumb/v7e-m+fp/hard\libc_nano.a(lib_a-lock.o)
                0x08004318                __retarget_lock_acquire_recursive
 .text.__retarget_lock_release_recursive
                0x0800431a        0x2 c:/tools/gcc-arm-none-eabi-10.3-2021.10/bin/../lib/gcc/arm-none-eabi/10.3.1/../../../../arm-none-eabi/lib/thumb/v7e-m+fp/hard\libc_nano.a(lib_a-lock.o)
                0x0800431a                __retarget_lock_release_recursive
 .text.sbrk_aligned
                0x0800431c       0x40 c:/tools/gcc-arm-none-eabi-10.3-2021.10/bin/../lib/gcc/arm-none-eabi/10.3.1/../../../../arm-none-eabi/lib/thumb/v7e-m+fp/hard\libc_nano.a(lib_a-nano-mallocr.o)
 .text._malloc_r
                0x0800435c       0xe8 c:/tools/gcc-arm-none-eabi-10.3-2021.10/bin/../lib/gcc/arm-none-eabi/10.3.1/../../../../arm-none-eabi/lib/thumb/v7e-m+fp/hard\libc_nano.a(lib_a-nano-mallocr.o)
                0x0800435c                _malloc_r
 .text.__sfputc_r
                0x08004444       0x2e c:/tools/gcc-arm-none-eabi-10.3-2021.10/bin/../lib/gcc/arm-none-eabi/10.3.1/../../../../arm-none-eabi/lib/thumb/v7e-m+fp/hard\libc_nano.a(lib_a-nano-vfprintf.o)
 .text.__sfputs_r
                0x08004472       0x24 c:/tools/gcc-arm-none-eabi-10.3-2021.10/bin/../lib/gcc/arm-none-eabi/10.3.1/../../../../arm-none-eabi/lib/thumb/v7e-m+fp/hard\libc_nano.a(lib_a-nano-vfprintf.o)
                0x08004472                __sfputs_r
 *fill*         0x08004496        0x2 
 .text._vfprintf_r
                0x08004498      0x260 c:/tools/gcc-arm-none-eabi-10.3-2021.10/bin/../lib/gcc/arm-none-eabi/10.3.1/../../../../arm-none-eabi/lib/thumb/v7e-m+fp/hard\libc_nano.a(lib_a-nano-vfprintf.o)
                0x08004498                _vfprintf_r
                0x08004498                _vfiprintf_r
 .text._printf_common
                0x080046f8       0xda c:/tools/gcc-arm-none-eabi-10.3-2021.10/bin/../lib/gcc/arm-none-eabi/10.3.1/../../../../arm-none-eabi/lib/thumb/v7e-m+fp/hard\libc_nano.a(lib_a-nano-vfprintf_i.o)
                0x080046f8                _printf_common
 *fill*         0x080047d2        0x2 
 .text._printf_i
                0x080047d4      0x24c c:/tools/gcc-arm-none-eabi-10.3-2021.10/bin/../lib/gcc/arm-none-eabi/10.3.1/../../../../arm-none-eabi/lib/thumb/v7e-m+fp/hard\libc_nano.a(lib_a-nano-vfprintf_i.o)
                0x080047d4                _printf_i
 .text._sbrk_r  0x08004a20       0x20 c:/tools/gcc-arm-none-eabi-10.3-2021.10/bin/../lib/gcc/arm-none-eabi/10.3.1/../../../../arm-none-eabi/lib/thumb/v7e-m+fp/hard\libc_nano.a(lib_a-sbrkr.o)
                0x08004a20                _sbrk_r
 .text.__sread  0x08004a40       0x22 c:/tools/gcc-arm-none-eabi-10.3-2021.10/bin/../lib/gcc/arm-none-eabi/10.3.1/../../../../arm-none-eabi/lib/thumb/v7e-m+fp/hard\libc_nano.a(lib_a-stdio.o)
                0x08004a40                __sread
 .text.__swrite
                0x08004a62       0x38 c:/tools/gcc-arm-none-eabi-10.3-2021.10/bin/../lib/gcc/arm-none-eabi/10.3.1/../../../../arm-none-eabi/lib/thumb/v7e-m+fp/hard\libc_nano.a(lib_a-stdio.o)
                0x08004a62                __swrite
 .text.__sseek  0x08004a9a       0x24 c:/tools/gcc-arm-none-eabi-10.3-2021.10/bin/../lib/gcc/arm-none-eabi/10.3.1/../../../../arm-none-eabi/lib/thumb/v7e-m+fp/hard\libc_nano.a(lib_a-stdio.o)
                0x08004a9a                __sseek
 .text.__sclose
                0x08004abe        0x8 c:/tools/gcc-arm-none-eabi-10.3-2021.10/bin/../lib/gcc/arm-none-eabi/10.3.1/../../../../arm-none-eabi/lib/thumb/v7e-m+fp/hard\libc_nano.a(lib_a-stdio.o)
                0x08004abe                __sclose
 *fill*         0x08004ac6        0x2 
 .text.__swbuf_r
                0x08004ac8       0xa4 c:/tools/gcc-arm-none-eabi-10.3-2021.10/bin/../lib/gcc/arm-none-eabi/10.3.1/../../../../arm-none-eabi/lib/thumb/v7e-m+fp/hard\libc_nano.a(lib_a-wbuf.o)
                0x08004ac8                __swbuf_r
 .text._write_r
                0x08004b6c       0x24 c:/tools/gcc-arm-none-eabi-10.3-2021.10/bin/../lib/gcc/arm-none-eabi/10.3.1/../../../../arm-none-eabi/lib/thumb/v7e-m+fp/hard\libc_nano.a(lib_a-writer.o)
                0x08004b6c                _write_r
 .text.__swsetup_r
                0x08004b90       0xdc c:/tools/gcc-arm-none-eabi-10.3-2021.10/bin/../lib/gcc/arm-none-eabi/10.3.1/../../../../arm-none-eabi/lib/thumb/v7e-m+fp/hard\libc_nano.a(lib_a-wsetup.o)
                0x08004b90                __swsetup_r
 .text._close_r
                0x08004c6c       0x20 c:/tools/gcc-arm-none-eabi-10.3-2021.10/bin/../lib/gcc/arm-none-eabi/10.3.1/../../../../arm-none-eabi/lib/thumb/v7e-m+fp/hard\libc_nano.a(lib_a-closer.o)
                0x08004c6c                _close_r
 .text.__sflush_r
                0x08004c8c      0x10c c:/tools/gcc-arm-none-eabi-10.3-2021.10/bin/../lib/gcc/arm-none-eabi/10.3.1/../../../../arm-none-eabi/lib/thumb/v7e-m+fp/hard\libc_nano.a(lib_a-fflush.o)
                0x08004c8c                __sflush_r
 .text._fflush_r
                0x08004d98       0x78 c:/tools/gcc-arm-none-eabi-10.3-2021.10/bin/../lib/gcc/arm-none-eabi/10.3.1/../../../../arm-none-eabi/lib/thumb/v7e-m+fp/hard\libc_nano.a(lib_a-fflush.o)
                0x08004d98                _fflush_r
 .text._lseek_r
                0x08004e10       0x24 c:/tools/gcc-arm-none-eabi-10.3-2021.10/bin/../lib/gcc/arm-none-eabi/10.3.1/../../../../arm-none-eabi/lib/thumb/v7e-m+fp/hard\libc_nano.a(lib_a-lseekr.o)
                0x08004e10                _lseek_r
 .text.__swhatbuf_r
                0x08004e34       0x4a c:/tools/gcc-arm-none-eabi-10.3-2021.10/bin/../lib/gcc/arm-none-eabi/10.3.1/../../../../arm-none-eabi/lib/thumb/v7e-m+fp/hard\libc_nano.a(lib_a-makebuf.o)
                0x08004e34                __swhatbuf_r
 *fill*         0x08004e7e        0x2 
 .text.__smakebuf_r
                0x08004e80       0x80 c:/tools/gcc-arm-none-eabi-10.3-2021.10/bin/../lib/gcc/arm-none-eabi/10.3.1/../../../../arm-none-eabi/lib/thumb/v7e-m+fp/hard\libc_nano.a(lib_a-makebuf.o)
                0x08004e80                __smakebuf_r
 .text.__malloc_lock
                0x08004f00        0xc c:/tools/gcc-arm-none-eabi-10.3-2021.10/bin/../lib/gcc/arm-none-eabi/10.3.1/../../../../arm-none-eabi/lib/thumb/v7e-m+fp/hard\libc_nano.a(lib_a-mlock.o)
                0x08004f00                __malloc_lock
 .text.__malloc_unlock
                0x08004f0c        0xc c:/tools/gcc-arm-none-eabi-10.3-2021.10/bin/../lib/gcc/arm-none-eabi/10.3.1/../../../../arm-none-eabi/lib/thumb/v7e-m+fp/hard\libc_nano.a(lib_a-mlock.o)
                0x08004f0c                __malloc_unlock
 .text._free_r  0x08004f18       0x98 c:/tools/gcc-arm-none-eabi-10.3-2021.10/bin/../lib/gcc/arm-none-eabi/10.3.1/../../../../arm-none-eabi/lib/thumb/v7e-m+fp/hard\libc_nano.a(lib_a-nano-freer.o)
                0x08004f18                _free_r
 .text._read_r  0x08004fb0       0x24 c:/tools/gcc-arm-none-eabi-10.3-2021.10/bin/../lib/gcc/arm-none-eabi/10.3.1/../../../../arm-none-eabi/lib/thumb/v7e-m+fp/hard\libc_nano.a(lib_a-readr.o)
                0x08004fb0                _read_r
 .text._fstat_r
                0x08004fd4       0x24 c:/tools/gcc-arm-none-eabi-10.3-2021.10/bin/../lib/gcc/arm-none-eabi/10.3.1/../../../../arm-none-eabi/lib/thumb/v7e-m+fp/hard\libc_nano.a(lib_a-fstatr.o)
                0x08004fd4                _fstat_r
 .text._isatty_r
                0x08004ff8       0x20 c:/tools/gcc-arm-none-eabi-10.3-2021.10/bin/../lib/gcc/arm-none-eabi/10.3.1/../../../../arm-none-eabi/lib/thumb/v7e-m+fp/hard\libc_nano.a(lib_a-isattyr.o)
                0x08004ff8                _isatty_r
 .text._close   0x08005018       0x10 c:/tools/gcc-arm-none-eabi-10.3-2021.10/bin/../lib/gcc/arm-none-eabi/10.3.1/../../../../arm-none-eabi/lib/thumb/v7e-m+fp/hard\libnosys.a(close.o)
                0x08005018                _close
 .text._fstat   0x08005028       0x10 c:/tools/gcc-arm-none-eabi-10.3-2021.10/bin/../lib/gcc/arm-none-eabi/10.3.1/../../../../arm-none-eabi/lib/thumb/v7e-m+fp/hard\libnosys.a(fstat.o)
                0x08005028                _fstat
 .text._isatty  0x08005038       0x10 c:/tools/gcc-arm-none-eabi-10.3-2021.10/bin/../lib/gcc/arm-none-eabi/10.3.1/../../../../arm-none-eabi/lib/thumb/v7e-m+fp/hard\libnosys.a(isatty.o)
                0x08005038                _isatty
 .text._lseek   0x08005048       0x10 c:/tools/gcc-arm-none-eabi-10.3-2021.10/bin/../lib/gcc/arm-none-eabi/10.3.1/../../../../arm-none-eabi/lib/thumb/v7e-m+fp/hard\libnosys.a(lseek.o)
                0x08005048                _lseek
 .text._read    0x08005058       0x10 c:/tools/gcc-arm-none-eabi-10.3-2021.10/bin/../lib/gcc/arm-none-eabi/10.3.1/../../../../arm-none-eabi/lib/thumb/v7e-m+fp/hard\libnosys.a(read.o)
                0x08005058                _read
 .text._sbrk    0x08005068       0x1c c:/tools/gcc-arm-none-eabi-10.3-2021.10/bin/../lib/gcc/arm-none-eabi/10.3.1/../../../../arm-none-eabi/lib/thumb/v7e-m+fp/hard\libnosys.a(sbrk.o)
                0x08005068                _sbrk
 *(.glue_7)
 .glue_7        0x08005084        0x0 linker stubs
 *(.glue_7t)
 .glue_7t       0x08005084        0x0 linker stubs
 *(.eh_frame)
 .eh_frame      0x08005084        0x0 c:/tools/gcc-arm-none-eabi-10.3-2021.10/bin/../lib/gcc/arm-none-eabi/10.3.1/thumb/v7e-m+fp/hard/crtbegin.o
 *(.init)
 .init          0x08005084        0x4 c:/tools/gcc-arm-none-eabi-10.3-2021.10/bin/../lib/gcc/arm-none-eabi/10.3.1/thumb/v7e-m+fp/hard/crti.o
                0x08005084                _init
 .init          0x08005088        0x8 c:/tools/gcc-arm-none-eabi-10.3-2021.10/bin/../lib/gcc/arm-none-eabi/10.3.1/thumb/v7e-m+fp/hard/crtn.o
 *(.fini)
 .fini          0x08005090        0x4 c:/tools/gcc-arm-none-eabi-10.3-2021.10/bin/../lib/gcc/arm-none-eabi/10.3.1/thumb/v7e-m+fp/hard/crti.o
                0x08005090                _fini
 .fini          0x08005094        0x8 c:/tools/gcc-arm-none-eabi-10.3-2021.10/bin/../lib/gcc/arm-none-eabi/10.3.1/thumb/v7e-m+fp/hard/crtn.o
                0x0800509c                . = ALIGN (0x4)
                0x0800509c                _etext = .

.vfp11_veneer   0x0800509c        0x0
 .vfp11_veneer  0x0800509c        0x0 linker stubs

.v4_bx          0x0800509c        0x0
 .v4_bx         0x0800509c        0x0 linker stubs

.iplt           0x0800509c        0x0
 .iplt          0x0800509c        0x0 c:/tools/gcc-arm-none-eabi-10.3-2021.10/bin/../lib/gcc/arm-none-eabi/10.3.1/thumb/v7e-m+fp/hard/crtbegin.o

.rodata         0x0800509c       0xd8
                0x0800509c                . = ALIGN (0x4)
 *(.rodata)
 *(.rodata*)
 .rodata.main.str1.4
                0x0800509c        0x5 build/main.o
 *fill*         0x080050a1        0x3 
 .rodata.aPLLMULFactorTable
                0x080050a4       0x10 build/stm32f3xx_hal_rcc.o
                0x080050a4                aPLLMULFactorTable
 .rodata.aPredivFactorTable
                0x080050b4       0x10 build/stm32f3xx_hal_rcc.o
                0x080050b4                aPredivFactorTable
 .rodata.AHBPrescTable
                0x080050c4       0x10 build/system_stm32f3xx.o
                0x080050c4                AHBPrescTable
 .rodata.APBPrescTable
                0x080050d4        0x8 build/system_stm32f3xx.o
                0x080050d4                APBPrescTable
 .rodata._global_impure_ptr
                0x080050dc        0x4 c:/tools/gcc-arm-none-eabi-10.3-2021.10/bin/../lib/gcc/arm-none-eabi/10.3.1/../../../../arm-none-eabi/lib/thumb/v7e-m+fp/hard\libc_nano.a(lib_a-impure.o)
                0x080050dc                _global_impure_ptr
 .rodata.__sf_fake_stderr
                0x080050e0       0x20 c:/tools/gcc-arm-none-eabi-10.3-2021.10/bin/../lib/gcc/arm-none-eabi/10.3.1/../../../../arm-none-eabi/lib/thumb/v7e-m+fp/hard\libc_nano.a(lib_a-findfp.o)
                0x080050e0                __sf_fake_stderr
 .rodata.__sf_fake_stdin
                0x08005100       0x20 c:/tools/gcc-arm-none-eabi-10.3-2021.10/bin/../lib/gcc/arm-none-eabi/10.3.1/../../../../arm-none-eabi/lib/thumb/v7e-m+fp/hard\libc_nano.a(lib_a-findfp.o)
                0x08005100                __sf_fake_stdin
 .rodata.__sf_fake_stdout
                0x08005120       0x20 c:/tools/gcc-arm-none-eabi-10.3-2021.10/bin/../lib/gcc/arm-none-eabi/10.3.1/../../../../arm-none-eabi/lib/thumb/v7e-m+fp/hard\libc_nano.a(lib_a-findfp.o)
                0x08005120                __sf_fake_stdout
 .rodata._vfprintf_r.str1.1
                0x08005140       0x11 c:/tools/gcc-arm-none-eabi-10.3-2021.10/bin/../lib/gcc/arm-none-eabi/10.3.1/../../../../arm-none-eabi/lib/thumb/v7e-m+fp/hard\libc_nano.a(lib_a-nano-vfprintf.o)
 .rodata._printf_i.str1.1
                0x08005151       0x22 c:/tools/gcc-arm-none-eabi-10.3-2021.10/bin/../lib/gcc/arm-none-eabi/10.3.1/../../../../arm-none-eabi/lib/thumb/v7e-m+fp/hard\libc_nano.a(lib_a-nano-vfprintf_i.o)
                0x08005174                . = ALIGN (0x4)
 *fill*         0x08005173        0x1 

.rel.dyn        0x08005174        0x0
 .rel.iplt      0x08005174        0x0 c:/tools/gcc-arm-none-eabi-10.3-2021.10/bin/../lib/gcc/arm-none-eabi/10.3.1/thumb/v7e-m+fp/hard/crtbegin.o

.ARM.extab
 *(.ARM.extab* .gnu.linkonce.armextab.*)

.ARM            0x08005174        0x0
                0x08005174                __exidx_start = .
 *(.ARM.exidx*)
                0x08005174                __exidx_end = .

.preinit_array  0x08005174        0x0
                0x08005174                PROVIDE (__preinit_array_start = .)
 *(.preinit_array*)
                0x08005174                PROVIDE (__preinit_array_end = .)

.init_array     0x08005174        0x4
                0x08005174                PROVIDE (__init_array_start = .)
 *(SORT_BY_NAME(.init_array.*))
 *(.init_array*)
 .init_array    0x08005174        0x4 c:/tools/gcc-arm-none-eabi-10.3-2021.10/bin/../lib/gcc/arm-none-eabi/10.3.1/thumb/v7e-m+fp/hard/crtbegin.o
                0x08005178                PROVIDE (__init_array_end = .)

.fini_array     0x08005178        0x4
                [!provide]                PROVIDE (__fini_array_start = .)
 *(SORT_BY_NAME(.fini_array.*))
 *(.fini_array*)
 .fini_array    0x08005178        0x4 c:/tools/gcc-arm-none-eabi-10.3-2021.10/bin/../lib/gcc/arm-none-eabi/10.3.1/thumb/v7e-m+fp/hard/crtbegin.o
                [!provide]                PROVIDE (__fini_array_end = .)
                0x0800517c                _sidata = LOADADDR (.data)

.data           0x20000000       0x7c load address 0x0800517c
                0x20000000                . = ALIGN (0x4)
                0x20000000                _sdata = .
 *(.data)
 *(.data*)
 .data.CommSpeed
                0x20000000        0x4 build/main.o
                0x20000000                CommSpeed
 .data.button_state
                0x20000004        0x1 build/main.o
                0x20000004                button_state
 *fill*         0x20000005        0x3 
 .data.ledval   0x20000008        0x4 build/main.o
                0x20000008                ledval
 .data.uwTickFreq
                0x2000000c        0x1 build/stm32f3xx_hal.o
                0x2000000c                uwTickFreq
 *fill*         0x2000000d        0x3 
 .data.uwTickPrio
                0x20000010        0x4 build/stm32f3xx_hal.o
                0x20000010                uwTickPrio
 .data.SystemCoreClock
                0x20000014        0x4 build/system_stm32f3xx.o
                0x20000014                SystemCoreClock
 .data._impure_ptr
                0x20000018        0x4 c:/tools/gcc-arm-none-eabi-10.3-2021.10/bin/../lib/gcc/arm-none-eabi/10.3.1/../../../../arm-none-eabi/lib/thumb/v7e-m+fp/hard\libc_nano.a(lib_a-impure.o)
                0x20000018                _impure_ptr
 .data.impure_data
                0x2000001c       0x60 c:/tools/gcc-arm-none-eabi-10.3-2021.10/bin/../lib/gcc/arm-none-eabi/10.3.1/../../../../arm-none-eabi/lib/thumb/v7e-m+fp/hard\libc_nano.a(lib_a-impure.o)
                0x2000007c                . = ALIGN (0x4)
                0x2000007c                _edata = .
                0x080051f8                _siccmram = LOADADDR (.ccmram)

.igot.plt       0x2000007c        0x0 load address 0x080051f8
 .igot.plt      0x2000007c        0x0 c:/tools/gcc-arm-none-eabi-10.3-2021.10/bin/../lib/gcc/arm-none-eabi/10.3.1/thumb/v7e-m+fp/hard/crtbegin.o

.ccmram         0x10000000        0x0 load address 0x080051f8
                0x10000000                . = ALIGN (0x4)
                0x10000000                _sccmram = .
 *(.ccmram)
 *(.ccmram*)
                0x10000000                . = ALIGN (0x4)
                0x10000000                _eccmram = .
                0x10000000                . = ALIGN (0x4)

.bss            0x20000080      0x3c0
                0x20000080                _sbss = .
                0x20000080                __bss_start__ = _sbss
 *(.bss)
 .bss           0x20000080       0x1c c:/tools/gcc-arm-none-eabi-10.3-2021.10/bin/../lib/gcc/arm-none-eabi/10.3.1/thumb/v7e-m+fp/hard/crtbegin.o
 *(.bss*)
 .bss.Curve_Sens
                0x2000009c       0x24 build/main.o
                0x2000009c                Curve_Sens
 .bss.Curve_Sensor
                0x200000c0        0x4 build/main.o
                0x200000c0                Curve_Sensor
 .bss.MotorL    0x200000c4        0x4 build/main.o
                0x200000c4                MotorL
 .bss.MotorR    0x200000c8        0x4 build/main.o
                0x200000c8                MotorR
 .bss.SensL     0x200000cc       0x24 build/main.o
                0x200000cc                SensL
 .bss.SensR     0x200000f0       0x24 build/main.o
                0x200000f0                SensR
 .bss.SensValBuf
                0x20000114        0x4 build/main.o
                0x20000114                SensValBuf
 .bss.SensVal_I
                0x20000118        0x8 build/main.o
                0x20000118                SensVal_I
 .bss.SensVal_IBuf
                0x20000120        0x8 build/main.o
                0x20000120                SensVal_IBuf
 .bss.SensorL   0x20000128        0x4 build/main.o
                0x20000128                SensorL
 .bss.SensorR   0x2000012c        0x4 build/main.o
                0x2000012c                SensorR
 .bss.Side_SensL
                0x20000130       0x24 build/main.o
                0x20000130                Side_SensL
 .bss.Side_SensR
                0x20000154       0x24 build/main.o
                0x20000154                Side_SensR
 .bss.Side_SensorL
                0x20000178        0x4 build/main.o
                0x20000178                Side_SensorL
 .bss.Side_SensorR
                0x2000017c        0x4 build/main.o
                0x2000017c                Side_SensorR
 .bss.Stime     0x20000180        0x1 build/main.o
                0x20000180                Stime
 *fill*         0x20000181        0x3 
 .bss.analog1   0x20000184        0x4 build/main.o
                0x20000184                analog1
 .bss.analog2   0x20000188        0x8 build/main.o
                0x20000188                analog2
 .bss.stopFlg   0x20000190        0x1 build/main.o
                0x20000190                stopFlg
 .bss.turnFlg   0x20000191        0x1 build/main.o
                0x20000191                turnFlg
 *fill*         0x20000192        0x2 
 .bss.HAL_RCC_ADC12_CLK_ENABLED
                0x20000194        0x4 build/adc.o
 .bss.hadc1     0x20000198       0x50 build/adc.o
                0x20000198                hadc1
 .bss.hadc2     0x200001e8       0x50 build/adc.o
                0x200001e8                hadc2
 .bss.hdma_adc1
                0x20000238       0x44 build/adc.o
                0x20000238                hdma_adc1
 .bss.hdma_adc2
                0x2000027c       0x44 build/adc.o
                0x2000027c                hdma_adc2
 .bss.htim1     0x200002c0       0x4c build/tim.o
                0x200002c0                htim1
 .bss.htim2     0x2000030c       0x4c build/tim.o
                0x2000030c                htim2
 .bss.htim3     0x20000358       0x4c build/tim.o
                0x20000358                htim3
 .bss.huart2    0x200003a4       0x84 build/usart.o
                0x200003a4                huart2
 .bss.uwTick    0x20000428        0x4 build/stm32f3xx_hal.o
                0x20000428                uwTick
 .bss.__lock___malloc_recursive_mutex
                0x2000042c        0x1 c:/tools/gcc-arm-none-eabi-10.3-2021.10/bin/../lib/gcc/arm-none-eabi/10.3.1/../../../../arm-none-eabi/lib/thumb/v7e-m+fp/hard\libc_nano.a(lib_a-lock.o)
                0x2000042c                __lock___malloc_recursive_mutex
 .bss.__lock___sfp_recursive_mutex
                0x2000042d        0x1 c:/tools/gcc-arm-none-eabi-10.3-2021.10/bin/../lib/gcc/arm-none-eabi/10.3.1/../../../../arm-none-eabi/lib/thumb/v7e-m+fp/hard\libc_nano.a(lib_a-lock.o)
                0x2000042d                __lock___sfp_recursive_mutex
 .bss.__lock___sinit_recursive_mutex
                0x2000042e        0x1 c:/tools/gcc-arm-none-eabi-10.3-2021.10/bin/../lib/gcc/arm-none-eabi/10.3.1/../../../../arm-none-eabi/lib/thumb/v7e-m+fp/hard\libc_nano.a(lib_a-lock.o)
                0x2000042e                __lock___sinit_recursive_mutex
 *fill*         0x2000042f        0x1 
 .bss.__malloc_free_list
                0x20000430        0x4 c:/tools/gcc-arm-none-eabi-10.3-2021.10/bin/../lib/gcc/arm-none-eabi/10.3.1/../../../../arm-none-eabi/lib/thumb/v7e-m+fp/hard\libc_nano.a(lib_a-nano-mallocr.o)
                0x20000430                __malloc_free_list
 .bss.__malloc_sbrk_start
                0x20000434        0x4 c:/tools/gcc-arm-none-eabi-10.3-2021.10/bin/../lib/gcc/arm-none-eabi/10.3.1/../../../../arm-none-eabi/lib/thumb/v7e-m+fp/hard\libc_nano.a(lib_a-nano-mallocr.o)
                0x20000434                __malloc_sbrk_start
 .bss.errno     0x20000438        0x4 c:/tools/gcc-arm-none-eabi-10.3-2021.10/bin/../lib/gcc/arm-none-eabi/10.3.1/../../../../arm-none-eabi/lib/thumb/v7e-m+fp/hard\libc_nano.a(lib_a-reent.o)
                0x20000438                errno
 .bss.heap_end.0
                0x2000043c        0x4 c:/tools/gcc-arm-none-eabi-10.3-2021.10/bin/../lib/gcc/arm-none-eabi/10.3.1/../../../../arm-none-eabi/lib/thumb/v7e-m+fp/hard\libnosys.a(sbrk.o)
 *(COMMON)
                0x20000440                . = ALIGN (0x4)
                0x20000440                _ebss = .
                0x20000440                __bss_end__ = _ebss

._user_heap_stack
                0x20000440      0x600
                0x20000440                . = ALIGN (0x8)
                0x20000440                PROVIDE (end = .)
                [!provide]                PROVIDE (_end = .)
                0x20000640                . = (. + _Min_Heap_Size)
 *fill*         0x20000440      0x200 
                0x20000a40                . = (. + _Min_Stack_Size)
 *fill*         0x20000640      0x400 
                0x20000a40                . = ALIGN (0x8)

/DISCARD/
 libc.a(*)
 libm.a(*)
 libgcc.a(*)

.ARM.attributes
                0x00000000       0x30
 *(.ARM.attributes)
 .ARM.attributes
                0x00000000       0x1e c:/tools/gcc-arm-none-eabi-10.3-2021.10/bin/../lib/gcc/arm-none-eabi/10.3.1/thumb/v7e-m+fp/hard/crti.o
 .ARM.attributes
                0x0000001e       0x34 c:/tools/gcc-arm-none-eabi-10.3-2021.10/bin/../lib/gcc/arm-none-eabi/10.3.1/thumb/v7e-m+fp/hard/crtbegin.o
 .ARM.attributes
                0x00000052       0x34 build/main.o
 .ARM.attributes
                0x00000086       0x34 build/gpio.o
 .ARM.attributes
                0x000000ba       0x34 build/adc.o
 .ARM.attributes
                0x000000ee       0x34 build/tim.o
 .ARM.attributes
                0x00000122       0x34 build/usart.o
 .ARM.attributes
                0x00000156       0x34 build/stm32f3xx_it.o
 .ARM.attributes
                0x0000018a       0x34 build/stm32f3xx_hal_msp.o
 .ARM.attributes
                0x000001be       0x34 build/stm32f3xx_hal_adc.o
 .ARM.attributes
                0x000001f2       0x34 build/stm32f3xx_hal_adc_ex.o
 .ARM.attributes
                0x00000226       0x34 build/stm32f3xx_hal.o
 .ARM.attributes
                0x0000025a       0x34 build/stm32f3xx_hal_rcc.o
 .ARM.attributes
                0x0000028e       0x34 build/stm32f3xx_hal_rcc_ex.o
 .ARM.attributes
                0x000002c2       0x34 build/stm32f3xx_hal_gpio.o
 .ARM.attributes
                0x000002f6       0x34 build/stm32f3xx_hal_dma.o
 .ARM.attributes
                0x0000032a       0x34 build/stm32f3xx_hal_cortex.o
 .ARM.attributes
                0x0000035e       0x34 build/stm32f3xx_hal_tim.o
 .ARM.attributes
                0x00000392       0x34 build/stm32f3xx_hal_tim_ex.o
 .ARM.attributes
                0x000003c6       0x34 build/stm32f3xx_hal_uart.o
 .ARM.attributes
                0x000003fa       0x34 build/system_stm32f3xx.o
 .ARM.attributes
                0x0000042e       0x34 build/dma.o
 .ARM.attributes
                0x00000462       0x21 build/startup_stm32f303x8.o
 .ARM.attributes
                0x00000483       0x34 c:/tools/gcc-arm-none-eabi-10.3-2021.10/bin/../lib/gcc/arm-none-eabi/10.3.1/../../../../arm-none-eabi/lib/thumb/v7e-m+fp/hard\libc_nano.a(lib_a-impure.o)
 .ARM.attributes
                0x000004b7       0x34 c:/tools/gcc-arm-none-eabi-10.3-2021.10/bin/../lib/gcc/arm-none-eabi/10.3.1/../../../../arm-none-eabi/lib/thumb/v7e-m+fp/hard\libc_nano.a(lib_a-init.o)
 .ARM.attributes
                0x000004eb       0x34 c:/tools/gcc-arm-none-eabi-10.3-2021.10/bin/../lib/gcc/arm-none-eabi/10.3.1/../../../../arm-none-eabi/lib/thumb/v7e-m+fp/hard\libc_nano.a(lib_a-memset.o)
 .ARM.attributes
                0x0000051f       0x34 c:/tools/gcc-arm-none-eabi-10.3-2021.10/bin/../lib/gcc/arm-none-eabi/10.3.1/../../../../arm-none-eabi/lib/thumb/v7e-m+fp/hard\libc_nano.a(lib_a-printf.o)
 .ARM.attributes
                0x00000553       0x34 c:/tools/gcc-arm-none-eabi-10.3-2021.10/bin/../lib/gcc/arm-none-eabi/10.3.1/../../../../arm-none-eabi/lib/thumb/v7e-m+fp/hard\libc_nano.a(lib_a-findfp.o)
 .ARM.attributes
                0x00000587       0x34 c:/tools/gcc-arm-none-eabi-10.3-2021.10/bin/../lib/gcc/arm-none-eabi/10.3.1/../../../../arm-none-eabi/lib/thumb/v7e-m+fp/hard\libc_nano.a(lib_a-fwalk.o)
 .ARM.attributes
                0x000005bb       0x34 c:/tools/gcc-arm-none-eabi-10.3-2021.10/bin/../lib/gcc/arm-none-eabi/10.3.1/../../../../arm-none-eabi/lib/thumb/v7e-m+fp/hard\libc_nano.a(lib_a-lock.o)
 .ARM.attributes
                0x000005ef       0x34 c:/tools/gcc-arm-none-eabi-10.3-2021.10/bin/../lib/gcc/arm-none-eabi/10.3.1/../../../../arm-none-eabi/lib/thumb/v7e-m+fp/hard\libc_nano.a(lib_a-nano-mallocr.o)
 .ARM.attributes
                0x00000623       0x34 c:/tools/gcc-arm-none-eabi-10.3-2021.10/bin/../lib/gcc/arm-none-eabi/10.3.1/../../../../arm-none-eabi/lib/thumb/v7e-m+fp/hard\libc_nano.a(lib_a-nano-vfprintf.o)
 .ARM.attributes
                0x00000657       0x34 c:/tools/gcc-arm-none-eabi-10.3-2021.10/bin/../lib/gcc/arm-none-eabi/10.3.1/../../../../arm-none-eabi/lib/thumb/v7e-m+fp/hard\libc_nano.a(lib_a-nano-vfprintf_i.o)
 .ARM.attributes
                0x0000068b       0x34 c:/tools/gcc-arm-none-eabi-10.3-2021.10/bin/../lib/gcc/arm-none-eabi/10.3.1/../../../../arm-none-eabi/lib/thumb/v7e-m+fp/hard\libc_nano.a(lib_a-sbrkr.o)
 .ARM.attributes
                0x000006bf       0x34 c:/tools/gcc-arm-none-eabi-10.3-2021.10/bin/../lib/gcc/arm-none-eabi/10.3.1/../../../../arm-none-eabi/lib/thumb/v7e-m+fp/hard\libc_nano.a(lib_a-stdio.o)
 .ARM.attributes
                0x000006f3       0x34 c:/tools/gcc-arm-none-eabi-10.3-2021.10/bin/../lib/gcc/arm-none-eabi/10.3.1/../../../../arm-none-eabi/lib/thumb/v7e-m+fp/hard\libc_nano.a(lib_a-wbuf.o)
 .ARM.attributes
                0x00000727       0x34 c:/tools/gcc-arm-none-eabi-10.3-2021.10/bin/../lib/gcc/arm-none-eabi/10.3.1/../../../../arm-none-eabi/lib/thumb/v7e-m+fp/hard\libc_nano.a(lib_a-writer.o)
 .ARM.attributes
                0x0000075b       0x34 c:/tools/gcc-arm-none-eabi-10.3-2021.10/bin/../lib/gcc/arm-none-eabi/10.3.1/../../../../arm-none-eabi/lib/thumb/v7e-m+fp/hard\libc_nano.a(lib_a-wsetup.o)
 .ARM.attributes
                0x0000078f       0x34 c:/tools/gcc-arm-none-eabi-10.3-2021.10/bin/../lib/gcc/arm-none-eabi/10.3.1/../../../../arm-none-eabi/lib/thumb/v7e-m+fp/hard\libc_nano.a(lib_a-closer.o)
 .ARM.attributes
                0x000007c3       0x34 c:/tools/gcc-arm-none-eabi-10.3-2021.10/bin/../lib/gcc/arm-none-eabi/10.3.1/../../../../arm-none-eabi/lib/thumb/v7e-m+fp/hard\libc_nano.a(lib_a-fflush.o)
 .ARM.attributes
                0x000007f7       0x34 c:/tools/gcc-arm-none-eabi-10.3-2021.10/bin/../lib/gcc/arm-none-eabi/10.3.1/../../../../arm-none-eabi/lib/thumb/v7e-m+fp/hard\libc_nano.a(lib_a-lseekr.o)
 .ARM.attributes
                0x0000082b       0x34 c:/tools/gcc-arm-none-eabi-10.3-2021.10/bin/../lib/gcc/arm-none-eabi/10.3.1/../../../../arm-none-eabi/lib/thumb/v7e-m+fp/hard\libc_nano.a(lib_a-makebuf.o)
 .ARM.attributes
                0x0000085f       0x1c c:/tools/gcc-arm-none-eabi-10.3-2021.10/bin/../lib/gcc/arm-none-eabi/10.3.1/../../../../arm-none-eabi/lib/thumb/v7e-m+fp/hard\libc_nano.a(lib_a-memchr.o)
 .ARM.attributes
                0x0000087b       0x34 c:/tools/gcc-arm-none-eabi-10.3-2021.10/bin/../lib/gcc/arm-none-eabi/10.3.1/../../../../arm-none-eabi/lib/thumb/v7e-m+fp/hard\libc_nano.a(lib_a-mlock.o)
 .ARM.attributes
                0x000008af       0x34 c:/tools/gcc-arm-none-eabi-10.3-2021.10/bin/../lib/gcc/arm-none-eabi/10.3.1/../../../../arm-none-eabi/lib/thumb/v7e-m+fp/hard\libc_nano.a(lib_a-nano-freer.o)
 .ARM.attributes
                0x000008e3       0x34 c:/tools/gcc-arm-none-eabi-10.3-2021.10/bin/../lib/gcc/arm-none-eabi/10.3.1/../../../../arm-none-eabi/lib/thumb/v7e-m+fp/hard\libc_nano.a(lib_a-readr.o)
 .ARM.attributes
                0x00000917       0x34 c:/tools/gcc-arm-none-eabi-10.3-2021.10/bin/../lib/gcc/arm-none-eabi/10.3.1/../../../../arm-none-eabi/lib/thumb/v7e-m+fp/hard\libc_nano.a(lib_a-reent.o)
 .ARM.attributes
                0x0000094b       0x34 c:/tools/gcc-arm-none-eabi-10.3-2021.10/bin/../lib/gcc/arm-none-eabi/10.3.1/../../../../arm-none-eabi/lib/thumb/v7e-m+fp/hard\libc_nano.a(lib_a-fstatr.o)
 .ARM.attributes
                0x0000097f       0x34 c:/tools/gcc-arm-none-eabi-10.3-2021.10/bin/../lib/gcc/arm-none-eabi/10.3.1/../../../../arm-none-eabi/lib/thumb/v7e-m+fp/hard\libc_nano.a(lib_a-isattyr.o)
 .ARM.attributes
                0x000009b3       0x34 c:/tools/gcc-arm-none-eabi-10.3-2021.10/bin/../lib/gcc/arm-none-eabi/10.3.1/../../../../arm-none-eabi/lib/thumb/v7e-m+fp/hard\libnosys.a(close.o)
 .ARM.attributes
                0x000009e7       0x34 c:/tools/gcc-arm-none-eabi-10.3-2021.10/bin/../lib/gcc/arm-none-eabi/10.3.1/../../../../arm-none-eabi/lib/thumb/v7e-m+fp/hard\libnosys.a(fstat.o)
 .ARM.attributes
                0x00000a1b       0x34 c:/tools/gcc-arm-none-eabi-10.3-2021.10/bin/../lib/gcc/arm-none-eabi/10.3.1/../../../../arm-none-eabi/lib/thumb/v7e-m+fp/hard\libnosys.a(isatty.o)
 .ARM.attributes
                0x00000a4f       0x34 c:/tools/gcc-arm-none-eabi-10.3-2021.10/bin/../lib/gcc/arm-none-eabi/10.3.1/../../../../arm-none-eabi/lib/thumb/v7e-m+fp/hard\libnosys.a(lseek.o)
 .ARM.attributes
                0x00000a83       0x34 c:/tools/gcc-arm-none-eabi-10.3-2021.10/bin/../lib/gcc/arm-none-eabi/10.3.1/../../../../arm-none-eabi/lib/thumb/v7e-m+fp/hard\libnosys.a(read.o)
 .ARM.attributes
                0x00000ab7       0x34 c:/tools/gcc-arm-none-eabi-10.3-2021.10/bin/../lib/gcc/arm-none-eabi/10.3.1/../../../../arm-none-eabi/lib/thumb/v7e-m+fp/hard\libnosys.a(sbrk.o)
 .ARM.attributes
                0x00000aeb       0x1e c:/tools/gcc-arm-none-eabi-10.3-2021.10/bin/../lib/gcc/arm-none-eabi/10.3.1/thumb/v7e-m+fp/hard\libgcc.a(_arm_addsubdf3.o)
 .ARM.attributes
                0x00000b09       0x1e c:/tools/gcc-arm-none-eabi-10.3-2021.10/bin/../lib/gcc/arm-none-eabi/10.3.1/thumb/v7e-m+fp/hard\libgcc.a(_arm_muldivdf3.o)
 .ARM.attributes
                0x00000b27       0x1e c:/tools/gcc-arm-none-eabi-10.3-2021.10/bin/../lib/gcc/arm-none-eabi/10.3.1/thumb/v7e-m+fp/hard\libgcc.a(_arm_cmpdf2.o)
 .ARM.attributes
                0x00000b45       0x1e c:/tools/gcc-arm-none-eabi-10.3-2021.10/bin/../lib/gcc/arm-none-eabi/10.3.1/thumb/v7e-m+fp/hard\libgcc.a(_arm_fixdfsi.o)
 .ARM.attributes
                0x00000b63       0x1e c:/tools/gcc-arm-none-eabi-10.3-2021.10/bin/../lib/gcc/arm-none-eabi/10.3.1/thumb/v7e-m+fp/hard/crtn.o
OUTPUT(build/robotorace_2.elf elf32-littlearm)
LOAD linker stubs
LOAD c:/tools/gcc-arm-none-eabi-10.3-2021.10/bin/../lib/gcc/arm-none-eabi/10.3.1/../../../../arm-none-eabi/lib/thumb/v7e-m+fp/hard\libc.a
LOAD c:/tools/gcc-arm-none-eabi-10.3-2021.10/bin/../lib/gcc/arm-none-eabi/10.3.1/../../../../arm-none-eabi/lib/thumb/v7e-m+fp/hard\libm.a
LOAD c:/tools/gcc-arm-none-eabi-10.3-2021.10/bin/../lib/gcc/arm-none-eabi/10.3.1/thumb/v7e-m+fp/hard\libgcc.a

.debug_info     0x00000000    0x17d48
 .debug_info    0x00000000     0x1caf build/main.o
 .debug_info    0x00001caf      0x409 build/gpio.o
 .debug_info    0x000020b8      0xe1d build/adc.o
 .debug_info    0x00002ed5     0x11ff build/tim.o
 .debug_info    0x000040d4      0xa7a build/usart.o
 .debug_info    0x00004b4e      0x82d build/stm32f3xx_it.o
 .debug_info    0x0000537b      0x1c9 build/stm32f3xx_hal_msp.o
 .debug_info    0x00005544      0xd01 build/stm32f3xx_hal_adc.o
 .debug_info    0x00006245     0x1f8e build/stm32f3xx_hal_adc_ex.o
 .debug_info    0x000081d3      0x8a8 build/stm32f3xx_hal.o
 .debug_info    0x00008a7b     0x16de build/stm32f3xx_hal_rcc.o
 .debug_info    0x0000a159      0x697 build/stm32f3xx_hal_rcc_ex.o
 .debug_info    0x0000a7f0      0x824 build/stm32f3xx_hal_gpio.o
 .debug_info    0x0000b014      0x8f7 build/stm32f3xx_hal_dma.o
 .debug_info    0x0000b90b      0xe2e build/stm32f3xx_hal_cortex.o
 .debug_info    0x0000c739     0x4194 build/stm32f3xx_hal_tim.o
 .debug_info    0x000108cd     0x1d1c build/stm32f3xx_hal_tim_ex.o
 .debug_info    0x000125e9     0x5114 build/stm32f3xx_hal_uart.o
 .debug_info    0x000176fd      0x47d build/system_stm32f3xx.o
 .debug_info    0x00017b7a      0x1ac build/dma.o
 .debug_info    0x00017d26       0x22 build/startup_stm32f303x8.o

.debug_abbrev   0x00000000     0x2af0
 .debug_abbrev  0x00000000      0x32a build/main.o
 .debug_abbrev  0x0000032a      0x151 build/gpio.o
 .debug_abbrev  0x0000047b      0x20f build/adc.o
 .debug_abbrev  0x0000068a      0x235 build/tim.o
 .debug_abbrev  0x000008bf      0x1d7 build/usart.o
 .debug_abbrev  0x00000a96      0x17c build/stm32f3xx_it.o
 .debug_abbrev  0x00000c12       0xc1 build/stm32f3xx_hal_msp.o
 .debug_abbrev  0x00000cd3      0x18d build/stm32f3xx_hal_adc.o
 .debug_abbrev  0x00000e60      0x31e build/stm32f3xx_hal_adc_ex.o
 .debug_abbrev  0x0000117e      0x20a build/stm32f3xx_hal.o
 .debug_abbrev  0x00001388      0x323 build/stm32f3xx_hal_rcc.o
 .debug_abbrev  0x000016ab      0x278 build/stm32f3xx_hal_rcc_ex.o
 .debug_abbrev  0x00001923      0x222 build/stm32f3xx_hal_gpio.o
 .debug_abbrev  0x00001b45      0x24d build/stm32f3xx_hal_dma.o
 .debug_abbrev  0x00001d92      0x359 build/stm32f3xx_hal_cortex.o
 .debug_abbrev  0x000020eb      0x282 build/stm32f3xx_hal_tim.o
 .debug_abbrev  0x0000236d      0x298 build/stm32f3xx_hal_tim_ex.o
 .debug_abbrev  0x00002605      0x308 build/stm32f3xx_hal_uart.o
 .debug_abbrev  0x0000290d      0x11b build/system_stm32f3xx.o
 .debug_abbrev  0x00002a28       0xb6 build/dma.o
 .debug_abbrev  0x00002ade       0x12 build/startup_stm32f303x8.o

.debug_loc      0x00000000    0x136be
 .debug_loc     0x00000000      0x304 build/main.o
 .debug_loc     0x00000304       0x38 build/gpio.o
 .debug_loc     0x0000033c      0x1cc build/adc.o
 .debug_loc     0x00000508      0x276 build/tim.o
 .debug_loc     0x0000077e      0x108 build/usart.o
 .debug_loc     0x00000886       0x60 build/stm32f3xx_it.o
 .debug_loc     0x000008e6       0x2c build/stm32f3xx_hal_msp.o
 .debug_loc     0x00000912      0x22b build/stm32f3xx_hal_adc.o
 .debug_loc     0x00000b3d     0x24de build/stm32f3xx_hal_adc_ex.o
 .debug_loc     0x0000301b      0x1e1 build/stm32f3xx_hal.o
 .debug_loc     0x000031fc      0xf59 build/stm32f3xx_hal_rcc.o
 .debug_loc     0x00004155      0x6cd build/stm32f3xx_hal_rcc_ex.o
 .debug_loc     0x00004822      0x46f build/stm32f3xx_hal_gpio.o
 .debug_loc     0x00004c91      0x928 build/stm32f3xx_hal_dma.o
 .debug_loc     0x000055b9      0x77f build/stm32f3xx_hal_cortex.o
 .debug_loc     0x00005d38     0x6170 build/stm32f3xx_hal_tim.o
 .debug_loc     0x0000bea8     0x25c4 build/stm32f3xx_hal_tim_ex.o
 .debug_loc     0x0000e46c     0x5103 build/stm32f3xx_hal_uart.o
 .debug_loc     0x0001356f      0x123 build/system_stm32f3xx.o
 .debug_loc     0x00013692       0x2c build/dma.o

.debug_aranges  0x00000000      0xef0
 .debug_aranges
                0x00000000       0x60 build/main.o
 .debug_aranges
                0x00000060       0x20 build/gpio.o
 .debug_aranges
                0x00000080       0x38 build/adc.o
 .debug_aranges
                0x000000b8       0x48 build/tim.o
 .debug_aranges
                0x00000100       0x30 build/usart.o
 .debug_aranges
                0x00000130       0x70 build/stm32f3xx_it.o
 .debug_aranges
                0x000001a0       0x20 build/stm32f3xx_hal_msp.o
 .debug_aranges
                0x000001c0       0xc8 build/stm32f3xx_hal_adc.o
 .debug_aranges
                0x00000288      0x168 build/stm32f3xx_hal_adc_ex.o
 .debug_aranges
                0x000003f0       0xe0 build/stm32f3xx_hal.o
 .debug_aranges
                0x000004d0       0x88 build/stm32f3xx_hal_rcc.o
 .debug_aranges
                0x00000558       0x38 build/stm32f3xx_hal_rcc_ex.o
 .debug_aranges
                0x00000590       0x58 build/stm32f3xx_hal_gpio.o
 .debug_aranges
                0x000005e8       0x88 build/stm32f3xx_hal_dma.o
 .debug_aranges
                0x00000670       0x90 build/stm32f3xx_hal_cortex.o
 .debug_aranges
                0x00000700      0x3e0 build/stm32f3xx_hal_tim.o
 .debug_aranges
                0x00000ae0      0x178 build/stm32f3xx_hal_tim_ex.o
 .debug_aranges
                0x00000c58      0x228 build/stm32f3xx_hal_uart.o
 .debug_aranges
                0x00000e80       0x28 build/system_stm32f3xx.o
 .debug_aranges
                0x00000ea8       0x20 build/dma.o
 .debug_aranges
                0x00000ec8       0x28 build/startup_stm32f303x8.o

.debug_ranges   0x00000000      0xe40
 .debug_ranges  0x00000000       0x50 build/main.o
 .debug_ranges  0x00000050       0x10 build/gpio.o
 .debug_ranges  0x00000060       0x28 build/adc.o
 .debug_ranges  0x00000088       0x38 build/tim.o
 .debug_ranges  0x000000c0       0x20 build/usart.o
 .debug_ranges  0x000000e0       0x60 build/stm32f3xx_it.o
 .debug_ranges  0x00000140       0x10 build/stm32f3xx_hal_msp.o
 .debug_ranges  0x00000150       0xb8 build/stm32f3xx_hal_adc.o
 .debug_ranges  0x00000208      0x158 build/stm32f3xx_hal_adc_ex.o
 .debug_ranges  0x00000360       0xd0 build/stm32f3xx_hal.o
 .debug_ranges  0x00000430       0x98 build/stm32f3xx_hal_rcc.o
 .debug_ranges  0x000004c8       0x28 build/stm32f3xx_hal_rcc_ex.o
 .debug_ranges  0x000004f0       0x48 build/stm32f3xx_hal_gpio.o
 .debug_ranges  0x00000538       0x78 build/stm32f3xx_hal_dma.o
 .debug_ranges  0x000005b0       0xe0 build/stm32f3xx_hal_cortex.o
 .debug_ranges  0x00000690      0x3d0 build/stm32f3xx_hal_tim.o
 .debug_ranges  0x00000a60      0x168 build/stm32f3xx_hal_tim_ex.o
 .debug_ranges  0x00000bc8      0x230 build/stm32f3xx_hal_uart.o
 .debug_ranges  0x00000df8       0x18 build/system_stm32f3xx.o
 .debug_ranges  0x00000e10       0x10 build/dma.o
 .debug_ranges  0x00000e20       0x20 build/startup_stm32f303x8.o

.debug_line     0x00000000    0x13abc
 .debug_line    0x00000000      0x818 build/main.o
 .debug_line    0x00000818      0x1db build/gpio.o
 .debug_line    0x000009f3      0x6a9 build/adc.o
 .debug_line    0x0000109c      0x5a4 build/tim.o
 .debug_line    0x00001640      0x2bf build/usart.o
 .debug_line    0x000018ff      0x2d2 build/stm32f3xx_it.o
 .debug_line    0x00001bd1      0x144 build/stm32f3xx_hal_msp.o
 .debug_line    0x00001d15      0x41a build/stm32f3xx_hal_adc.o
 .debug_line    0x0000212f     0x2467 build/stm32f3xx_hal_adc_ex.o
 .debug_line    0x00004596      0x502 build/stm32f3xx_hal.o
 .debug_line    0x00004a98     0x119d build/stm32f3xx_hal_rcc.o
 .debug_line    0x00005c35      0x6cc build/stm32f3xx_hal_rcc_ex.o
 .debug_line    0x00006301      0x646 build/stm32f3xx_hal_gpio.o
 .debug_line    0x00006947      0x9b2 build/stm32f3xx_hal_dma.o
 .debug_line    0x000072f9      0x603 build/stm32f3xx_hal_cortex.o
 .debug_line    0x000078fc     0x5091 build/stm32f3xx_hal_tim.o
 .debug_line    0x0000c98d     0x1d10 build/stm32f3xx_hal_tim_ex.o
 .debug_line    0x0000e69d     0x5054 build/stm32f3xx_hal_uart.o
 .debug_line    0x000136f1      0x225 build/system_stm32f3xx.o
 .debug_line    0x00013916      0x130 build/dma.o
 .debug_line    0x00013a46       0x76 build/startup_stm32f303x8.o

.debug_str      0x00000000     0x4771
 .debug_str     0x00000000      0xf89 build/main.o
                               0x10d5 (size before relaxing)
 .debug_str     0x00000f89       0xbf build/gpio.o
                                0x29f (size before relaxing)
 .debug_str     0x00001048      0x136 build/adc.o
                                0x84e (size before relaxing)
 .debug_str     0x0000117e      0x5e7 build/tim.o
                                0xde7 (size before relaxing)
 .debug_str     0x00001765       0x4e build/usart.o
                                0x6fa (size before relaxing)
 .debug_str     0x000017b3       0xe7 build/stm32f3xx_it.o
                                0x754 (size before relaxing)
 .debug_str     0x0000189a       0x29 build/stm32f3xx_hal_msp.o
                                0x1ee (size before relaxing)
 .debug_str     0x000018c3      0x209 build/stm32f3xx_hal_adc.o
                                0x8a3 (size before relaxing)
 .debug_str     0x00001acc      0x609 build/stm32f3xx_hal_adc_ex.o
                                0xee9 (size before relaxing)
 .debug_str     0x000020d5      0x2e8 build/stm32f3xx_hal.o
                                0x83e (size before relaxing)
 .debug_str     0x000023bd      0x206 build/stm32f3xx_hal_rcc.o
                                0x65e (size before relaxing)
 .debug_str     0x000025c3       0xc5 build/stm32f3xx_hal_rcc_ex.o
                                0x455 (size before relaxing)
 .debug_str     0x00002688      0x133 build/stm32f3xx_hal_gpio.o
                                0x483 (size before relaxing)
 .debug_str     0x000027bb      0x20a build/stm32f3xx_hal_dma.o
                                0x5fe (size before relaxing)
 .debug_str     0x000029c5      0x373 build/stm32f3xx_hal_cortex.o
                                0x8cb (size before relaxing)
 .debug_str     0x00002d38      0xda2 build/stm32f3xx_hal_tim.o
                               0x16a7 (size before relaxing)
 .debug_str     0x00003ada      0x490 build/stm32f3xx_hal_tim_ex.o
                                0xee2 (size before relaxing)
 .debug_str     0x00003f6a      0x782 build/stm32f3xx_hal_uart.o
                                0xeb9 (size before relaxing)
 .debug_str     0x000046ec       0x52 build/system_stm32f3xx.o
                                0x2b6 (size before relaxing)
 .debug_str     0x0000473e        0xf build/dma.o
                                0x1e0 (size before relaxing)
 .debug_str     0x0000474d       0x24 build/startup_stm32f303x8.o
                                 0x46 (size before relaxing)

.comment        0x00000000       0x49
 .comment       0x00000000       0x49 build/main.o
                                 0x4a (size before relaxing)
 .comment       0x00000049       0x4a build/gpio.o
 .comment       0x00000049       0x4a build/adc.o
 .comment       0x00000049       0x4a build/tim.o
 .comment       0x00000049       0x4a build/usart.o
 .comment       0x00000049       0x4a build/stm32f3xx_it.o
 .comment       0x00000049       0x4a build/stm32f3xx_hal_msp.o
 .comment       0x00000049       0x4a build/stm32f3xx_hal_adc.o
 .comment       0x00000049       0x4a build/stm32f3xx_hal_adc_ex.o
 .comment       0x00000049       0x4a build/stm32f3xx_hal.o
 .comment       0x00000049       0x4a build/stm32f3xx_hal_rcc.o
 .comment       0x00000049       0x4a build/stm32f3xx_hal_rcc_ex.o
 .comment       0x00000049       0x4a build/stm32f3xx_hal_gpio.o
 .comment       0x00000049       0x4a build/stm32f3xx_hal_dma.o
 .comment       0x00000049       0x4a build/stm32f3xx_hal_cortex.o
 .comment       0x00000049       0x4a build/stm32f3xx_hal_tim.o
 .comment       0x00000049       0x4a build/stm32f3xx_hal_tim_ex.o
 .comment       0x00000049       0x4a build/stm32f3xx_hal_uart.o
 .comment       0x00000049       0x4a build/system_stm32f3xx.o
 .comment       0x00000049       0x4a build/dma.o

.debug_frame    0x00000000     0x31c8
 .debug_frame   0x00000000      0x104 build/main.o
 .debug_frame   0x00000104       0x34 build/gpio.o
 .debug_frame   0x00000138       0x88 build/adc.o
 .debug_frame   0x000001c0       0xcc build/tim.o
 .debug_frame   0x0000028c       0x60 build/usart.o
 .debug_frame   0x000002ec       0xd8 build/stm32f3xx_it.o
 .debug_frame   0x000003c4       0x28 build/stm32f3xx_hal_msp.o
 .debug_frame   0x000003ec      0x170 build/stm32f3xx_hal_adc.o
 .debug_frame   0x0000055c      0x4d0 build/stm32f3xx_hal_adc_ex.o
 .debug_frame   0x00000a2c      0x1cc build/stm32f3xx_hal.o
 .debug_frame   0x00000bf8      0x170 build/stm32f3xx_hal_rcc.o
 .debug_frame   0x00000d68       0x74 build/stm32f3xx_hal_rcc_ex.o
 .debug_frame   0x00000ddc       0xd0 build/stm32f3xx_hal_gpio.o
 .debug_frame   0x00000eac      0x160 build/stm32f3xx_hal_dma.o
 .debug_frame   0x0000100c      0x118 build/stm32f3xx_hal_cortex.o
 .debug_frame   0x00001124      0xb50 build/stm32f3xx_hal_tim.o
 .debug_frame   0x00001c74      0x450 build/stm32f3xx_hal_tim_ex.o
 .debug_frame   0x000020c4      0x600 build/stm32f3xx_hal_uart.o
 .debug_frame   0x000026c4       0x30 build/system_stm32f3xx.o
 .debug_frame   0x000026f4       0x28 build/dma.o
 .debug_frame   0x0000271c       0x2c c:/tools/gcc-arm-none-eabi-10.3-2021.10/bin/../lib/gcc/arm-none-eabi/10.3.1/../../../../arm-none-eabi/lib/thumb/v7e-m+fp/hard\libc_nano.a(lib_a-init.o)
 .debug_frame   0x00002748       0x20 c:/tools/gcc-arm-none-eabi-10.3-2021.10/bin/../lib/gcc/arm-none-eabi/10.3.1/../../../../arm-none-eabi/lib/thumb/v7e-m+fp/hard\libc_nano.a(lib_a-memset.o)
 .debug_frame   0x00002768       0x74 c:/tools/gcc-arm-none-eabi-10.3-2021.10/bin/../lib/gcc/arm-none-eabi/10.3.1/../../../../arm-none-eabi/lib/thumb/v7e-m+fp/hard\libc_nano.a(lib_a-printf.o)
 .debug_frame   0x000027dc      0x14c c:/tools/gcc-arm-none-eabi-10.3-2021.10/bin/../lib/gcc/arm-none-eabi/10.3.1/../../../../arm-none-eabi/lib/thumb/v7e-m+fp/hard\libc_nano.a(lib_a-findfp.o)
 .debug_frame   0x00002928       0x54 c:/tools/gcc-arm-none-eabi-10.3-2021.10/bin/../lib/gcc/arm-none-eabi/10.3.1/../../../../arm-none-eabi/lib/thumb/v7e-m+fp/hard\libc_nano.a(lib_a-fwalk.o)
 .debug_frame   0x0000297c       0xb0 c:/tools/gcc-arm-none-eabi-10.3-2021.10/bin/../lib/gcc/arm-none-eabi/10.3.1/../../../../arm-none-eabi/lib/thumb/v7e-m+fp/hard\libc_nano.a(lib_a-lock.o)
 .debug_frame   0x00002a2c       0x4c c:/tools/gcc-arm-none-eabi-10.3-2021.10/bin/../lib/gcc/arm-none-eabi/10.3.1/../../../../arm-none-eabi/lib/thumb/v7e-m+fp/hard\libc_nano.a(lib_a-nano-mallocr.o)
 .debug_frame   0x00002a78       0xac c:/tools/gcc-arm-none-eabi-10.3-2021.10/bin/../lib/gcc/arm-none-eabi/10.3.1/../../../../arm-none-eabi/lib/thumb/v7e-m+fp/hard\libc_nano.a(lib_a-nano-vfprintf.o)
 .debug_frame   0x00002b24       0x60 c:/tools/gcc-arm-none-eabi-10.3-2021.10/bin/../lib/gcc/arm-none-eabi/10.3.1/../../../../arm-none-eabi/lib/thumb/v7e-m+fp/hard\libc_nano.a(lib_a-nano-vfprintf_i.o)
 .debug_frame   0x00002b84       0x2c c:/tools/gcc-arm-none-eabi-10.3-2021.10/bin/../lib/gcc/arm-none-eabi/10.3.1/../../../../arm-none-eabi/lib/thumb/v7e-m+fp/hard\libc_nano.a(lib_a-sbrkr.o)
 .debug_frame   0x00002bb0       0x88 c:/tools/gcc-arm-none-eabi-10.3-2021.10/bin/../lib/gcc/arm-none-eabi/10.3.1/../../../../arm-none-eabi/lib/thumb/v7e-m+fp/hard\libc_nano.a(lib_a-stdio.o)
 .debug_frame   0x00002c38       0x40 c:/tools/gcc-arm-none-eabi-10.3-2021.10/bin/../lib/gcc/arm-none-eabi/10.3.1/../../../../arm-none-eabi/lib/thumb/v7e-m+fp/hard\libc_nano.a(lib_a-wbuf.o)
 .debug_frame   0x00002c78       0x2c c:/tools/gcc-arm-none-eabi-10.3-2021.10/bin/../lib/gcc/arm-none-eabi/10.3.1/../../../../arm-none-eabi/lib/thumb/v7e-m+fp/hard\libc_nano.a(lib_a-writer.o)
 .debug_frame   0x00002ca4       0x2c c:/tools/gcc-arm-none-eabi-10.3-2021.10/bin/../lib/gcc/arm-none-eabi/10.3.1/../../../../arm-none-eabi/lib/thumb/v7e-m+fp/hard\libc_nano.a(lib_a-wsetup.o)
 .debug_frame   0x00002cd0       0x2c c:/tools/gcc-arm-none-eabi-10.3-2021.10/bin/../lib/gcc/arm-none-eabi/10.3.1/../../../../arm-none-eabi/lib/thumb/v7e-m+fp/hard\libc_nano.a(lib_a-closer.o)
 .debug_frame   0x00002cfc       0x5c c:/tools/gcc-arm-none-eabi-10.3-2021.10/bin/../lib/gcc/arm-none-eabi/10.3.1/../../../../arm-none-eabi/lib/thumb/v7e-m+fp/hard\libc_nano.a(lib_a-fflush.o)
 .debug_frame   0x00002d58       0x2c c:/tools/gcc-arm-none-eabi-10.3-2021.10/bin/../lib/gcc/arm-none-eabi/10.3.1/../../../../arm-none-eabi/lib/thumb/v7e-m+fp/hard\libc_nano.a(lib_a-lseekr.o)
 .debug_frame   0x00002d84       0x58 c:/tools/gcc-arm-none-eabi-10.3-2021.10/bin/../lib/gcc/arm-none-eabi/10.3.1/../../../../arm-none-eabi/lib/thumb/v7e-m+fp/hard\libc_nano.a(lib_a-makebuf.o)
 .debug_frame   0x00002ddc       0x30 c:/tools/gcc-arm-none-eabi-10.3-2021.10/bin/../lib/gcc/arm-none-eabi/10.3.1/../../../../arm-none-eabi/lib/thumb/v7e-m+fp/hard\libc_nano.a(lib_a-mlock.o)
 .debug_frame   0x00002e0c       0x38 c:/tools/gcc-arm-none-eabi-10.3-2021.10/bin/../lib/gcc/arm-none-eabi/10.3.1/../../../../arm-none-eabi/lib/thumb/v7e-m+fp/hard\libc_nano.a(lib_a-nano-freer.o)
 .debug_frame   0x00002e44       0x2c c:/tools/gcc-arm-none-eabi-10.3-2021.10/bin/../lib/gcc/arm-none-eabi/10.3.1/../../../../arm-none-eabi/lib/thumb/v7e-m+fp/hard\libc_nano.a(lib_a-readr.o)
 .debug_frame   0x00002e70       0x5c c:/tools/gcc-arm-none-eabi-10.3-2021.10/bin/../lib/gcc/arm-none-eabi/10.3.1/../../../../arm-none-eabi/lib/thumb/v7e-m+fp/hard\libc_nano.a(lib_a-reent.o)
 .debug_frame   0x00002ecc       0x2c c:/tools/gcc-arm-none-eabi-10.3-2021.10/bin/../lib/gcc/arm-none-eabi/10.3.1/../../../../arm-none-eabi/lib/thumb/v7e-m+fp/hard\libc_nano.a(lib_a-fstatr.o)
 .debug_frame   0x00002ef8       0x2c c:/tools/gcc-arm-none-eabi-10.3-2021.10/bin/../lib/gcc/arm-none-eabi/10.3.1/../../../../arm-none-eabi/lib/thumb/v7e-m+fp/hard\libc_nano.a(lib_a-isattyr.o)
 .debug_frame   0x00002f24       0x20 c:/tools/gcc-arm-none-eabi-10.3-2021.10/bin/../lib/gcc/arm-none-eabi/10.3.1/../../../../arm-none-eabi/lib/thumb/v7e-m+fp/hard\libnosys.a(close.o)
 .debug_frame   0x00002f44       0x20 c:/tools/gcc-arm-none-eabi-10.3-2021.10/bin/../lib/gcc/arm-none-eabi/10.3.1/../../../../arm-none-eabi/lib/thumb/v7e-m+fp/hard\libnosys.a(fstat.o)
 .debug_frame   0x00002f64       0x20 c:/tools/gcc-arm-none-eabi-10.3-2021.10/bin/../lib/gcc/arm-none-eabi/10.3.1/../../../../arm-none-eabi/lib/thumb/v7e-m+fp/hard\libnosys.a(isatty.o)
 .debug_frame   0x00002f84       0x20 c:/tools/gcc-arm-none-eabi-10.3-2021.10/bin/../lib/gcc/arm-none-eabi/10.3.1/../../../../arm-none-eabi/lib/thumb/v7e-m+fp/hard\libnosys.a(lseek.o)
 .debug_frame   0x00002fa4       0x20 c:/tools/gcc-arm-none-eabi-10.3-2021.10/bin/../lib/gcc/arm-none-eabi/10.3.1/../../../../arm-none-eabi/lib/thumb/v7e-m+fp/hard\libnosys.a(read.o)
 .debug_frame   0x00002fc4       0x20 c:/tools/gcc-arm-none-eabi-10.3-2021.10/bin/../lib/gcc/arm-none-eabi/10.3.1/../../../../arm-none-eabi/lib/thumb/v7e-m+fp/hard\libnosys.a(sbrk.o)
 .debug_frame   0x00002fe4       0xac c:/tools/gcc-arm-none-eabi-10.3-2021.10/bin/../lib/gcc/arm-none-eabi/10.3.1/thumb/v7e-m+fp/hard\libgcc.a(_arm_addsubdf3.o)
 .debug_frame   0x00003090       0x50 c:/tools/gcc-arm-none-eabi-10.3-2021.10/bin/../lib/gcc/arm-none-eabi/10.3.1/thumb/v7e-m+fp/hard\libgcc.a(_arm_muldivdf3.o)
 .debug_frame   0x000030e0       0xc4 c:/tools/gcc-arm-none-eabi-10.3-2021.10/bin/../lib/gcc/arm-none-eabi/10.3.1/thumb/v7e-m+fp/hard\libgcc.a(_arm_cmpdf2.o)
 .debug_frame   0x000031a4       0x24 c:/tools/gcc-arm-none-eabi-10.3-2021.10/bin/../lib/gcc/arm-none-eabi/10.3.1/thumb/v7e-m+fp/hard\libgcc.a(_arm_fixdfsi.o)

.stab           0x00000000       0x84
 .stab          0x00000000       0x24 c:/tools/gcc-arm-none-eabi-10.3-2021.10/bin/../lib/gcc/arm-none-eabi/10.3.1/../../../../arm-none-eabi/lib/thumb/v7e-m+fp/hard\libnosys.a(close.o)
 .stab          0x00000024       0x18 c:/tools/gcc-arm-none-eabi-10.3-2021.10/bin/../lib/gcc/arm-none-eabi/10.3.1/../../../../arm-none-eabi/lib/thumb/v7e-m+fp/hard\libnosys.a(fstat.o)
                                 0x24 (size before relaxing)
 .stab          0x0000003c       0x18 c:/tools/gcc-arm-none-eabi-10.3-2021.10/bin/../lib/gcc/arm-none-eabi/10.3.1/../../../../arm-none-eabi/lib/thumb/v7e-m+fp/hard\libnosys.a(isatty.o)
                                 0x24 (size before relaxing)
 .stab          0x00000054       0x18 c:/tools/gcc-arm-none-eabi-10.3-2021.10/bin/../lib/gcc/arm-none-eabi/10.3.1/../../../../arm-none-eabi/lib/thumb/v7e-m+fp/hard\libnosys.a(lseek.o)
                                 0x24 (size before relaxing)
 .stab          0x0000006c       0x18 c:/tools/gcc-arm-none-eabi-10.3-2021.10/bin/../lib/gcc/arm-none-eabi/10.3.1/../../../../arm-none-eabi/lib/thumb/v7e-m+fp/hard\libnosys.a(read.o)
                                 0x24 (size before relaxing)

.stabstr        0x00000000      0x117
 .stabstr       0x00000000      0x117 c:/tools/gcc-arm-none-eabi-10.3-2021.10/bin/../lib/gcc/arm-none-eabi/10.3.1/../../../../arm-none-eabi/lib/thumb/v7e-m+fp/hard\libnosys.a(close.o)

Cross Reference Table

Symbol                                            File
ADC1_2_IRQHandler                                 build/startup_stm32f303x8.o
AHBPrescTable                                     build/system_stm32f3xx.o
                                                  build/stm32f3xx_hal_rcc.o
APBPrescTable                                     build/system_stm32f3xx.o
                                                  build/stm32f3xx_hal_rcc.o
BusFault_Handler                                  build/stm32f3xx_it.o
CAN_RX0_IRQHandler                                build/startup_stm32f303x8.o
CAN_RX1_IRQHandler                                build/startup_stm32f303x8.o
CAN_SCE_IRQHandler                                build/startup_stm32f303x8.o
CAN_TX_IRQHandler                                 build/startup_stm32f303x8.o
COMP2_IRQHandler                                  build/startup_stm32f303x8.o
COMP4_6_IRQHandler                                build/startup_stm32f303x8.o
CommSpeed                                         build/main.o
Curve_Sens                                        build/main.o
Curve_Sensor                                      build/main.o
DGainCLB                                          build/main.o
DMA1_Channel1_IRQHandler                          build/startup_stm32f303x8.o
DMA1_Channel2_IRQHandler                          build/startup_stm32f303x8.o
DMA1_Channel3_IRQHandler                          build/startup_stm32f303x8.o
DMA1_Channel4_IRQHandler                          build/startup_stm32f303x8.o
DMA1_Channel5_IRQHandler                          build/startup_stm32f303x8.o
DMA1_Channel6_IRQHandler                          build/startup_stm32f303x8.o
DMA1_Channel7_IRQHandler                          build/startup_stm32f303x8.o
DebugMon_Handler                                  build/stm32f3xx_it.o
Default_Handler                                   build/startup_stm32f303x8.o
EXTI0_IRQHandler                                  build/startup_stm32f303x8.o
EXTI15_10_IRQHandler                              build/startup_stm32f303x8.o
EXTI1_IRQHandler                                  build/startup_stm32f303x8.o
EXTI2_TSC_IRQHandler                              build/startup_stm32f303x8.o
EXTI3_IRQHandler                                  build/startup_stm32f303x8.o
EXTI4_IRQHandler                                  build/startup_stm32f303x8.o
EXTI9_5_IRQHandler                                build/startup_stm32f303x8.o
ErrFlg                                            build/main.o
Error_Handler                                     build/main.o
                                                  build/usart.o
                                                  build/tim.o
                                                  build/adc.o
FLASH_IRQHandler                                  build/startup_stm32f303x8.o
FLASH_PageErase                                   build/stm32f3xx_hal_flash_ex.o
                                                  build/stm32f3xx_hal_flash.o
FLASH_WaitForLastOperation                        build/stm32f3xx_hal_flash.o
                                                  build/stm32f3xx_hal_flash_ex.o
FPU_IRQHandler                                    build/startup_stm32f303x8.o
HAL_ADCEx_Calibration_GetValue                    build/stm32f3xx_hal_adc_ex.o
HAL_ADCEx_Calibration_SetValue                    build/stm32f3xx_hal_adc_ex.o
HAL_ADCEx_Calibration_Start                       build/stm32f3xx_hal_adc_ex.o
HAL_ADCEx_InjectedConfigChannel                   build/stm32f3xx_hal_adc_ex.o
HAL_ADCEx_InjectedConvCpltCallback                build/stm32f3xx_hal_adc_ex.o
HAL_ADCEx_InjectedGetValue                        build/stm32f3xx_hal_adc_ex.o
HAL_ADCEx_InjectedPollForConversion               build/stm32f3xx_hal_adc_ex.o
HAL_ADCEx_InjectedQueueOverflowCallback           build/stm32f3xx_hal_adc_ex.o
HAL_ADCEx_InjectedStart                           build/stm32f3xx_hal_adc_ex.o
HAL_ADCEx_InjectedStart_IT                        build/stm32f3xx_hal_adc_ex.o
HAL_ADCEx_InjectedStop                            build/stm32f3xx_hal_adc_ex.o
HAL_ADCEx_InjectedStop_IT                         build/stm32f3xx_hal_adc_ex.o
HAL_ADCEx_LevelOutOfWindow2Callback               build/stm32f3xx_hal_adc_ex.o
HAL_ADCEx_LevelOutOfWindow3Callback               build/stm32f3xx_hal_adc_ex.o
HAL_ADCEx_MultiModeConfigChannel                  build/stm32f3xx_hal_adc_ex.o
                                                  build/adc.o
HAL_ADCEx_MultiModeGetValue                       build/stm32f3xx_hal_adc_ex.o
HAL_ADCEx_MultiModeStart_DMA                      build/stm32f3xx_hal_adc_ex.o
HAL_ADCEx_MultiModeStop_DMA                       build/stm32f3xx_hal_adc_ex.o
HAL_ADCEx_RegularMultiModeStop_DMA                build/stm32f3xx_hal_adc_ex.o
HAL_ADCEx_RegularStop                             build/stm32f3xx_hal_adc_ex.o
HAL_ADCEx_RegularStop_DMA                         build/stm32f3xx_hal_adc_ex.o
HAL_ADCEx_RegularStop_IT                          build/stm32f3xx_hal_adc_ex.o
HAL_ADC_AnalogWDGConfig                           build/stm32f3xx_hal_adc_ex.o
                                                  build/stm32f3xx_hal_adc.o
HAL_ADC_ConfigChannel                             build/stm32f3xx_hal_adc_ex.o
                                                  build/stm32f3xx_hal_adc.o
                                                  build/adc.o
HAL_ADC_ConvCpltCallback                          build/stm32f3xx_hal_adc.o
                                                  build/stm32f3xx_hal_adc_ex.o
HAL_ADC_ConvHalfCpltCallback                      build/stm32f3xx_hal_adc.o
                                                  build/stm32f3xx_hal_adc_ex.o
HAL_ADC_DeInit                                    build/stm32f3xx_hal_adc_ex.o
                                                  build/stm32f3xx_hal_adc.o
HAL_ADC_ErrorCallback                             build/stm32f3xx_hal_adc.o
                                                  build/stm32f3xx_hal_adc_ex.o
HAL_ADC_GetError                                  build/stm32f3xx_hal_adc.o
HAL_ADC_GetState                                  build/stm32f3xx_hal_adc.o
HAL_ADC_GetValue                                  build/stm32f3xx_hal_adc_ex.o
                                                  build/stm32f3xx_hal_adc.o
HAL_ADC_IRQHandler                                build/stm32f3xx_hal_adc_ex.o
                                                  build/stm32f3xx_hal_adc.o
HAL_ADC_Init                                      build/stm32f3xx_hal_adc_ex.o
                                                  build/stm32f3xx_hal_adc.o
                                                  build/adc.o
HAL_ADC_LevelOutOfWindowCallback                  build/stm32f3xx_hal_adc.o
                                                  build/stm32f3xx_hal_adc_ex.o
HAL_ADC_MspDeInit                                 build/adc.o
                                                  build/stm32f3xx_hal_adc_ex.o
HAL_ADC_MspInit                                   build/adc.o
                                                  build/stm32f3xx_hal_adc_ex.o
HAL_ADC_PollForConversion                         build/stm32f3xx_hal_adc_ex.o
                                                  build/stm32f3xx_hal_adc.o
HAL_ADC_PollForEvent                              build/stm32f3xx_hal_adc_ex.o
                                                  build/stm32f3xx_hal_adc.o
HAL_ADC_Start                                     build/stm32f3xx_hal_adc_ex.o
                                                  build/stm32f3xx_hal_adc.o
HAL_ADC_Start_DMA                                 build/stm32f3xx_hal_adc_ex.o
                                                  build/stm32f3xx_hal_adc.o
                                                  build/main.o
HAL_ADC_Start_IT                                  build/stm32f3xx_hal_adc_ex.o
                                                  build/stm32f3xx_hal_adc.o
HAL_ADC_Stop                                      build/stm32f3xx_hal_adc_ex.o
                                                  build/stm32f3xx_hal_adc.o
HAL_ADC_Stop_DMA                                  build/stm32f3xx_hal_adc_ex.o
                                                  build/stm32f3xx_hal_adc.o
HAL_ADC_Stop_IT                                   build/stm32f3xx_hal_adc_ex.o
                                                  build/stm32f3xx_hal_adc.o
HAL_DBGMCU_DisableDBGSleepMode                    build/stm32f3xx_hal.o
HAL_DBGMCU_DisableDBGStandbyMode                  build/stm32f3xx_hal.o
HAL_DBGMCU_DisableDBGStopMode                     build/stm32f3xx_hal.o
HAL_DBGMCU_EnableDBGSleepMode                     build/stm32f3xx_hal.o
HAL_DBGMCU_EnableDBGStandbyMode                   build/stm32f3xx_hal.o
HAL_DBGMCU_EnableDBGStopMode                      build/stm32f3xx_hal.o
HAL_DMA_Abort                                     build/stm32f3xx_hal_dma.o
                                                  build/stm32f3xx_hal_uart.o
                                                  build/stm32f3xx_hal_adc_ex.o
HAL_DMA_Abort_IT                                  build/stm32f3xx_hal_dma.o
                                                  build/stm32f3xx_hal_uart.o
                                                  build/stm32f3xx_hal_tim_ex.o
                                                  build/stm32f3xx_hal_tim.o
                                                  build/stm32f3xx_hal_i2c.o
HAL_DMA_DeInit                                    build/stm32f3xx_hal_dma.o
                                                  build/adc.o
HAL_DMA_GetError                                  build/stm32f3xx_hal_dma.o
                                                  build/stm32f3xx_hal_uart.o
HAL_DMA_GetState                                  build/stm32f3xx_hal_dma.o
                                                  build/stm32f3xx_hal_i2c.o
HAL_DMA_IRQHandler                                build/stm32f3xx_hal_dma.o
HAL_DMA_Init                                      build/stm32f3xx_hal_dma.o
                                                  build/adc.o
HAL_DMA_PollForTransfer                           build/stm32f3xx_hal_dma.o
HAL_DMA_RegisterCallback                          build/stm32f3xx_hal_dma.o
HAL_DMA_Start                                     build/stm32f3xx_hal_dma.o
HAL_DMA_Start_IT                                  build/stm32f3xx_hal_dma.o
                                                  build/stm32f3xx_hal_uart.o
                                                  build/stm32f3xx_hal_tim_ex.o
                                                  build/stm32f3xx_hal_tim.o
                                                  build/stm32f3xx_hal_i2c.o
                                                  build/stm32f3xx_hal_adc_ex.o
HAL_DMA_UnRegisterCallback                        build/stm32f3xx_hal_dma.o
HAL_DeInit                                        build/stm32f3xx_hal.o
HAL_Delay                                         build/stm32f3xx_hal.o
HAL_EXTI_ClearConfigLine                          build/stm32f3xx_hal_exti.o
HAL_EXTI_ClearPending                             build/stm32f3xx_hal_exti.o
HAL_EXTI_GenerateSWI                              build/stm32f3xx_hal_exti.o
HAL_EXTI_GetConfigLine                            build/stm32f3xx_hal_exti.o
HAL_EXTI_GetHandle                                build/stm32f3xx_hal_exti.o
HAL_EXTI_GetPending                               build/stm32f3xx_hal_exti.o
HAL_EXTI_IRQHandler                               build/stm32f3xx_hal_exti.o
HAL_EXTI_RegisterCallback                         build/stm32f3xx_hal_exti.o
HAL_EXTI_SetConfigLine                            build/stm32f3xx_hal_exti.o
HAL_FLASHEx_Erase                                 build/stm32f3xx_hal_flash_ex.o
HAL_FLASHEx_Erase_IT                              build/stm32f3xx_hal_flash_ex.o
HAL_FLASHEx_OBErase                               build/stm32f3xx_hal_flash_ex.o
HAL_FLASHEx_OBGetConfig                           build/stm32f3xx_hal_flash_ex.o
HAL_FLASHEx_OBGetUserData                         build/stm32f3xx_hal_flash_ex.o
HAL_FLASHEx_OBProgram                             build/stm32f3xx_hal_flash_ex.o
HAL_FLASH_EndOfOperationCallback                  build/stm32f3xx_hal_flash.o
HAL_FLASH_GetError                                build/stm32f3xx_hal_flash.o
HAL_FLASH_IRQHandler                              build/stm32f3xx_hal_flash.o
HAL_FLASH_Lock                                    build/stm32f3xx_hal_flash.o
HAL_FLASH_OB_Launch                               build/stm32f3xx_hal_flash.o
HAL_FLASH_OB_Lock                                 build/stm32f3xx_hal_flash.o
HAL_FLASH_OB_Unlock                               build/stm32f3xx_hal_flash.o
HAL_FLASH_OperationErrorCallback                  build/stm32f3xx_hal_flash.o
HAL_FLASH_Program                                 build/stm32f3xx_hal_flash.o
HAL_FLASH_Program_IT                              build/stm32f3xx_hal_flash.o
HAL_FLASH_Unlock                                  build/stm32f3xx_hal_flash.o
HAL_GPIO_DeInit                                   build/stm32f3xx_hal_gpio.o